This is pdfTeX, Version 3.141592653-2.6-1.40.24 (TeX Live 2022 - Spack) (preloaded format=pdflatex 2024.9.27)  17 MAY 2026 13:15
entering extended mode
 restricted \write18 enabled.
 %&-line parsing enabled.
**examples_suite_report.tex
(./examples_suite_report.tex
LaTeX2e <2021-11-15> patch level 1
L3 programming layer <2022-02-24>
(/usr/tce/backend/installations/linux-rhel8-x86_64/gcc-10.3.1/texlive-20220321-
5dvbmoj4mr7bmfyzzzstanspbcoex6ij/texmf-dist/tex/latex/base/article.cls
Document Class: article 2021/10/04 v1.4n Standard LaTeX document class

(/usr/tce/backend/installations/linux-rhel8-x86_64/gcc-10.3.1/texlive-20220321-
5dvbmoj4mr7bmfyzzzstanspbcoex6ij/texmf-dist/tex/latex/base/size11.clo
File: size11.clo 2021/10/04 v1.4n Standard LaTeX file (size option)
)
\c@part=\count185
\c@section=\count186
\c@subsection=\count187
\c@subsubsection=\count188
\c@paragraph=\count189
\c@subparagraph=\count190
\c@figure=\count191
\c@table=\count192
\abovecaptionskip=\skip47
\belowcaptionskip=\skip48
\bibindent=\dimen138
)
(/usr/tce/backend/installations/linux-rhel8-x86_64/gcc-10.3.1/texlive-20220321-
5dvbmoj4mr7bmfyzzzstanspbcoex6ij/texmf-dist/tex/latex/geometry/geometry.sty
Package: geometry 2020/01/02 v5.9 Page Geometry

(/usr/tce/backend/installations/linux-rhel8-x86_64/gcc-10.3.1/texlive-20220321-
5dvbmoj4mr7bmfyzzzstanspbcoex6ij/texmf-dist/tex/latex/graphics/keyval.sty
Package: keyval 2014/10/28 v1.15 key=value parser (DPC)
\KV@toks@=\toks16
)
(/usr/tce/backend/installations/linux-rhel8-x86_64/gcc-10.3.1/texlive-20220321-
5dvbmoj4mr7bmfyzzzstanspbcoex6ij/texmf-dist/tex/generic/iftex/ifvtex.sty
Package: ifvtex 2019/10/25 v1.7 ifvtex legacy package. Use iftex instead.

(/usr/tce/backend/installations/linux-rhel8-x86_64/gcc-10.3.1/texlive-20220321-
5dvbmoj4mr7bmfyzzzstanspbcoex6ij/texmf-dist/tex/generic/iftex/iftex.sty
Package: iftex 2022/02/03 v1.0f TeX engine tests
))
\Gm@cnth=\count193
\Gm@cntv=\count194
\c@Gm@tempcnt=\count195
\Gm@bindingoffset=\dimen139
\Gm@wd@mp=\dimen140
\Gm@odd@mp=\dimen141
\Gm@even@mp=\dimen142
\Gm@layoutwidth=\dimen143
\Gm@layoutheight=\dimen144
\Gm@layouthoffset=\dimen145
\Gm@layoutvoffset=\dimen146
\Gm@dimlist=\toks17
)
(/usr/tce/backend/installations/linux-rhel8-x86_64/gcc-10.3.1/texlive-20220321-
5dvbmoj4mr7bmfyzzzstanspbcoex6ij/texmf-dist/tex/latex/graphics/graphicx.sty
Package: graphicx 2021/09/16 v1.2d Enhanced LaTeX Graphics (DPC,SPQR)

(/usr/tce/backend/installations/linux-rhel8-x86_64/gcc-10.3.1/texlive-20220321-
5dvbmoj4mr7bmfyzzzstanspbcoex6ij/texmf-dist/tex/latex/graphics/graphics.sty
Package: graphics 2021/03/04 v1.4d Standard LaTeX Graphics (DPC,SPQR)

(/usr/tce/backend/installations/linux-rhel8-x86_64/gcc-10.3.1/texlive-20220321-
5dvbmoj4mr7bmfyzzzstanspbcoex6ij/texmf-dist/tex/latex/graphics/trig.sty
Package: trig 2021/08/11 v1.11 sin cos tan (DPC)
)
(/usr/tce/backend/installations/linux-rhel8-x86_64/gcc-10.3.1/texlive-20220321-
5dvbmoj4mr7bmfyzzzstanspbcoex6ij/texmf-dist/tex/latex/graphics-cfg/graphics.cfg
File: graphics.cfg 2016/06/04 v1.11 sample graphics configuration
)
Package graphics Info: Driver file: pdftex.def on input line 107.

(/usr/tce/backend/installations/linux-rhel8-x86_64/gcc-10.3.1/texlive-20220321-
5dvbmoj4mr7bmfyzzzstanspbcoex6ij/texmf-dist/tex/latex/graphics-def/pdftex.def
File: pdftex.def 2020/10/05 v1.2a Graphics/color driver for pdftex
))
\Gin@req@height=\dimen147
\Gin@req@width=\dimen148
)
(/usr/tce/backend/installations/linux-rhel8-x86_64/gcc-10.3.1/texlive-20220321-
5dvbmoj4mr7bmfyzzzstanspbcoex6ij/texmf-dist/tex/latex/float/float.sty
Package: float 2001/11/08 v1.3d Float enhancements (AL)
\c@float@type=\count196
\float@exts=\toks18
\float@box=\box50
\@float@everytoks=\toks19
\@floatcapt=\box51
)
(/usr/tce/backend/installations/linux-rhel8-x86_64/gcc-10.3.1/texlive-20220321-
5dvbmoj4mr7bmfyzzzstanspbcoex6ij/texmf-dist/tex/latex/booktabs/booktabs.sty
Package: booktabs 2020/01/12 v1.61803398 Publication quality tables
\heavyrulewidth=\dimen149
\lightrulewidth=\dimen150
\cmidrulewidth=\dimen151
\belowrulesep=\dimen152
\belowbottomsep=\dimen153
\aboverulesep=\dimen154
\abovetopsep=\dimen155
\cmidrulesep=\dimen156
\cmidrulekern=\dimen157
\defaultaddspace=\dimen158
\@cmidla=\count197
\@cmidlb=\count198
\@aboverulesep=\dimen159
\@belowrulesep=\dimen160
\@thisruleclass=\count199
\@lastruleclass=\count266
\@thisrulewidth=\dimen161
)
(/usr/tce/backend/installations/linux-rhel8-x86_64/gcc-10.3.1/texlive-20220321-
5dvbmoj4mr7bmfyzzzstanspbcoex6ij/texmf-dist/tex/latex/graphics/rotating.sty
Package: rotating 2016/08/11 v2.16d rotated objects in LaTeX

(/usr/tce/backend/installations/linux-rhel8-x86_64/gcc-10.3.1/texlive-20220321-
5dvbmoj4mr7bmfyzzzstanspbcoex6ij/texmf-dist/tex/latex/base/ifthen.sty
Package: ifthen 2020/11/24 v1.1c Standard LaTeX ifthen package (DPC)
)
\c@r@tfl@t=\count267
\rotFPtop=\skip49
\rotFPbot=\skip50
\rot@float@box=\box52
\rot@mess@toks=\toks20
)
(/usr/tce/backend/installations/linux-rhel8-x86_64/gcc-10.3.1/texlive-20220321-
5dvbmoj4mr7bmfyzzzstanspbcoex6ij/texmf-dist/tex/latex/l3backend/l3backend-pdfte
x.def
File: l3backend-pdftex.def 2022-02-07 L3 backend support: PDF output (pdfTeX)
\l__color_backend_stack_int=\count268
\l__pdf_internal_box=\box53
) (./examples_suite_report.aux)
\openout1 = `examples_suite_report.aux'.

LaTeX Font Info:    Checking defaults for OML/cmm/m/it on input line 9.
LaTeX Font Info:    ... okay on input line 9.
LaTeX Font Info:    Checking defaults for OMS/cmsy/m/n on input line 9.
LaTeX Font Info:    ... okay on input line 9.
LaTeX Font Info:    Checking defaults for OT1/cmr/m/n on input line 9.
LaTeX Font Info:    ... okay on input line 9.
LaTeX Font Info:    Checking defaults for T1/cmr/m/n on input line 9.
LaTeX Font Info:    ... okay on input line 9.
LaTeX Font Info:    Checking defaults for TS1/cmr/m/n on input line 9.
LaTeX Font Info:    ... okay on input line 9.
LaTeX Font Info:    Checking defaults for OMX/cmex/m/n on input line 9.
LaTeX Font Info:    ... okay on input line 9.
LaTeX Font Info:    Checking defaults for U/cmr/m/n on input line 9.
LaTeX Font Info:    ... okay on input line 9.

*geometry* driver: auto-detecting
*geometry* detected driver: pdftex
*geometry* verbose mode - [ preamble ] result:
* driver: pdftex
* paper: <default>
* layout: <same size as paper>
* layoutoffset:(h,v)=(0.0pt,0.0pt)
* modes: 
* h-part:(L,W,R)=(54.2025pt, 505.89pt, 54.2025pt)
* v-part:(T,H,B)=(54.2025pt, 686.56499pt, 54.2025pt)
* \paperwidth=614.295pt
* \paperheight=794.96999pt
* \textwidth=505.89pt
* \textheight=686.56499pt
* \oddsidemargin=-18.06749pt
* \evensidemargin=-18.06749pt
* \topmargin=-55.06749pt
* \headheight=12.0pt
* \headsep=25.0pt
* \topskip=11.0pt
* \footskip=30.0pt
* \marginparwidth=59.0pt
* \marginparsep=10.0pt
* \columnsep=10.0pt
* \skip\footins=10.0pt plus 4.0pt minus 2.0pt
* \hoffset=0.0pt
* \voffset=0.0pt
* \mag=1000
* \@twocolumnfalse
* \@twosidefalse
* \@mparswitchfalse
* \@reversemarginfalse
* (1in=72.27pt=25.4mm, 1cm=28.453pt)


(/usr/tce/backend/installations/linux-rhel8-x86_64/gcc-10.3.1/texlive-20220321-
5dvbmoj4mr7bmfyzzzstanspbcoex6ij/texmf-dist/tex/context/base/mkii/supp-pdf.mkii
[Loading MPS to PDF converter (version 2006.09.02).]
\scratchcounter=\count269
\scratchdimen=\dimen162
\scratchbox=\box54
\nofMPsegments=\count270
\nofMParguments=\count271
\everyMPshowfont=\toks21
\MPscratchCnt=\count272
\MPscratchDim=\dimen163
\MPnumerator=\count273
\makeMPintoPDFobject=\count274
\everyMPtoPDFconversion=\toks22
)
(/usr/tce/backend/installations/linux-rhel8-x86_64/gcc-10.3.1/texlive-20220321-
5dvbmoj4mr7bmfyzzzstanspbcoex6ij/texmf-dist/tex/latex/epstopdf-pkg/epstopdf-bas
e.sty
Package: epstopdf-base 2020-01-24 v2.11 Base part for package epstopdf
Package epstopdf-base Info: Redefining graphics rule for `.eps' on input line 4
85.

(/usr/tce/backend/installations/linux-rhel8-x86_64/gcc-10.3.1/texlive-20220321-
5dvbmoj4mr7bmfyzzzstanspbcoex6ij/texmf-dist/tex/latex/latexconfig/epstopdf-sys.
cfg
File: epstopdf-sys.cfg 2010/07/13 v1.3 Configuration of (r)epstopdf for TeX Liv
e
))
LaTeX Font Info:    External font `cmex10' loaded for size
(Font)              <12> on input line 13.
LaTeX Font Info:    External font `cmex10' loaded for size
(Font)              <8> on input line 13.
LaTeX Font Info:    External font `cmex10' loaded for size
(Font)              <6> on input line 13.
LaTeX Font Info:    External font `cmex10' loaded for size
(Font)              <5> on input line 27.
 [1

{/usr/tce/backend/installations/linux-rhel8-x86_64/gcc-10.3.1/texlive-20220321-
5dvbmoj4mr7bmfyzzzstanspbcoex6ij/texmf-dist/fonts/map/pdftex/updmap/pdftex.map}
]
LaTeX Font Info:    External font `cmex10' loaded for size
(Font)              <10.95> on input line 53.
 [2

] (./examples_suite_report.aux) ) 
Here is how much of TeX's memory you used:
 2143 strings out of 478268
 39331 string characters out of 5754030
 332345 words of memory out of 5000000
 20360 multiletter control sequences out of 15000+600000
 474632 words of font info for 46 fonts, out of 8000000 for 9000
 1141 hyphenation exceptions out of 8191
 55i,10n,62p,420b,208s stack positions out of 10000i,1000n,20000p,200000b,200000s
{/usr/tce/backend/installations/linux-rhel8-x8
6_64/gcc-10.3.1/texlive-20220321-5dvbmoj4mr7bmfyzzzstanspbcoex6ij/texmf-dist/fo
nts/enc/dvips/cm-super/cm-super-ts1.enc}</usr/tce/backend/installations/linux-r
hel8-x86_64/gcc-10.3.1/texlive-20220321-5dvbmoj4mr7bmfyzzzstanspbcoex6ij/texmf-
dist/fonts/type1/public/amsfonts/cm/cmbx10.pfb></usr/tce/backend/installations/
linux-rhel8-x86_64/gcc-10.3.1/texlive-20220321-5dvbmoj4mr7bmfyzzzstanspbcoex6ij
/texmf-dist/fonts/type1/public/amsfonts/cm/cmbx12.pfb></usr/tce/backend/install
ations/linux-rhel8-x86_64/gcc-10.3.1/texlive-20220321-5dvbmoj4mr7bmfyzzzstanspb
coex6ij/texmf-dist/fonts/type1/public/amsfonts/cm/cmr10.pfb></usr/tce/backend/i
nstallations/linux-rhel8-x86_64/gcc-10.3.1/texlive-20220321-5dvbmoj4mr7bmfyzzzs
tanspbcoex6ij/texmf-dist/fonts/type1/public/amsfonts/cm/cmr12.pfb></usr/tce/bac
kend/installations/linux-rhel8-x86_64/gcc-10.3.1/texlive-20220321-5dvbmoj4mr7bm
fyzzzstanspbcoex6ij/texmf-dist/fonts/type1/public/amsfonts/cm/cmr17.pfb></usr/t
ce/backend/installations/linux-rhel8-x86_64/gcc-10.3.1/texlive-20220321-5dvbmoj
4mr7bmfyzzzstanspbcoex6ij/texmf-dist/fonts/type1/public/amsfonts/cm/cmr8.pfb></
usr/tce/backend/installations/linux-rhel8-x86_64/gcc-10.3.1/texlive-20220321-5d
vbmoj4mr7bmfyzzzstanspbcoex6ij/texmf-dist/fonts/type1/public/amsfonts/cm/cmtt10
.pfb></usr/tce/backend/installations/linux-rhel8-x86_64/gcc-10.3.1/texlive-2022
0321-5dvbmoj4mr7bmfyzzzstanspbcoex6ij/texmf-dist/fonts/type1/public/amsfonts/la
txfont/lcircle1.pfb></usr/tce/backend/installations/linux-rhel8-x86_64/gcc-10.3
.1/texlive-20220321-5dvbmoj4mr7bmfyzzzstanspbcoex6ij/texmf-dist/fonts/type1/pub
lic/amsfonts/latxfont/line10.pfb></usr/tce/backend/installations/linux-rhel8-x8
6_64/gcc-10.3.1/texlive-20220321-5dvbmoj4mr7bmfyzzzstanspbcoex6ij/texmf-dist/fo
nts/type1/public/cm-super/sfrm1095.pfb>
Output written on examples_suite_report.pdf (2 pages, 114531 bytes).
PDF statistics:
 62 PDF objects out of 1000 (max. 8388607)
 37 compressed objects within 1 object stream
 0 named destinations out of 1000 (max. 500000)
 1 words of extra memory for PDF output out of 10000 (max. 10000000)

