This is pdfTeX, Version 3.141592653-2.6-1.40.24 (TeX Live 2022 - Spack) (preloaded format=pdflatex)
 restricted \write18 enabled.
entering extended mode
(./verification_suite_report.tex
LaTeX2e <2021-11-15> patch level 1
L3 programming layer <2022-02-24>
(/usr/tce/backend/installations/linux-rhel8-x86_64/gcc-10.3.1/texlive-20220321-
5dvbmoj4mr7bmfyzzzstanspbcoex6ij/texmf-dist/tex/latex/base/article.cls
Document Class: article 2021/10/04 v1.4n Standard LaTeX document class

(/usr/tce/backend/installations/linux-rhel8-x86_64/gcc-10.3.1/texlive-20220321-
5dvbmoj4mr7bmfyzzzstanspbcoex6ij/texmf-dist/tex/latex/base/size10.clo))
(/usr/tce/backend/installations/linux-rhel8-x86_64/gcc-10.3.1/texlive-20220321-
5dvbmoj4mr7bmfyzzzstanspbcoex6ij/texmf-dist/tex/latex/geometry/geometry.sty
(/usr/tce/backend/installations/linux-rhel8-x86_64/gcc-10.3.1/texlive-20220321-
5dvbmoj4mr7bmfyzzzstanspbcoex6ij/texmf-dist/tex/latex/graphics/keyval.sty)
(/usr/tce/backend/installations/linux-rhel8-x86_64/gcc-10.3.1/texlive-20220321-
5dvbmoj4mr7bmfyzzzstanspbcoex6ij/texmf-dist/tex/generic/iftex/ifvtex.sty
(/usr/tce/backend/installations/linux-rhel8-x86_64/gcc-10.3.1/texlive-20220321-
5dvbmoj4mr7bmfyzzzstanspbcoex6ij/texmf-dist/tex/generic/iftex/iftex.sty)))
(/usr/tce/backend/installations/linux-rhel8-x86_64/gcc-10.3.1/texlive-20220321-
5dvbmoj4mr7bmfyzzzstanspbcoex6ij/texmf-dist/tex/latex/graphics/graphicx.sty
(/usr/tce/backend/installations/linux-rhel8-x86_64/gcc-10.3.1/texlive-20220321-
5dvbmoj4mr7bmfyzzzstanspbcoex6ij/texmf-dist/tex/latex/graphics/graphics.sty
(/usr/tce/backend/installations/linux-rhel8-x86_64/gcc-10.3.1/texlive-20220321-
5dvbmoj4mr7bmfyzzzstanspbcoex6ij/texmf-dist/tex/latex/graphics/trig.sty)
(/usr/tce/backend/installations/linux-rhel8-x86_64/gcc-10.3.1/texlive-20220321-
5dvbmoj4mr7bmfyzzzstanspbcoex6ij/texmf-dist/tex/latex/graphics-cfg/graphics.cfg
)
(/usr/tce/backend/installations/linux-rhel8-x86_64/gcc-10.3.1/texlive-20220321-
5dvbmoj4mr7bmfyzzzstanspbcoex6ij/texmf-dist/tex/latex/graphics-def/pdftex.def))
)
(/usr/tce/backend/installations/linux-rhel8-x86_64/gcc-10.3.1/texlive-20220321-
5dvbmoj4mr7bmfyzzzstanspbcoex6ij/texmf-dist/tex/latex/booktabs/booktabs.sty)
(/usr/tce/backend/installations/linux-rhel8-x86_64/gcc-10.3.1/texlive-20220321-
5dvbmoj4mr7bmfyzzzstanspbcoex6ij/texmf-dist/tex/latex/tools/longtable.sty)
(/usr/tce/backend/installations/linux-rhel8-x86_64/gcc-10.3.1/texlive-20220321-
5dvbmoj4mr7bmfyzzzstanspbcoex6ij/texmf-dist/tex/latex/tools/array.sty)
(/usr/tce/backend/installations/linux-rhel8-x86_64/gcc-10.3.1/texlive-20220321-
5dvbmoj4mr7bmfyzzzstanspbcoex6ij/texmf-dist/tex/latex/float/float.sty)
(/usr/tce/backend/installations/linux-rhel8-x86_64/gcc-10.3.1/texlive-20220321-
5dvbmoj4mr7bmfyzzzstanspbcoex6ij/texmf-dist/tex/latex/xcolor/xcolor.sty
(/usr/tce/backend/installations/linux-rhel8-x86_64/gcc-10.3.1/texlive-20220321-
5dvbmoj4mr7bmfyzzzstanspbcoex6ij/texmf-dist/tex/latex/graphics-cfg/color.cfg))
(/usr/tce/backend/installations/linux-rhel8-x86_64/gcc-10.3.1/texlive-20220321-
5dvbmoj4mr7bmfyzzzstanspbcoex6ij/texmf-dist/tex/latex/pdflscape/pdflscape.sty
(/usr/tce/backend/installations/linux-rhel8-x86_64/gcc-10.3.1/texlive-20220321-
5dvbmoj4mr7bmfyzzzstanspbcoex6ij/texmf-dist/tex/latex/graphics/lscape.sty))
(/usr/tce/backend/installations/linux-rhel8-x86_64/gcc-10.3.1/texlive-20220321-
5dvbmoj4mr7bmfyzzzstanspbcoex6ij/texmf-dist/tex/latex/listings/listings.sty
(/usr/tce/backend/installations/linux-rhel8-x86_64/gcc-10.3.1/texlive-20220321-
5dvbmoj4mr7bmfyzzzstanspbcoex6ij/texmf-dist/tex/latex/listings/lstmisc.sty)
(/usr/tce/backend/installations/linux-rhel8-x86_64/gcc-10.3.1/texlive-20220321-
5dvbmoj4mr7bmfyzzzstanspbcoex6ij/texmf-dist/tex/latex/listings/listings.cfg))
(/usr/tce/backend/installations/linux-rhel8-x86_64/gcc-10.3.1/texlive-20220321-
5dvbmoj4mr7bmfyzzzstanspbcoex6ij/texmf-dist/tex/latex/hyperref/hyperref.sty
(/usr/tce/backend/installations/linux-rhel8-x86_64/gcc-10.3.1/texlive-20220321-
5dvbmoj4mr7bmfyzzzstanspbcoex6ij/texmf-dist/tex/generic/ltxcmds/ltxcmds.sty)
(/usr/tce/backend/installations/linux-rhel8-x86_64/gcc-10.3.1/texlive-20220321-
5dvbmoj4mr7bmfyzzzstanspbcoex6ij/texmf-dist/tex/generic/pdftexcmds/pdftexcmds.s
ty
(/usr/tce/backend/installations/linux-rhel8-x86_64/gcc-10.3.1/texlive-20220321-
5dvbmoj4mr7bmfyzzzstanspbcoex6ij/texmf-dist/tex/generic/infwarerr/infwarerr.sty
))
(/usr/tce/backend/installations/linux-rhel8-x86_64/gcc-10.3.1/texlive-20220321-
5dvbmoj4mr7bmfyzzzstanspbcoex6ij/texmf-dist/tex/generic/kvsetkeys/kvsetkeys.sty
)
(/usr/tce/backend/installations/linux-rhel8-x86_64/gcc-10.3.1/texlive-20220321-
5dvbmoj4mr7bmfyzzzstanspbcoex6ij/texmf-dist/tex/generic/kvdefinekeys/kvdefineke
ys.sty)
(/usr/tce/backend/installations/linux-rhel8-x86_64/gcc-10.3.1/texlive-20220321-
5dvbmoj4mr7bmfyzzzstanspbcoex6ij/texmf-dist/tex/generic/pdfescape/pdfescape.sty
)
(/usr/tce/backend/installations/linux-rhel8-x86_64/gcc-10.3.1/texlive-20220321-
5dvbmoj4mr7bmfyzzzstanspbcoex6ij/texmf-dist/tex/latex/hycolor/hycolor.sty)
(/usr/tce/backend/installations/linux-rhel8-x86_64/gcc-10.3.1/texlive-20220321-
5dvbmoj4mr7bmfyzzzstanspbcoex6ij/texmf-dist/tex/latex/letltxmacro/letltxmacro.s
ty)
(/usr/tce/backend/installations/linux-rhel8-x86_64/gcc-10.3.1/texlive-20220321-
5dvbmoj4mr7bmfyzzzstanspbcoex6ij/texmf-dist/tex/latex/auxhook/auxhook.sty)
(/usr/tce/backend/installations/linux-rhel8-x86_64/gcc-10.3.1/texlive-20220321-
5dvbmoj4mr7bmfyzzzstanspbcoex6ij/texmf-dist/tex/latex/kvoptions/kvoptions.sty)
(/usr/tce/backend/installations/linux-rhel8-x86_64/gcc-10.3.1/texlive-20220321-
5dvbmoj4mr7bmfyzzzstanspbcoex6ij/texmf-dist/tex/latex/hyperref/pd1enc.def)
(/usr/tce/backend/installations/linux-rhel8-x86_64/gcc-10.3.1/texlive-20220321-
5dvbmoj4mr7bmfyzzzstanspbcoex6ij/texmf-dist/tex/generic/intcalc/intcalc.sty)
(/usr/tce/backend/installations/linux-rhel8-x86_64/gcc-10.3.1/texlive-20220321-
5dvbmoj4mr7bmfyzzzstanspbcoex6ij/texmf-dist/tex/generic/etexcmds/etexcmds.sty)
(/usr/tce/backend/installations/linux-rhel8-x86_64/gcc-10.3.1/texlive-20220321-
5dvbmoj4mr7bmfyzzzstanspbcoex6ij/texmf-dist/tex/latex/hyperref/puenc.def)
(/usr/tce/backend/installations/linux-rhel8-x86_64/gcc-10.3.1/texlive-20220321-
5dvbmoj4mr7bmfyzzzstanspbcoex6ij/texmf-dist/tex/latex/url/url.sty)
(/usr/tce/backend/installations/linux-rhel8-x86_64/gcc-10.3.1/texlive-20220321-
5dvbmoj4mr7bmfyzzzstanspbcoex6ij/texmf-dist/tex/generic/bitset/bitset.sty
(/usr/tce/backend/installations/linux-rhel8-x86_64/gcc-10.3.1/texlive-20220321-
5dvbmoj4mr7bmfyzzzstanspbcoex6ij/texmf-dist/tex/generic/bigintcalc/bigintcalc.s
ty))
(/usr/tce/backend/installations/linux-rhel8-x86_64/gcc-10.3.1/texlive-20220321-
5dvbmoj4mr7bmfyzzzstanspbcoex6ij/texmf-dist/tex/latex/base/atbegshi-ltx.sty))
(/usr/tce/backend/installations/linux-rhel8-x86_64/gcc-10.3.1/texlive-20220321-
5dvbmoj4mr7bmfyzzzstanspbcoex6ij/texmf-dist/tex/latex/hyperref/hpdftex.def
(/usr/tce/backend/installations/linux-rhel8-x86_64/gcc-10.3.1/texlive-20220321-
5dvbmoj4mr7bmfyzzzstanspbcoex6ij/texmf-dist/tex/latex/base/atveryend-ltx.sty)
(/usr/tce/backend/installations/linux-rhel8-x86_64/gcc-10.3.1/texlive-20220321-
5dvbmoj4mr7bmfyzzzstanspbcoex6ij/texmf-dist/tex/latex/rerunfilecheck/rerunfilec
heck.sty
(/usr/tce/backend/installations/linux-rhel8-x86_64/gcc-10.3.1/texlive-20220321-
5dvbmoj4mr7bmfyzzzstanspbcoex6ij/texmf-dist/tex/generic/uniquecounter/uniquecou
nter.sty)))
(/usr/tce/backend/installations/linux-rhel8-x86_64/gcc-10.3.1/texlive-20220321-
5dvbmoj4mr7bmfyzzzstanspbcoex6ij/texmf-dist/tex/latex/l3backend/l3backend-pdfte
x.def) (./verification_suite_report.aux)
*geometry* driver: auto-detecting
*geometry* detected driver: pdftex

(/usr/tce/backend/installations/linux-rhel8-x86_64/gcc-10.3.1/texlive-20220321-
5dvbmoj4mr7bmfyzzzstanspbcoex6ij/texmf-dist/tex/context/base/mkii/supp-pdf.mkii
[Loading MPS to PDF converter (version 2006.09.02).]
)
(/usr/tce/backend/installations/linux-rhel8-x86_64/gcc-10.3.1/texlive-20220321-
5dvbmoj4mr7bmfyzzzstanspbcoex6ij/texmf-dist/tex/latex/epstopdf-pkg/epstopdf-bas
e.sty
(/usr/tce/backend/installations/linux-rhel8-x86_64/gcc-10.3.1/texlive-20220321-
5dvbmoj4mr7bmfyzzzstanspbcoex6ij/texmf-dist/tex/latex/latexconfig/epstopdf-sys.
cfg))
(/usr/tce/backend/installations/linux-rhel8-x86_64/gcc-10.3.1/texlive-20220321-
5dvbmoj4mr7bmfyzzzstanspbcoex6ij/texmf-dist/tex/latex/hyperref/nameref.sty
(/usr/tce/backend/installations/linux-rhel8-x86_64/gcc-10.3.1/texlive-20220321-
5dvbmoj4mr7bmfyzzzstanspbcoex6ij/texmf-dist/tex/latex/refcount/refcount.sty)
(/usr/tce/backend/installations/linux-rhel8-x86_64/gcc-10.3.1/texlive-20220321-
5dvbmoj4mr7bmfyzzzstanspbcoex6ij/texmf-dist/tex/generic/gettitlestring/gettitle
string.sty)) (./verification_suite_report.out) (./verification_suite_report.out
) (./verification_suite_report.toc) [1{/usr/tce/backend/installations/linux-rhe
l8-x86_64/gcc-10.3.1/texlive-20220321-5dvbmoj4mr7bmfyzzzstanspbcoex6ij/texmf-di
st/fonts/map/pdftex/updmap/pdftex.map}] [2]
Overfull \hbox (14.37035pt too wide) in alignment at lines 32--33
 [] [] [] [] [] [] [] [] 

Overfull \hbox (14.37035pt too wide) in alignment at lines 33--36
 [] [] [] [] [] [] [] [] 
[3] [4]
Overfull \hbox (38.77998pt too wide) in paragraph at lines 71--71
[]|\OT1/cmr/m/n/7 plotReactions[]geomechanicsBuckling.py| 

Underfull \hbox (badness 1509) in paragraph at lines 71--72
[]|\OT1/cmr/m/n/7 scaling by solid vol-ume frac-tion or

Underfull \hbox (badness 4752) in paragraph at lines 71--72
\OT1/cmr/m/n/7 poros-ity; stress/s-train in-vari-ant or

Overfull \hbox (28.43271pt too wide) in paragraph at lines 72--72
[]|\OT1/cmr/m/n/7 plotReactions[]geomechanicsDemo.py| 

Underfull \hbox (badness 1509) in paragraph at lines 72--73
[]|\OT1/cmr/m/n/7 scaling by solid vol-ume frac-tion or

Underfull \hbox (badness 4752) in paragraph at lines 72--73
\OT1/cmr/m/n/7 poros-ity; stress/s-train in-vari-ant or

Overfull \hbox (26.12717pt too wide) in paragraph at lines 73--73
[]|\OT1/cmr/m/n/7 plotReactions[]geomechanicsHYD.py| 

Underfull \hbox (badness 1509) in paragraph at lines 73--74
[]|\OT1/cmr/m/n/7 scaling by solid vol-ume frac-tion or

Underfull \hbox (badness 4752) in paragraph at lines 73--74
\OT1/cmr/m/n/7 poros-ity; stress/s-train in-vari-ant or

Overfull \hbox (44.33559pt too wide) in paragraph at lines 74--74
[]|\OT1/cmr/m/n/7 plotReactions[]geomechanicsHYDcreep.py| 

Overfull \hbox (25.40492pt too wide) in paragraph at lines 75--75
[]|\OT1/cmr/m/n/7 plotReactions[]geomechanicsTXC.py| 

Overfull \hbox (43.61334pt too wide) in paragraph at lines 76--76
[]|\OT1/cmr/m/n/7 plotReactions[]geomechanicsTXCcreep.py| 

Overfull \hbox (35.17024pt too wide) in paragraph at lines 77--77
[]|\OT1/cmr/m/n/7 plotReactions[]geomechanicsTension.py| 

Overfull \hbox (77.97461pt too wide) in paragraph at lines 78--78
[]|\OT1/cmr/m/n/7 plotReactions[]geomechanicsUnconfinedBuckling.py| 

Underfull \hbox (badness 1509) in paragraph at lines 78--79
[]|\OT1/cmr/m/n/7 scaling by solid vol-ume frac-tion or

Underfull \hbox (badness 4752) in paragraph at lines 78--79
\OT1/cmr/m/n/7 poros-ity; stress/s-train in-vari-ant or
[5 <./schematics/geomechanics__geoModel_FTable_schematic.png>] [6]
(./verification_suite_report.aux)

Package rerunfilecheck Warning: File `verification_suite_report.out' has change
d.
(rerunfilecheck)                Rerun to get outlines right
(rerunfilecheck)                or use package `bookmark'.

 )
(see the transcript file for additional information)
pdfTeX warning (dest): name{subsection.4.3} has been referenced but does not ex
ist, replaced by a fixed one


pdfTeX warning (dest): name{subsection.4.2} has been referenced but does not ex
ist, replaced by a fixed one


pdfTeX warning (dest): name{subsection.3.3} has been referenced but does not ex
ist, replaced by a fixed one


pdfTeX warning (dest): name{subsection.3.2} has been referenced but does not ex
ist, replaced by a fixed one

{/usr/tce/backend/installations/linux-rhel8-x86_64/gcc-10.3.1/texlive-20220321-
5dvbmoj4mr7bmfyzzzstanspbcoex6ij/texmf-dist/fonts/enc/dvips/cm-super/cm-super-t
s1.enc}</usr/tce/backend/installations/linux-rhel8-x86_64/gcc-10.3.1/texlive-20
220321-5dvbmoj4mr7bmfyzzzstanspbcoex6ij/texmf-dist/fonts/type1/public/amsfonts/
cm/cmbx10.pfb></usr/tce/backend/installations/linux-rhel8-x86_64/gcc-10.3.1/tex
live-20220321-5dvbmoj4mr7bmfyzzzstanspbcoex6ij/texmf-dist/fonts/type1/public/am
sfonts/cm/cmbx12.pfb></usr/tce/backend/installations/linux-rhel8-x86_64/gcc-10.
3.1/texlive-20220321-5dvbmoj4mr7bmfyzzzstanspbcoex6ij/texmf-dist/fonts/type1/pu
blic/amsfonts/cm/cmr10.pfb></usr/tce/backend/installations/linux-rhel8-x86_64/g
cc-10.3.1/texlive-20220321-5dvbmoj4mr7bmfyzzzstanspbcoex6ij/texmf-dist/fonts/ty
pe1/public/amsfonts/cm/cmr12.pfb></usr/tce/backend/installations/linux-rhel8-x8
6_64/gcc-10.3.1/texlive-20220321-5dvbmoj4mr7bmfyzzzstanspbcoex6ij/texmf-dist/fo
nts/type1/public/amsfonts/cm/cmr17.pfb></usr/tce/backend/installations/linux-rh
el8-x86_64/gcc-10.3.1/texlive-20220321-5dvbmoj4mr7bmfyzzzstanspbcoex6ij/texmf-d
ist/fonts/type1/public/amsfonts/cm/cmr5.pfb></usr/tce/backend/installations/lin
ux-rhel8-x86_64/gcc-10.3.1/texlive-20220321-5dvbmoj4mr7bmfyzzzstanspbcoex6ij/te
xmf-dist/fonts/type1/public/amsfonts/cm/cmr7.pfb></usr/tce/backend/installation
s/linux-rhel8-x86_64/gcc-10.3.1/texlive-20220321-5dvbmoj4mr7bmfyzzzstanspbcoex6
ij/texmf-dist/fonts/type1/public/amsfonts/cm/cmtt10.pfb></usr/tce/backend/insta
llations/linux-rhel8-x86_64/gcc-10.3.1/texlive-20220321-5dvbmoj4mr7bmfyzzzstans
pbcoex6ij/texmf-dist/fonts/type1/public/amsfonts/cm/cmtt8.pfb></usr/tce/backend
/installations/linux-rhel8-x86_64/gcc-10.3.1/texlive-20220321-5dvbmoj4mr7bmfyzz
zstanspbcoex6ij/texmf-dist/fonts/type1/public/cm-super/sfrm1000.pfb>
Output written on verification_suite_report.pdf (6 pages, 169553 bytes).
Transcript written on verification_suite_report.log.

This is pdfTeX, Version 3.141592653-2.6-1.40.24 (TeX Live 2022 - Spack) (preloaded format=pdflatex)
 restricted \write18 enabled.
entering extended mode
(./verification_suite_report.tex
LaTeX2e <2021-11-15> patch level 1
L3 programming layer <2022-02-24>
(/usr/tce/backend/installations/linux-rhel8-x86_64/gcc-10.3.1/texlive-20220321-
5dvbmoj4mr7bmfyzzzstanspbcoex6ij/texmf-dist/tex/latex/base/article.cls
Document Class: article 2021/10/04 v1.4n Standard LaTeX document class

(/usr/tce/backend/installations/linux-rhel8-x86_64/gcc-10.3.1/texlive-20220321-
5dvbmoj4mr7bmfyzzzstanspbcoex6ij/texmf-dist/tex/latex/base/size10.clo))
(/usr/tce/backend/installations/linux-rhel8-x86_64/gcc-10.3.1/texlive-20220321-
5dvbmoj4mr7bmfyzzzstanspbcoex6ij/texmf-dist/tex/latex/geometry/geometry.sty
(/usr/tce/backend/installations/linux-rhel8-x86_64/gcc-10.3.1/texlive-20220321-
5dvbmoj4mr7bmfyzzzstanspbcoex6ij/texmf-dist/tex/latex/graphics/keyval.sty)
(/usr/tce/backend/installations/linux-rhel8-x86_64/gcc-10.3.1/texlive-20220321-
5dvbmoj4mr7bmfyzzzstanspbcoex6ij/texmf-dist/tex/generic/iftex/ifvtex.sty
(/usr/tce/backend/installations/linux-rhel8-x86_64/gcc-10.3.1/texlive-20220321-
5dvbmoj4mr7bmfyzzzstanspbcoex6ij/texmf-dist/tex/generic/iftex/iftex.sty)))
(/usr/tce/backend/installations/linux-rhel8-x86_64/gcc-10.3.1/texlive-20220321-
5dvbmoj4mr7bmfyzzzstanspbcoex6ij/texmf-dist/tex/latex/graphics/graphicx.sty
(/usr/tce/backend/installations/linux-rhel8-x86_64/gcc-10.3.1/texlive-20220321-
5dvbmoj4mr7bmfyzzzstanspbcoex6ij/texmf-dist/tex/latex/graphics/graphics.sty
(/usr/tce/backend/installations/linux-rhel8-x86_64/gcc-10.3.1/texlive-20220321-
5dvbmoj4mr7bmfyzzzstanspbcoex6ij/texmf-dist/tex/latex/graphics/trig.sty)
(/usr/tce/backend/installations/linux-rhel8-x86_64/gcc-10.3.1/texlive-20220321-
5dvbmoj4mr7bmfyzzzstanspbcoex6ij/texmf-dist/tex/latex/graphics-cfg/graphics.cfg
)
(/usr/tce/backend/installations/linux-rhel8-x86_64/gcc-10.3.1/texlive-20220321-
5dvbmoj4mr7bmfyzzzstanspbcoex6ij/texmf-dist/tex/latex/graphics-def/pdftex.def))
)
(/usr/tce/backend/installations/linux-rhel8-x86_64/gcc-10.3.1/texlive-20220321-
5dvbmoj4mr7bmfyzzzstanspbcoex6ij/texmf-dist/tex/latex/booktabs/booktabs.sty)
(/usr/tce/backend/installations/linux-rhel8-x86_64/gcc-10.3.1/texlive-20220321-
5dvbmoj4mr7bmfyzzzstanspbcoex6ij/texmf-dist/tex/latex/tools/longtable.sty)
(/usr/tce/backend/installations/linux-rhel8-x86_64/gcc-10.3.1/texlive-20220321-
5dvbmoj4mr7bmfyzzzstanspbcoex6ij/texmf-dist/tex/latex/tools/array.sty)
(/usr/tce/backend/installations/linux-rhel8-x86_64/gcc-10.3.1/texlive-20220321-
5dvbmoj4mr7bmfyzzzstanspbcoex6ij/texmf-dist/tex/latex/float/float.sty)
(/usr/tce/backend/installations/linux-rhel8-x86_64/gcc-10.3.1/texlive-20220321-
5dvbmoj4mr7bmfyzzzstanspbcoex6ij/texmf-dist/tex/latex/xcolor/xcolor.sty
(/usr/tce/backend/installations/linux-rhel8-x86_64/gcc-10.3.1/texlive-20220321-
5dvbmoj4mr7bmfyzzzstanspbcoex6ij/texmf-dist/tex/latex/graphics-cfg/color.cfg))
(/usr/tce/backend/installations/linux-rhel8-x86_64/gcc-10.3.1/texlive-20220321-
5dvbmoj4mr7bmfyzzzstanspbcoex6ij/texmf-dist/tex/latex/pdflscape/pdflscape.sty
(/usr/tce/backend/installations/linux-rhel8-x86_64/gcc-10.3.1/texlive-20220321-
5dvbmoj4mr7bmfyzzzstanspbcoex6ij/texmf-dist/tex/latex/graphics/lscape.sty))
(/usr/tce/backend/installations/linux-rhel8-x86_64/gcc-10.3.1/texlive-20220321-
5dvbmoj4mr7bmfyzzzstanspbcoex6ij/texmf-dist/tex/latex/listings/listings.sty
(/usr/tce/backend/installations/linux-rhel8-x86_64/gcc-10.3.1/texlive-20220321-
5dvbmoj4mr7bmfyzzzstanspbcoex6ij/texmf-dist/tex/latex/listings/lstmisc.sty)
(/usr/tce/backend/installations/linux-rhel8-x86_64/gcc-10.3.1/texlive-20220321-
5dvbmoj4mr7bmfyzzzstanspbcoex6ij/texmf-dist/tex/latex/listings/listings.cfg))
(/usr/tce/backend/installations/linux-rhel8-x86_64/gcc-10.3.1/texlive-20220321-
5dvbmoj4mr7bmfyzzzstanspbcoex6ij/texmf-dist/tex/latex/hyperref/hyperref.sty
(/usr/tce/backend/installations/linux-rhel8-x86_64/gcc-10.3.1/texlive-20220321-
5dvbmoj4mr7bmfyzzzstanspbcoex6ij/texmf-dist/tex/generic/ltxcmds/ltxcmds.sty)
(/usr/tce/backend/installations/linux-rhel8-x86_64/gcc-10.3.1/texlive-20220321-
5dvbmoj4mr7bmfyzzzstanspbcoex6ij/texmf-dist/tex/generic/pdftexcmds/pdftexcmds.s
ty
(/usr/tce/backend/installations/linux-rhel8-x86_64/gcc-10.3.1/texlive-20220321-
5dvbmoj4mr7bmfyzzzstanspbcoex6ij/texmf-dist/tex/generic/infwarerr/infwarerr.sty
))
(/usr/tce/backend/installations/linux-rhel8-x86_64/gcc-10.3.1/texlive-20220321-
5dvbmoj4mr7bmfyzzzstanspbcoex6ij/texmf-dist/tex/generic/kvsetkeys/kvsetkeys.sty
)
(/usr/tce/backend/installations/linux-rhel8-x86_64/gcc-10.3.1/texlive-20220321-
5dvbmoj4mr7bmfyzzzstanspbcoex6ij/texmf-dist/tex/generic/kvdefinekeys/kvdefineke
ys.sty)
(/usr/tce/backend/installations/linux-rhel8-x86_64/gcc-10.3.1/texlive-20220321-
5dvbmoj4mr7bmfyzzzstanspbcoex6ij/texmf-dist/tex/generic/pdfescape/pdfescape.sty
)
(/usr/tce/backend/installations/linux-rhel8-x86_64/gcc-10.3.1/texlive-20220321-
5dvbmoj4mr7bmfyzzzstanspbcoex6ij/texmf-dist/tex/latex/hycolor/hycolor.sty)
(/usr/tce/backend/installations/linux-rhel8-x86_64/gcc-10.3.1/texlive-20220321-
5dvbmoj4mr7bmfyzzzstanspbcoex6ij/texmf-dist/tex/latex/letltxmacro/letltxmacro.s
ty)
(/usr/tce/backend/installations/linux-rhel8-x86_64/gcc-10.3.1/texlive-20220321-
5dvbmoj4mr7bmfyzzzstanspbcoex6ij/texmf-dist/tex/latex/auxhook/auxhook.sty)
(/usr/tce/backend/installations/linux-rhel8-x86_64/gcc-10.3.1/texlive-20220321-
5dvbmoj4mr7bmfyzzzstanspbcoex6ij/texmf-dist/tex/latex/kvoptions/kvoptions.sty)
(/usr/tce/backend/installations/linux-rhel8-x86_64/gcc-10.3.1/texlive-20220321-
5dvbmoj4mr7bmfyzzzstanspbcoex6ij/texmf-dist/tex/latex/hyperref/pd1enc.def)
(/usr/tce/backend/installations/linux-rhel8-x86_64/gcc-10.3.1/texlive-20220321-
5dvbmoj4mr7bmfyzzzstanspbcoex6ij/texmf-dist/tex/generic/intcalc/intcalc.sty)
(/usr/tce/backend/installations/linux-rhel8-x86_64/gcc-10.3.1/texlive-20220321-
5dvbmoj4mr7bmfyzzzstanspbcoex6ij/texmf-dist/tex/generic/etexcmds/etexcmds.sty)
(/usr/tce/backend/installations/linux-rhel8-x86_64/gcc-10.3.1/texlive-20220321-
5dvbmoj4mr7bmfyzzzstanspbcoex6ij/texmf-dist/tex/latex/hyperref/puenc.def)
(/usr/tce/backend/installations/linux-rhel8-x86_64/gcc-10.3.1/texlive-20220321-
5dvbmoj4mr7bmfyzzzstanspbcoex6ij/texmf-dist/tex/latex/url/url.sty)
(/usr/tce/backend/installations/linux-rhel8-x86_64/gcc-10.3.1/texlive-20220321-
5dvbmoj4mr7bmfyzzzstanspbcoex6ij/texmf-dist/tex/generic/bitset/bitset.sty
(/usr/tce/backend/installations/linux-rhel8-x86_64/gcc-10.3.1/texlive-20220321-
5dvbmoj4mr7bmfyzzzstanspbcoex6ij/texmf-dist/tex/generic/bigintcalc/bigintcalc.s
ty))
(/usr/tce/backend/installations/linux-rhel8-x86_64/gcc-10.3.1/texlive-20220321-
5dvbmoj4mr7bmfyzzzstanspbcoex6ij/texmf-dist/tex/latex/base/atbegshi-ltx.sty))
(/usr/tce/backend/installations/linux-rhel8-x86_64/gcc-10.3.1/texlive-20220321-
5dvbmoj4mr7bmfyzzzstanspbcoex6ij/texmf-dist/tex/latex/hyperref/hpdftex.def
(/usr/tce/backend/installations/linux-rhel8-x86_64/gcc-10.3.1/texlive-20220321-
5dvbmoj4mr7bmfyzzzstanspbcoex6ij/texmf-dist/tex/latex/base/atveryend-ltx.sty)
(/usr/tce/backend/installations/linux-rhel8-x86_64/gcc-10.3.1/texlive-20220321-
5dvbmoj4mr7bmfyzzzstanspbcoex6ij/texmf-dist/tex/latex/rerunfilecheck/rerunfilec
heck.sty
(/usr/tce/backend/installations/linux-rhel8-x86_64/gcc-10.3.1/texlive-20220321-
5dvbmoj4mr7bmfyzzzstanspbcoex6ij/texmf-dist/tex/generic/uniquecounter/uniquecou
nter.sty)))
(/usr/tce/backend/installations/linux-rhel8-x86_64/gcc-10.3.1/texlive-20220321-
5dvbmoj4mr7bmfyzzzstanspbcoex6ij/texmf-dist/tex/latex/l3backend/l3backend-pdfte
x.def) (./verification_suite_report.aux)
*geometry* driver: auto-detecting
*geometry* detected driver: pdftex

(/usr/tce/backend/installations/linux-rhel8-x86_64/gcc-10.3.1/texlive-20220321-
5dvbmoj4mr7bmfyzzzstanspbcoex6ij/texmf-dist/tex/context/base/mkii/supp-pdf.mkii
[Loading MPS to PDF converter (version 2006.09.02).]
)
(/usr/tce/backend/installations/linux-rhel8-x86_64/gcc-10.3.1/texlive-20220321-
5dvbmoj4mr7bmfyzzzstanspbcoex6ij/texmf-dist/tex/latex/epstopdf-pkg/epstopdf-bas
e.sty
(/usr/tce/backend/installations/linux-rhel8-x86_64/gcc-10.3.1/texlive-20220321-
5dvbmoj4mr7bmfyzzzstanspbcoex6ij/texmf-dist/tex/latex/latexconfig/epstopdf-sys.
cfg))
(/usr/tce/backend/installations/linux-rhel8-x86_64/gcc-10.3.1/texlive-20220321-
5dvbmoj4mr7bmfyzzzstanspbcoex6ij/texmf-dist/tex/latex/hyperref/nameref.sty
(/usr/tce/backend/installations/linux-rhel8-x86_64/gcc-10.3.1/texlive-20220321-
5dvbmoj4mr7bmfyzzzstanspbcoex6ij/texmf-dist/tex/latex/refcount/refcount.sty)
(/usr/tce/backend/installations/linux-rhel8-x86_64/gcc-10.3.1/texlive-20220321-
5dvbmoj4mr7bmfyzzzstanspbcoex6ij/texmf-dist/tex/generic/gettitlestring/gettitle
string.sty)) (./verification_suite_report.out) (./verification_suite_report.out
) (./verification_suite_report.toc) [1{/usr/tce/backend/installations/linux-rhe
l8-x86_64/gcc-10.3.1/texlive-20220321-5dvbmoj4mr7bmfyzzzstanspbcoex6ij/texmf-di
st/fonts/map/pdftex/updmap/pdftex.map}] [2]
Overfull \hbox (14.37035pt too wide) in alignment at lines 32--33
 [] [] [] [] [] [] [] [] 

Overfull \hbox (14.37035pt too wide) in alignment at lines 33--36
 [] [] [] [] [] [] [] [] 
[3] [4]
Overfull \hbox (38.77998pt too wide) in paragraph at lines 71--71
[]|\OT1/cmr/m/n/7 plotReactions[]geomechanicsBuckling.py| 

Underfull \hbox (badness 1509) in paragraph at lines 71--72
[]|\OT1/cmr/m/n/7 scaling by solid vol-ume frac-tion or

Underfull \hbox (badness 4752) in paragraph at lines 71--72
\OT1/cmr/m/n/7 poros-ity; stress/s-train in-vari-ant or

Overfull \hbox (28.43271pt too wide) in paragraph at lines 72--72
[]|\OT1/cmr/m/n/7 plotReactions[]geomechanicsDemo.py| 

Underfull \hbox (badness 1509) in paragraph at lines 72--73
[]|\OT1/cmr/m/n/7 scaling by solid vol-ume frac-tion or

Underfull \hbox (badness 4752) in paragraph at lines 72--73
\OT1/cmr/m/n/7 poros-ity; stress/s-train in-vari-ant or

Overfull \hbox (26.12717pt too wide) in paragraph at lines 73--73
[]|\OT1/cmr/m/n/7 plotReactions[]geomechanicsHYD.py| 

Underfull \hbox (badness 1509) in paragraph at lines 73--74
[]|\OT1/cmr/m/n/7 scaling by solid vol-ume frac-tion or

Underfull \hbox (badness 4752) in paragraph at lines 73--74
\OT1/cmr/m/n/7 poros-ity; stress/s-train in-vari-ant or

Overfull \hbox (44.33559pt too wide) in paragraph at lines 74--74
[]|\OT1/cmr/m/n/7 plotReactions[]geomechanicsHYDcreep.py| 

Overfull \hbox (25.40492pt too wide) in paragraph at lines 75--75
[]|\OT1/cmr/m/n/7 plotReactions[]geomechanicsTXC.py| 

Overfull \hbox (43.61334pt too wide) in paragraph at lines 76--76
[]|\OT1/cmr/m/n/7 plotReactions[]geomechanicsTXCcreep.py| 

Overfull \hbox (35.17024pt too wide) in paragraph at lines 77--77
[]|\OT1/cmr/m/n/7 plotReactions[]geomechanicsTension.py| 

Overfull \hbox (77.97461pt too wide) in paragraph at lines 78--78
[]|\OT1/cmr/m/n/7 plotReactions[]geomechanicsUnconfinedBuckling.py| 

Underfull \hbox (badness 1509) in paragraph at lines 78--79
[]|\OT1/cmr/m/n/7 scaling by solid vol-ume frac-tion or

Underfull \hbox (badness 4752) in paragraph at lines 78--79
\OT1/cmr/m/n/7 poros-ity; stress/s-train in-vari-ant or
[5 <./schematics/geomechanics__geoModel_FTable_schematic.png>] [6]
(./verification_suite_report.aux) )
(see the transcript file for additional information){/usr/tce/backend/installat
ions/linux-rhel8-x86_64/gcc-10.3.1/texlive-20220321-5dvbmoj4mr7bmfyzzzstanspbco
ex6ij/texmf-dist/fonts/enc/dvips/cm-super/cm-super-ts1.enc}</usr/tce/backend/in
stallations/linux-rhel8-x86_64/gcc-10.3.1/texlive-20220321-5dvbmoj4mr7bmfyzzzst
anspbcoex6ij/texmf-dist/fonts/type1/public/amsfonts/cm/cmbx10.pfb></usr/tce/bac
kend/installations/linux-rhel8-x86_64/gcc-10.3.1/texlive-20220321-5dvbmoj4mr7bm
fyzzzstanspbcoex6ij/texmf-dist/fonts/type1/public/amsfonts/cm/cmbx12.pfb></usr/
tce/backend/installations/linux-rhel8-x86_64/gcc-10.3.1/texlive-20220321-5dvbmo
j4mr7bmfyzzzstanspbcoex6ij/texmf-dist/fonts/type1/public/amsfonts/cm/cmr10.pfb>
</usr/tce/backend/installations/linux-rhel8-x86_64/gcc-10.3.1/texlive-20220321-
5dvbmoj4mr7bmfyzzzstanspbcoex6ij/texmf-dist/fonts/type1/public/amsfonts/cm/cmr1
2.pfb></usr/tce/backend/installations/linux-rhel8-x86_64/gcc-10.3.1/texlive-202
20321-5dvbmoj4mr7bmfyzzzstanspbcoex6ij/texmf-dist/fonts/type1/public/amsfonts/c
m/cmr17.pfb></usr/tce/backend/installations/linux-rhel8-x86_64/gcc-10.3.1/texli
ve-20220321-5dvbmoj4mr7bmfyzzzstanspbcoex6ij/texmf-dist/fonts/type1/public/amsf
onts/cm/cmr5.pfb></usr/tce/backend/installations/linux-rhel8-x86_64/gcc-10.3.1/
texlive-20220321-5dvbmoj4mr7bmfyzzzstanspbcoex6ij/texmf-dist/fonts/type1/public
/amsfonts/cm/cmr7.pfb></usr/tce/backend/installations/linux-rhel8-x86_64/gcc-10
.3.1/texlive-20220321-5dvbmoj4mr7bmfyzzzstanspbcoex6ij/texmf-dist/fonts/type1/p
ublic/amsfonts/cm/cmtt10.pfb></usr/tce/backend/installations/linux-rhel8-x86_64
/gcc-10.3.1/texlive-20220321-5dvbmoj4mr7bmfyzzzstanspbcoex6ij/texmf-dist/fonts/
type1/public/amsfonts/cm/cmtt8.pfb></usr/tce/backend/installations/linux-rhel8-
x86_64/gcc-10.3.1/texlive-20220321-5dvbmoj4mr7bmfyzzzstanspbcoex6ij/texmf-dist/
fonts/type1/public/cm-super/sfrm1000.pfb>
Output written on verification_suite_report.pdf (6 pages, 167989 bytes).
Transcript written on verification_suite_report.log.
