This is pdfTeX, Version 3.141592653-2.6-1.40.24 (TeX Live 2022 - Spack) (preloaded format=pdflatex 2024.9.27)  18 MAY 2026 20:20
entering extended mode
 restricted \write18 enabled.
 %&-line parsing enabled.
**verification_suite_report.tex
(./verification_suite_report.tex
LaTeX2e <2021-11-15> patch level 1
L3 programming layer <2022-02-24>
(/usr/tce/backend/installations/linux-rhel8-x86_64/gcc-10.3.1/texlive-20220321-
5dvbmoj4mr7bmfyzzzstanspbcoex6ij/texmf-dist/tex/latex/base/article.cls
Document Class: article 2021/10/04 v1.4n Standard LaTeX document class

(/usr/tce/backend/installations/linux-rhel8-x86_64/gcc-10.3.1/texlive-20220321-
5dvbmoj4mr7bmfyzzzstanspbcoex6ij/texmf-dist/tex/latex/base/size10.clo
File: size10.clo 2021/10/04 v1.4n Standard LaTeX file (size option)
)
\c@part=\count185
\c@section=\count186
\c@subsection=\count187
\c@subsubsection=\count188
\c@paragraph=\count189
\c@subparagraph=\count190
\c@figure=\count191
\c@table=\count192
\abovecaptionskip=\skip47
\belowcaptionskip=\skip48
\bibindent=\dimen138
)
(/usr/tce/backend/installations/linux-rhel8-x86_64/gcc-10.3.1/texlive-20220321-
5dvbmoj4mr7bmfyzzzstanspbcoex6ij/texmf-dist/tex/latex/geometry/geometry.sty
Package: geometry 2020/01/02 v5.9 Page Geometry

(/usr/tce/backend/installations/linux-rhel8-x86_64/gcc-10.3.1/texlive-20220321-
5dvbmoj4mr7bmfyzzzstanspbcoex6ij/texmf-dist/tex/latex/graphics/keyval.sty
Package: keyval 2014/10/28 v1.15 key=value parser (DPC)
\KV@toks@=\toks16
)
(/usr/tce/backend/installations/linux-rhel8-x86_64/gcc-10.3.1/texlive-20220321-
5dvbmoj4mr7bmfyzzzstanspbcoex6ij/texmf-dist/tex/generic/iftex/ifvtex.sty
Package: ifvtex 2019/10/25 v1.7 ifvtex legacy package. Use iftex instead.

(/usr/tce/backend/installations/linux-rhel8-x86_64/gcc-10.3.1/texlive-20220321-
5dvbmoj4mr7bmfyzzzstanspbcoex6ij/texmf-dist/tex/generic/iftex/iftex.sty
Package: iftex 2022/02/03 v1.0f TeX engine tests
))
\Gm@cnth=\count193
\Gm@cntv=\count194
\c@Gm@tempcnt=\count195
\Gm@bindingoffset=\dimen139
\Gm@wd@mp=\dimen140
\Gm@odd@mp=\dimen141
\Gm@even@mp=\dimen142
\Gm@layoutwidth=\dimen143
\Gm@layoutheight=\dimen144
\Gm@layouthoffset=\dimen145
\Gm@layoutvoffset=\dimen146
\Gm@dimlist=\toks17
)
(/usr/tce/backend/installations/linux-rhel8-x86_64/gcc-10.3.1/texlive-20220321-
5dvbmoj4mr7bmfyzzzstanspbcoex6ij/texmf-dist/tex/latex/graphics/graphicx.sty
Package: graphicx 2021/09/16 v1.2d Enhanced LaTeX Graphics (DPC,SPQR)

(/usr/tce/backend/installations/linux-rhel8-x86_64/gcc-10.3.1/texlive-20220321-
5dvbmoj4mr7bmfyzzzstanspbcoex6ij/texmf-dist/tex/latex/graphics/graphics.sty
Package: graphics 2021/03/04 v1.4d Standard LaTeX Graphics (DPC,SPQR)

(/usr/tce/backend/installations/linux-rhel8-x86_64/gcc-10.3.1/texlive-20220321-
5dvbmoj4mr7bmfyzzzstanspbcoex6ij/texmf-dist/tex/latex/graphics/trig.sty
Package: trig 2021/08/11 v1.11 sin cos tan (DPC)
)
(/usr/tce/backend/installations/linux-rhel8-x86_64/gcc-10.3.1/texlive-20220321-
5dvbmoj4mr7bmfyzzzstanspbcoex6ij/texmf-dist/tex/latex/graphics-cfg/graphics.cfg
File: graphics.cfg 2016/06/04 v1.11 sample graphics configuration
)
Package graphics Info: Driver file: pdftex.def on input line 107.

(/usr/tce/backend/installations/linux-rhel8-x86_64/gcc-10.3.1/texlive-20220321-
5dvbmoj4mr7bmfyzzzstanspbcoex6ij/texmf-dist/tex/latex/graphics-def/pdftex.def
File: pdftex.def 2020/10/05 v1.2a Graphics/color driver for pdftex
))
\Gin@req@height=\dimen147
\Gin@req@width=\dimen148
)
(/usr/tce/backend/installations/linux-rhel8-x86_64/gcc-10.3.1/texlive-20220321-
5dvbmoj4mr7bmfyzzzstanspbcoex6ij/texmf-dist/tex/latex/booktabs/booktabs.sty
Package: booktabs 2020/01/12 v1.61803398 Publication quality tables
\heavyrulewidth=\dimen149
\lightrulewidth=\dimen150
\cmidrulewidth=\dimen151
\belowrulesep=\dimen152
\belowbottomsep=\dimen153
\aboverulesep=\dimen154
\abovetopsep=\dimen155
\cmidrulesep=\dimen156
\cmidrulekern=\dimen157
\defaultaddspace=\dimen158
\@cmidla=\count196
\@cmidlb=\count197
\@aboverulesep=\dimen159
\@belowrulesep=\dimen160
\@thisruleclass=\count198
\@lastruleclass=\count199
\@thisrulewidth=\dimen161
)
(/usr/tce/backend/installations/linux-rhel8-x86_64/gcc-10.3.1/texlive-20220321-
5dvbmoj4mr7bmfyzzzstanspbcoex6ij/texmf-dist/tex/latex/tools/longtable.sty
Package: longtable 2021-09-01 v4.17 Multi-page Table package (DPC)
\LTleft=\skip49
\LTright=\skip50
\LTpre=\skip51
\LTpost=\skip52
\LTchunksize=\count266
\LTcapwidth=\dimen162
\LT@head=\box50
\LT@firsthead=\box51
\LT@foot=\box52
\LT@lastfoot=\box53
\LT@gbox=\box54
\LT@cols=\count267
\LT@rows=\count268
\c@LT@tables=\count269
\c@LT@chunks=\count270
\LT@p@ftn=\toks18
)
(/usr/tce/backend/installations/linux-rhel8-x86_64/gcc-10.3.1/texlive-20220321-
5dvbmoj4mr7bmfyzzzstanspbcoex6ij/texmf-dist/tex/latex/tools/tabularx.sty
Package: tabularx 2020/01/15 v2.11c `tabularx' package (DPC)

(/usr/tce/backend/installations/linux-rhel8-x86_64/gcc-10.3.1/texlive-20220321-
5dvbmoj4mr7bmfyzzzstanspbcoex6ij/texmf-dist/tex/latex/tools/array.sty
Package: array 2021/10/04 v2.5f Tabular extension package (FMi)
\col@sep=\dimen163
\ar@mcellbox=\box55
\extrarowheight=\dimen164
\NC@list=\toks19
\extratabsurround=\skip53
\backup@length=\skip54
\ar@cellbox=\box56
)
\TX@col@width=\dimen165
\TX@old@table=\dimen166
\TX@old@col=\dimen167
\TX@target=\dimen168
\TX@delta=\dimen169
\TX@cols=\count271
\TX@ftn=\toks20
)
(/usr/tce/backend/installations/linux-rhel8-x86_64/gcc-10.3.1/texlive-20220321-
5dvbmoj4mr7bmfyzzzstanspbcoex6ij/texmf-dist/tex/latex/pdflscape/pdflscape.sty
Package: pdflscape 2019/12/05 v0.12 Display of landscape pages in PDF (HO)

(/usr/tce/backend/installations/linux-rhel8-x86_64/gcc-10.3.1/texlive-20220321-
5dvbmoj4mr7bmfyzzzstanspbcoex6ij/texmf-dist/tex/latex/graphics/lscape.sty
Package: lscape 2020/05/28 v3.02 Landscape Pages (DPC)
)
Package pdflscape Info: Auto-detected driver: pdftex on input line 81.
)
(/usr/tce/backend/installations/linux-rhel8-x86_64/gcc-10.3.1/texlive-20220321-
5dvbmoj4mr7bmfyzzzstanspbcoex6ij/texmf-dist/tex/latex/xcolor/xcolor.sty
Package: xcolor 2021/10/31 v2.13 LaTeX color extensions (UK)

(/usr/tce/backend/installations/linux-rhel8-x86_64/gcc-10.3.1/texlive-20220321-
5dvbmoj4mr7bmfyzzzstanspbcoex6ij/texmf-dist/tex/latex/graphics-cfg/color.cfg
File: color.cfg 2016/01/02 v1.6 sample color configuration
)
Package xcolor Info: Driver file: pdftex.def on input line 227.
Package xcolor Info: Model `cmy' substituted by `cmy0' on input line 1352.
Package xcolor Info: Model `hsb' substituted by `rgb' on input line 1356.
Package xcolor Info: Model `RGB' extended on input line 1368.
Package xcolor Info: Model `HTML' substituted by `rgb' on input line 1370.
Package xcolor Info: Model `Hsb' substituted by `hsb' on input line 1371.
Package xcolor Info: Model `tHsb' substituted by `hsb' on input line 1372.
Package xcolor Info: Model `HSB' substituted by `hsb' on input line 1373.
Package xcolor Info: Model `Gray' substituted by `gray' on input line 1374.
Package xcolor Info: Model `wave' substituted by `hsb' on input line 1375.
)
(/usr/tce/backend/installations/linux-rhel8-x86_64/gcc-10.3.1/texlive-20220321-
5dvbmoj4mr7bmfyzzzstanspbcoex6ij/texmf-dist/tex/latex/hyperref/hyperref.sty
Package: hyperref 2022-02-21 v7.00n Hypertext links for LaTeX

(/usr/tce/backend/installations/linux-rhel8-x86_64/gcc-10.3.1/texlive-20220321-
5dvbmoj4mr7bmfyzzzstanspbcoex6ij/texmf-dist/tex/generic/ltxcmds/ltxcmds.sty
Package: ltxcmds 2020-05-10 v1.25 LaTeX kernel commands for general use (HO)
)
(/usr/tce/backend/installations/linux-rhel8-x86_64/gcc-10.3.1/texlive-20220321-
5dvbmoj4mr7bmfyzzzstanspbcoex6ij/texmf-dist/tex/generic/pdftexcmds/pdftexcmds.s
ty
Package: pdftexcmds 2020-06-27 v0.33 Utility functions of pdfTeX for LuaTeX (HO
)

(/usr/tce/backend/installations/linux-rhel8-x86_64/gcc-10.3.1/texlive-20220321-
5dvbmoj4mr7bmfyzzzstanspbcoex6ij/texmf-dist/tex/generic/infwarerr/infwarerr.sty
Package: infwarerr 2019/12/03 v1.5 Providing info/warning/error messages (HO)
)
Package pdftexcmds Info: \pdf@primitive is available.
Package pdftexcmds Info: \pdf@ifprimitive is available.
Package pdftexcmds Info: \pdfdraftmode found.
)
(/usr/tce/backend/installations/linux-rhel8-x86_64/gcc-10.3.1/texlive-20220321-
5dvbmoj4mr7bmfyzzzstanspbcoex6ij/texmf-dist/tex/generic/kvsetkeys/kvsetkeys.sty
Package: kvsetkeys 2019/12/15 v1.18 Key value parser (HO)
)
(/usr/tce/backend/installations/linux-rhel8-x86_64/gcc-10.3.1/texlive-20220321-
5dvbmoj4mr7bmfyzzzstanspbcoex6ij/texmf-dist/tex/generic/kvdefinekeys/kvdefineke
ys.sty
Package: kvdefinekeys 2019-12-19 v1.6 Define keys (HO)
)
(/usr/tce/backend/installations/linux-rhel8-x86_64/gcc-10.3.1/texlive-20220321-
5dvbmoj4mr7bmfyzzzstanspbcoex6ij/texmf-dist/tex/generic/pdfescape/pdfescape.sty
Package: pdfescape 2019/12/09 v1.15 Implements pdfTeX's escape features (HO)
)
(/usr/tce/backend/installations/linux-rhel8-x86_64/gcc-10.3.1/texlive-20220321-
5dvbmoj4mr7bmfyzzzstanspbcoex6ij/texmf-dist/tex/latex/hycolor/hycolor.sty
Package: hycolor 2020-01-27 v1.10 Color options for hyperref/bookmark (HO)
)
(/usr/tce/backend/installations/linux-rhel8-x86_64/gcc-10.3.1/texlive-20220321-
5dvbmoj4mr7bmfyzzzstanspbcoex6ij/texmf-dist/tex/latex/letltxmacro/letltxmacro.s
ty
Package: letltxmacro 2019/12/03 v1.6 Let assignment for LaTeX macros (HO)
)
(/usr/tce/backend/installations/linux-rhel8-x86_64/gcc-10.3.1/texlive-20220321-
5dvbmoj4mr7bmfyzzzstanspbcoex6ij/texmf-dist/tex/latex/auxhook/auxhook.sty
Package: auxhook 2019-12-17 v1.6 Hooks for auxiliary files (HO)
)
(/usr/tce/backend/installations/linux-rhel8-x86_64/gcc-10.3.1/texlive-20220321-
5dvbmoj4mr7bmfyzzzstanspbcoex6ij/texmf-dist/tex/latex/kvoptions/kvoptions.sty
Package: kvoptions 2020-10-07 v3.14 Key value format for package options (HO)
)
\@linkdim=\dimen170
\Hy@linkcounter=\count272
\Hy@pagecounter=\count273

(/usr/tce/backend/installations/linux-rhel8-x86_64/gcc-10.3.1/texlive-20220321-
5dvbmoj4mr7bmfyzzzstanspbcoex6ij/texmf-dist/tex/latex/hyperref/pd1enc.def
File: pd1enc.def 2022-02-21 v7.00n Hyperref: PDFDocEncoding definition (HO)
Now handling font encoding PD1 ...
... no UTF-8 mapping file for font encoding PD1
)
(/usr/tce/backend/installations/linux-rhel8-x86_64/gcc-10.3.1/texlive-20220321-
5dvbmoj4mr7bmfyzzzstanspbcoex6ij/texmf-dist/tex/generic/intcalc/intcalc.sty
Package: intcalc 2019/12/15 v1.3 Expandable calculations with integers (HO)
)
(/usr/tce/backend/installations/linux-rhel8-x86_64/gcc-10.3.1/texlive-20220321-
5dvbmoj4mr7bmfyzzzstanspbcoex6ij/texmf-dist/tex/generic/etexcmds/etexcmds.sty
Package: etexcmds 2019/12/15 v1.7 Avoid name clashes with e-TeX commands (HO)
)
\Hy@SavedSpaceFactor=\count274

(/usr/tce/backend/installations/linux-rhel8-x86_64/gcc-10.3.1/texlive-20220321-
5dvbmoj4mr7bmfyzzzstanspbcoex6ij/texmf-dist/tex/latex/hyperref/puenc.def
File: puenc.def 2022-02-21 v7.00n Hyperref: PDF Unicode definition (HO)
Now handling font encoding PU ...
... no UTF-8 mapping file for font encoding PU
)
Package hyperref Info: Hyper figures OFF on input line 4137.
Package hyperref Info: Link nesting OFF on input line 4142.
Package hyperref Info: Hyper index ON on input line 4145.
Package hyperref Info: Plain pages OFF on input line 4152.
Package hyperref Info: Backreferencing OFF on input line 4157.
Package hyperref Info: Implicit mode ON; LaTeX internals redefined.
Package hyperref Info: Bookmarks ON on input line 4390.
\c@Hy@tempcnt=\count275

(/usr/tce/backend/installations/linux-rhel8-x86_64/gcc-10.3.1/texlive-20220321-
5dvbmoj4mr7bmfyzzzstanspbcoex6ij/texmf-dist/tex/latex/url/url.sty
\Urlmuskip=\muskip16
Package: url 2013/09/16  ver 3.4  Verb mode for urls, etc.
)
LaTeX Info: Redefining \url on input line 4749.
\XeTeXLinkMargin=\dimen171

(/usr/tce/backend/installations/linux-rhel8-x86_64/gcc-10.3.1/texlive-20220321-
5dvbmoj4mr7bmfyzzzstanspbcoex6ij/texmf-dist/tex/generic/bitset/bitset.sty
Package: bitset 2019/12/09 v1.3 Handle bit-vector datatype (HO)

(/usr/tce/backend/installations/linux-rhel8-x86_64/gcc-10.3.1/texlive-20220321-
5dvbmoj4mr7bmfyzzzstanspbcoex6ij/texmf-dist/tex/generic/bigintcalc/bigintcalc.s
ty
Package: bigintcalc 2019/12/15 v1.5 Expandable calculations on big integers (HO
)
))
\Fld@menulength=\count276
\Field@Width=\dimen172
\Fld@charsize=\dimen173
Package hyperref Info: Hyper figures OFF on input line 6027.
Package hyperref Info: Link nesting OFF on input line 6032.
Package hyperref Info: Hyper index ON on input line 6035.
Package hyperref Info: backreferencing OFF on input line 6042.
Package hyperref Info: Link coloring OFF on input line 6047.
Package hyperref Info: Link coloring with OCG OFF on input line 6052.
Package hyperref Info: PDF/A mode OFF on input line 6057.
LaTeX Info: Redefining \ref on input line 6097.
LaTeX Info: Redefining \pageref on input line 6101.

(/usr/tce/backend/installations/linux-rhel8-x86_64/gcc-10.3.1/texlive-20220321-
5dvbmoj4mr7bmfyzzzstanspbcoex6ij/texmf-dist/tex/latex/base/atbegshi-ltx.sty
Package: atbegshi-ltx 2021/01/10 v1.0c Emulation of the original atbegshi
package with kernel methods
)
\Hy@abspage=\count277
\c@Item=\count278
\c@Hfootnote=\count279
)
Package hyperref Info: Driver (autodetected): hpdftex.

(/usr/tce/backend/installations/linux-rhel8-x86_64/gcc-10.3.1/texlive-20220321-
5dvbmoj4mr7bmfyzzzstanspbcoex6ij/texmf-dist/tex/latex/hyperref/hpdftex.def
File: hpdftex.def 2022-02-21 v7.00n Hyperref driver for pdfTeX

(/usr/tce/backend/installations/linux-rhel8-x86_64/gcc-10.3.1/texlive-20220321-
5dvbmoj4mr7bmfyzzzstanspbcoex6ij/texmf-dist/tex/latex/base/atveryend-ltx.sty
Package: atveryend-ltx 2020/08/19 v1.0a Emulation of the original atveryend pac
kage
with kernel methods
)
\Fld@listcount=\count280
\c@bookmark@seq@number=\count281

(/usr/tce/backend/installations/linux-rhel8-x86_64/gcc-10.3.1/texlive-20220321-
5dvbmoj4mr7bmfyzzzstanspbcoex6ij/texmf-dist/tex/latex/rerunfilecheck/rerunfilec
heck.sty
Package: rerunfilecheck 2019/12/05 v1.9 Rerun checks for auxiliary files (HO)

(/usr/tce/backend/installations/linux-rhel8-x86_64/gcc-10.3.1/texlive-20220321-
5dvbmoj4mr7bmfyzzzstanspbcoex6ij/texmf-dist/tex/generic/uniquecounter/uniquecou
nter.sty
Package: uniquecounter 2019/12/15 v1.4 Provide unlimited unique counter (HO)
)
Package uniquecounter Info: New unique counter `rerunfilecheck' on input line 2
86.
)
\Hy@SectionHShift=\skip55
)
(/usr/tce/backend/installations/linux-rhel8-x86_64/gcc-10.3.1/texlive-20220321-
5dvbmoj4mr7bmfyzzzstanspbcoex6ij/texmf-dist/tex/latex/listings/listings.sty
\lst@mode=\count282
\lst@gtempboxa=\box57
\lst@token=\toks21
\lst@length=\count283
\lst@currlwidth=\dimen174
\lst@column=\count284
\lst@pos=\count285
\lst@lostspace=\dimen175
\lst@width=\dimen176
\lst@newlines=\count286
\lst@lineno=\count287
\lst@maxwidth=\dimen177

(/usr/tce/backend/installations/linux-rhel8-x86_64/gcc-10.3.1/texlive-20220321-
5dvbmoj4mr7bmfyzzzstanspbcoex6ij/texmf-dist/tex/latex/listings/lstmisc.sty
File: lstmisc.sty 2020/03/24 1.8d (Carsten Heinz)
\c@lstnumber=\count288
\lst@skipnumbers=\count289
\lst@framebox=\box58
)
(/usr/tce/backend/installations/linux-rhel8-x86_64/gcc-10.3.1/texlive-20220321-
5dvbmoj4mr7bmfyzzzstanspbcoex6ij/texmf-dist/tex/latex/listings/listings.cfg
File: listings.cfg 2020/03/24 1.8d listings configuration
))
Package: listings 2020/03/24 1.8d (Carsten Heinz)
Package hyperref Info: Option `colorlinks' set `true' on input line 4.

(/usr/tce/backend/installations/linux-rhel8-x86_64/gcc-10.3.1/texlive-20220321-
5dvbmoj4mr7bmfyzzzstanspbcoex6ij/texmf-dist/tex/latex/l3backend/l3backend-pdfte
x.def
File: l3backend-pdftex.def 2022-02-07 L3 backend support: PDF output (pdfTeX)
\l__color_backend_stack_int=\count290
\l__pdf_internal_box=\box59
) (./verification_suite_report.aux)
\openout1 = `verification_suite_report.aux'.

LaTeX Font Info:    Checking defaults for OML/cmm/m/it on input line 6.
LaTeX Font Info:    ... okay on input line 6.
LaTeX Font Info:    Checking defaults for OMS/cmsy/m/n on input line 6.
LaTeX Font Info:    ... okay on input line 6.
LaTeX Font Info:    Checking defaults for OT1/cmr/m/n on input line 6.
LaTeX Font Info:    ... okay on input line 6.
LaTeX Font Info:    Checking defaults for T1/cmr/m/n on input line 6.
LaTeX Font Info:    ... okay on input line 6.
LaTeX Font Info:    Checking defaults for TS1/cmr/m/n on input line 6.
LaTeX Font Info:    ... okay on input line 6.
LaTeX Font Info:    Checking defaults for OMX/cmex/m/n on input line 6.
LaTeX Font Info:    ... okay on input line 6.
LaTeX Font Info:    Checking defaults for U/cmr/m/n on input line 6.
LaTeX Font Info:    ... okay on input line 6.
LaTeX Font Info:    Checking defaults for PD1/pdf/m/n on input line 6.
LaTeX Font Info:    ... okay on input line 6.
LaTeX Font Info:    Checking defaults for PU/pdf/m/n on input line 6.
LaTeX Font Info:    ... okay on input line 6.

*geometry* driver: auto-detecting
*geometry* detected driver: pdftex
*geometry* verbose mode - [ preamble ] result:
* driver: pdftex
* paper: <default>
* layout: <same size as paper>
* layoutoffset:(h,v)=(0.0pt,0.0pt)
* modes: 
* h-part:(L,W,R)=(39.74872pt, 534.79756pt, 39.74872pt)
* v-part:(T,H,B)=(39.74872pt, 715.47255pt, 39.74872pt)
* \paperwidth=614.295pt
* \paperheight=794.96999pt
* \textwidth=534.79756pt
* \textheight=715.47255pt
* \oddsidemargin=-32.52127pt
* \evensidemargin=-32.52127pt
* \topmargin=-69.52127pt
* \headheight=12.0pt
* \headsep=25.0pt
* \topskip=10.0pt
* \footskip=30.0pt
* \marginparwidth=65.0pt
* \marginparsep=11.0pt
* \columnsep=10.0pt
* \skip\footins=9.0pt plus 4.0pt minus 2.0pt
* \hoffset=0.0pt
* \voffset=0.0pt
* \mag=1000
* \@twocolumnfalse
* \@twosidefalse
* \@mparswitchfalse
* \@reversemarginfalse
* (1in=72.27pt=25.4mm, 1cm=28.453pt)


(/usr/tce/backend/installations/linux-rhel8-x86_64/gcc-10.3.1/texlive-20220321-
5dvbmoj4mr7bmfyzzzstanspbcoex6ij/texmf-dist/tex/context/base/mkii/supp-pdf.mkii
[Loading MPS to PDF converter (version 2006.09.02).]
\scratchcounter=\count291
\scratchdimen=\dimen178
\scratchbox=\box60
\nofMPsegments=\count292
\nofMParguments=\count293
\everyMPshowfont=\toks22
\MPscratchCnt=\count294
\MPscratchDim=\dimen179
\MPnumerator=\count295
\makeMPintoPDFobject=\count296
\everyMPtoPDFconversion=\toks23
)
(/usr/tce/backend/installations/linux-rhel8-x86_64/gcc-10.3.1/texlive-20220321-
5dvbmoj4mr7bmfyzzzstanspbcoex6ij/texmf-dist/tex/latex/epstopdf-pkg/epstopdf-bas
e.sty
Package: epstopdf-base 2020-01-24 v2.11 Base part for package epstopdf
Package epstopdf-base Info: Redefining graphics rule for `.eps' on input line 4
85.

(/usr/tce/backend/installations/linux-rhel8-x86_64/gcc-10.3.1/texlive-20220321-
5dvbmoj4mr7bmfyzzzstanspbcoex6ij/texmf-dist/tex/latex/latexconfig/epstopdf-sys.
cfg
File: epstopdf-sys.cfg 2010/07/13 v1.3 Configuration of (r)epstopdf for TeX Liv
e
))
Package hyperref Info: Link coloring ON on input line 6.

(/usr/tce/backend/installations/linux-rhel8-x86_64/gcc-10.3.1/texlive-20220321-
5dvbmoj4mr7bmfyzzzstanspbcoex6ij/texmf-dist/tex/latex/hyperref/nameref.sty
Package: nameref 2021-04-02 v2.47 Cross-referencing by name of section

(/usr/tce/backend/installations/linux-rhel8-x86_64/gcc-10.3.1/texlive-20220321-
5dvbmoj4mr7bmfyzzzstanspbcoex6ij/texmf-dist/tex/latex/refcount/refcount.sty
Package: refcount 2019/12/15 v3.6 Data extraction from label references (HO)
)
(/usr/tce/backend/installations/linux-rhel8-x86_64/gcc-10.3.1/texlive-20220321-
5dvbmoj4mr7bmfyzzzstanspbcoex6ij/texmf-dist/tex/generic/gettitlestring/gettitle
string.sty
Package: gettitlestring 2019/12/15 v1.6 Cleanup title references (HO)
)
\c@section@level=\count297
)
LaTeX Info: Redefining \ref on input line 6.
LaTeX Info: Redefining \pageref on input line 6.
LaTeX Info: Redefining \nameref on input line 6.
 (./verification_suite_report.out) (./verification_suite_report.out)
\@outlinefile=\write3
\openout3 = `verification_suite_report.out'.

\c@lstlisting=\count298
LaTeX Font Info:    External font `cmex10' loaded for size
(Font)              <12> on input line 10.
LaTeX Font Info:    External font `cmex10' loaded for size
(Font)              <8> on input line 10.
LaTeX Font Info:    External font `cmex10' loaded for size
(Font)              <6> on input line 10.
 (./verification_suite_report.toc
LaTeX Font Info:    External font `cmex10' loaded for size
(Font)              <7> on input line 4.
LaTeX Font Info:    External font `cmex10' loaded for size
(Font)              <5> on input line 4.
)
\tf@toc=\write4
\openout4 = `verification_suite_report.toc'.

 [1

{/usr/tce/backend/installations/linux-rhel8-x86_64/gcc-10.3.1/texlive-20220321-
5dvbmoj4mr7bmfyzzzstanspbcoex6ij/texmf-dist/fonts/map/pdftex/updmap/pdftex.map}
]
Overfull \hbox (38.49678pt too wide) in paragraph at lines 12--13
\OT1/cmr/m/n/10 Cases are staged un-der \OT1/cmtt/m/n/10 testRunDirectory/verif
ication/<case>\OT1/cmr/m/n/10 . The suite records fail-ures and con-tin-ues un-
less \OT1/cmtt/m/n/10 --stop-on-error
 []

[2

]
Overfull \hbox (62.53665pt too wide) in alignment at lines 19--19
 [] [] [] [] [] [] [] 
 []


Overfull \hbox (62.53665pt too wide) in alignment at lines 19--25
 [] [] [] [] [] [] [] 
 []

[3

]
<schematics/anneal__annealCompression_schematic.png, id=101, 346.896pt x 173.44
8pt>
File: schematics/anneal__annealCompression_schematic.png Graphic file (type png
)
<use schematics/anneal__annealCompression_schematic.png>
Package pdftex.def Info: schematics/anneal__annealCompression_schematic.png  us
ed on input line 81.
(pdftex.def)             Requested size: 374.35666pt x 187.1887pt.


LaTeX Warning: `!h' float specifier changed to `!ht'.

[4

]
Underfull \hbox (badness 10000) in paragraph at lines 99--99
[]|\OT1/cmr/m/n/7 reactionHistory.csv when present;
 []


Underfull \hbox (badness 10000) in paragraph at lines 99--99
\OT1/cmr/m/n/7 train/-pres-sure/-plas-tic/-dam-age/ve-
 []


Underfull \hbox (badness 1990) in paragraph at lines 99--99
\OT1/cmr/m/n/7 com-po-nents are avail-able; com-po-
 []


Underfull \hbox (badness 1014) in paragraph at lines 99--99
\OT1/cmr/m/n/7 strain/-mo-men-tum when com-po-nent
 []


Overfull \hbox (135.28404pt too wide) in paragraph at lines 99--101
 []\OT1/cmr/bx/n/10 Verification plot-ting plan.[] []
 []


Underfull \hbox (badness 10000) in paragraph at lines 99--101

 []

[5 <./schematics/anneal__annealCompression_schematic.png>]
<schematics/anneal__annealTension_schematic.png, id=163, 346.896pt x 173.448pt>

File: schematics/anneal__annealTension_schematic.png Graphic file (type png)
<use schematics/anneal__annealTension_schematic.png>
Package pdftex.def Info: schematics/anneal__annealTension_schematic.png  used o
n input line 115.
(pdftex.def)             Requested size: 374.35666pt x 187.1887pt.

Underfull \hbox (badness 10000) in paragraph at lines 133--133
[]|\OT1/cmr/m/n/7 reactionHistory.csv when present;
 []


Underfull \hbox (badness 10000) in paragraph at lines 133--133
\OT1/cmr/m/n/7 train/-pres-sure/-plas-tic/-dam-age/ve-
 []


Underfull \hbox (badness 1990) in paragraph at lines 133--133
\OT1/cmr/m/n/7 com-po-nents are avail-able; com-po-
 []


Underfull \hbox (badness 1014) in paragraph at lines 133--133
\OT1/cmr/m/n/7 strain/-mo-men-tum when com-po-nent
 []


Overfull \hbox (135.28404pt too wide) in paragraph at lines 133--135
 []\OT1/cmr/bx/n/10 Verification plot-ting plan.[] []
 []


Underfull \hbox (badness 10000) in paragraph at lines 133--135

 []

[6

 <./schematics/anneal__annealTension_schematic.png>]
<schematics/cohesiveZones__cz_gridAligned_schematic.png, id=180, 346.896pt x 17
3.448pt>
File: schematics/cohesiveZones__cz_gridAligned_schematic.png Graphic file (type
 png)
<use schematics/cohesiveZones__cz_gridAligned_schematic.png>
Package pdftex.def Info: schematics/cohesiveZones__cz_gridAligned_schematic.png
  used on input line 149.
(pdftex.def)             Requested size: 374.35666pt x 187.1887pt.

Underfull \hbox (badness 10000) in paragraph at lines 170--170
[]|\OT1/cmr/m/n/7 reactionHistory.csv when present;
 []


Underfull \hbox (badness 10000) in paragraph at lines 170--170
\OT1/cmr/m/n/7 train/-pres-sure/-plas-tic/-dam-age/ve-
 []


Underfull \hbox (badness 1990) in paragraph at lines 170--170
\OT1/cmr/m/n/7 com-po-nents are avail-able; com-po-
 []


Underfull \hbox (badness 1014) in paragraph at lines 170--170
\OT1/cmr/m/n/7 strain/-mo-men-tum when com-po-nent
 []


Overfull \hbox (135.28404pt too wide) in paragraph at lines 170--172
 []\OT1/cmr/bx/n/10 Verification plot-ting plan.[] []
 []


Underfull \hbox (badness 10000) in paragraph at lines 170--172

 []

[7

 <./schematics/cohesiveZones__cz_gridAligned_schematic.png>]
<schematics/geomechanics__geoModel_FTable_schematic.png, id=199, 462.528pt x 26
7.399pt>
File: schematics/geomechanics__geoModel_FTable_schematic.png Graphic file (type
 png)
<use schematics/geomechanics__geoModel_FTable_schematic.png>
Package pdftex.def Info: schematics/geomechanics__geoModel_FTable_schematic.png
  used on input line 187.
(pdftex.def)             Requested size: 374.35666pt x 216.43695pt.

Overfull \hbox (42.21098pt too wide) in paragraph at lines 209--209
[]|\OT1/cmr/m/n/7 plotReactions[]geomechanicsBuckling.py| 
 []


Overfull \hbox (31.86371pt too wide) in paragraph at lines 209--209
[]|\OT1/cmr/m/n/7 plotReactions[]geomechanicsDemo.py| 
 []


Overfull \hbox (29.55817pt too wide) in paragraph at lines 209--209
[]|\OT1/cmr/m/n/7 plotReactions[]geomechanicsHYD.py| 
 []


Overfull \hbox (28.83592pt too wide) in paragraph at lines 209--209
[]|\OT1/cmr/m/n/7 plotReactions[]geomechanicsTXC.py| 
 []


Overfull \hbox (38.60124pt too wide) in paragraph at lines 209--209
[]|\OT1/cmr/m/n/7 plotReactions[]geomechanicsTension.py| 
 []


Overfull \hbox (81.40561pt too wide) in paragraph at lines 209--209
[]|\OT1/cmr/m/n/7 plotReactions[]geomechanicsUnconfinedBuckling.py| 
 []


Overfull \hbox (135.28404pt too wide) in paragraph at lines 209--211
 []\OT1/cmr/bx/n/10 Verification plot-ting plan.[] []
 []


Underfull \hbox (badness 10000) in paragraph at lines 209--211

 []

[8

 <./schematics/geomechanics__geoModel_FTable_schematic.png>]
<../geomechanics/output/geomechanics__geoModel_FTable/geomechanics__geoModel_FT
able_initial_pressure.png, id=207, 1606.0pt x 1606.0pt>
File: ../geomechanics/output/geomechanics__geoModel_FTable/geomechanics__geoMod
el_FTable_initial_pressure.png Graphic file (type png)
<use ../geomechanics/output/geomechanics__geoModel_FTable/geomechanics__geoMode
l_FTable_initial_pressure.png>
Package pdftex.def Info: ../geomechanics/output/geomechanics__geoModel_FTable/g
eomechanics__geoModel_FTable_initial_pressure.png  used on input line 213.
(pdftex.def)             Requested size: 165.78593pt x 165.78008pt.
<../geomechanics/output/geomechanics__geoModel_FTable/geomechanics__geoModel_FT
able_final_plasticStrainMagnitude.png, id=208, 1606.0pt x 1606.0pt>
File: ../geomechanics/output/geomechanics__geoModel_FTable/geomechanics__geoMod
el_FTable_final_plasticStrainMagnitude.png Graphic file (type png)
<use ../geomechanics/output/geomechanics__geoModel_FTable/geomechanics__geoMode
l_FTable_final_plasticStrainMagnitude.png>
Package pdftex.def Info: ../geomechanics/output/geomechanics__geoModel_FTable/g
eomechanics__geoModel_FTable_final_plasticStrainMagnitude.png  used on input li
ne 214.
(pdftex.def)             Requested size: 165.78593pt x 165.78008pt.
<../geomechanics/output/geomechanics__geoModel_FTable/geomechanics__geoModel_FT
able_reaction.png, id=209, 520.344pt x 303.534pt>
File: ../geomechanics/output/geomechanics__geoModel_FTable/geomechanics__geoMod
el_FTable_reaction.png Graphic file (type png)
<use ../geomechanics/output/geomechanics__geoModel_FTable/geomechanics__geoMode
l_FTable_reaction.png>
Package pdftex.def Info: ../geomechanics/output/geomechanics__geoModel_FTable/g
eomechanics__geoModel_FTable_reaction.png  used on input line 215.
(pdftex.def)             Requested size: 165.78593pt x 96.70676pt.
<../geomechanics/output/geomechanics__geoModel_FTable/geomechanics__geoModel_FT
able_box_damage.png, id=210, 520.344pt x 303.534pt>
File: ../geomechanics/output/geomechanics__geoModel_FTable/geomechanics__geoMod
el_FTable_box_damage.png Graphic file (type png)
<use ../geomechanics/output/geomechanics__geoModel_FTable/geomechanics__geoMode
l_FTable_box_damage.png>
Package pdftex.def Info: ../geomechanics/output/geomechanics__geoModel_FTable/g
eomechanics__geoModel_FTable_box_damage.png  used on input line 216.
(pdftex.def)             Requested size: 165.78593pt x 96.70676pt.
<../geomechanics/output/geomechanics__geoModel_FTable/geomechanics__geoModel_FT
able_box_energy.png, id=211, 520.344pt x 303.534pt>
File: ../geomechanics/output/geomechanics__geoModel_FTable/geomechanics__geoMod
el_FTable_box_energy.png Graphic file (type png)
<use ../geomechanics/output/geomechanics__geoModel_FTable/geomechanics__geoMode
l_FTable_box_energy.png>
Package pdftex.def Info: ../geomechanics/output/geomechanics__geoModel_FTable/g
eomechanics__geoModel_FTable_box_energy.png  used on input line 217.
(pdftex.def)             Requested size: 165.78593pt x 96.70676pt.
<../geomechanics/output/geomechanics__geoModel_FTable/geomechanics__geoModel_FT
able_box_stress.png, id=212, 520.344pt x 303.534pt>
File: ../geomechanics/output/geomechanics__geoModel_FTable/geomechanics__geoMod
el_FTable_box_stress.png Graphic file (type png)
<use ../geomechanics/output/geomechanics__geoModel_FTable/geomechanics__geoMode
l_FTable_box_stress.png>
Package pdftex.def Info: ../geomechanics/output/geomechanics__geoModel_FTable/g
eomechanics__geoModel_FTable_box_stress.png  used on input line 218.
(pdftex.def)             Requested size: 165.78593pt x 96.70676pt.
 [9 <../geomechanics/output/geomechanics__geoModel_FTable/geomechanics__geoMode
l_FTable_initial_pressure.png (PNG copy)> <../geomechanics/output/geomechanics_
_geoModel_FTable/geomechanics__geoModel_FTable_final_plasticStrainMagnitude.png
 (PNG copy)> <../geomechanics/output/geomechanics__geoModel_FTable/geomechanics
__geoModel_FTable_reaction.png> <../geomechanics/output/geomechanics__geoModel_
FTable/geomechanics__geoModel_FTable_box_damage.png> <../geomechanics/output/ge
omechanics__geoModel_FTable/geomechanics__geoModel_FTable_box_energy.png> <../g
eomechanics/output/geomechanics__geoModel_FTable/geomechanics__geoModel_FTable_
box_stress.png>]
<schematics/implicitFluid__fluidPressure_schematic.png, id=226, 346.896pt x 173
.448pt>
File: schematics/implicitFluid__fluidPressure_schematic.png Graphic file (type 
png)
<use schematics/implicitFluid__fluidPressure_schematic.png>
Package pdftex.def Info: schematics/implicitFluid__fluidPressure_schematic.png 
 used on input line 227.
(pdftex.def)             Requested size: 374.35666pt x 187.1887pt.

Underfull \hbox (badness 10000) in paragraph at lines 247--247
[]|\OT1/cmr/m/n/7 reactionHistory.csv when present;
 []


Underfull \hbox (badness 10000) in paragraph at lines 247--247
\OT1/cmr/m/n/7 train/-pres-sure/-plas-tic/-dam-age/ve-
 []


Underfull \hbox (badness 1990) in paragraph at lines 247--247
\OT1/cmr/m/n/7 com-po-nents are avail-able; com-po-
 []


Underfull \hbox (badness 1014) in paragraph at lines 247--247
\OT1/cmr/m/n/7 strain/-mo-men-tum when com-po-nent
 []


Overfull \hbox (135.28404pt too wide) in paragraph at lines 247--249
 []\OT1/cmr/bx/n/10 Verification plot-ting plan.[] []
 []


Underfull \hbox (badness 10000) in paragraph at lines 247--249

 []

[10

 <./schematics/implicitFluid__fluidPressure_schematic.png>]
(./verification_suite_report.aux)
Package rerunfilecheck Info: File `verification_suite_report.out' has not chang
ed.
(rerunfilecheck)             Checksum: 7C3A863FBFDB7410F5F0030455226BDD;2714.
 ) 
Here is how much of TeX's memory you used:
 11221 strings out of 478268
 189561 string characters out of 5754030
 740435 words of memory out of 5000000
 29173 multiletter control sequences out of 15000+600000
 474651 words of font info for 47 fonts, out of 8000000 for 9000
 1141 hyphenation exceptions out of 8191
 60i,9n,63p,413b,1055s stack positions out of 10000i,1000n,20000p,200000b,200000s
{/usr/tce/backend/installations/linux-rhel8-x86_64/gcc-10.3.1/texlive-2022032
1-5dvbmoj4mr7bmfyzzzstanspbcoex6ij/texmf-dist/fonts/enc/dvips/cm-super/cm-super
-ts1.enc}</usr/tce/backend/installations/linux-rhel8-x86_64/gcc-10.3.1/texlive-
20220321-5dvbmoj4mr7bmfyzzzstanspbcoex6ij/texmf-dist/fonts/type1/public/amsfont
s/cm/cmbx10.pfb></usr/tce/backend/installations/linux-rhel8-x86_64/gcc-10.3.1/t
exlive-20220321-5dvbmoj4mr7bmfyzzzstanspbcoex6ij/texmf-dist/fonts/type1/public/
amsfonts/cm/cmbx12.pfb></usr/tce/backend/installations/linux-rhel8-x86_64/gcc-1
0.3.1/texlive-20220321-5dvbmoj4mr7bmfyzzzstanspbcoex6ij/texmf-dist/fonts/type1/
public/amsfonts/cm/cmr10.pfb></usr/tce/backend/installations/linux-rhel8-x86_64
/gcc-10.3.1/texlive-20220321-5dvbmoj4mr7bmfyzzzstanspbcoex6ij/texmf-dist/fonts/
type1/public/amsfonts/cm/cmr12.pfb></usr/tce/backend/installations/linux-rhel8-
x86_64/gcc-10.3.1/texlive-20220321-5dvbmoj4mr7bmfyzzzstanspbcoex6ij/texmf-dist/
fonts/type1/public/amsfonts/cm/cmr17.pfb></usr/tce/backend/installations/linux-
rhel8-x86_64/gcc-10.3.1/texlive-20220321-5dvbmoj4mr7bmfyzzzstanspbcoex6ij/texmf
-dist/fonts/type1/public/amsfonts/cm/cmr5.pfb></usr/tce/backend/installations/l
inux-rhel8-x86_64/gcc-10.3.1/texlive-20220321-5dvbmoj4mr7bmfyzzzstanspbcoex6ij/
texmf-dist/fonts/type1/public/amsfonts/cm/cmr7.pfb></usr/tce/backend/installati
ons/linux-rhel8-x86_64/gcc-10.3.1/texlive-20220321-5dvbmoj4mr7bmfyzzzstanspbcoe
x6ij/texmf-dist/fonts/type1/public/amsfonts/cm/cmtt10.pfb></usr/tce/backend/ins
tallations/linux-rhel8-x86_64/gcc-10.3.1/texlive-20220321-5dvbmoj4mr7bmfyzzzsta
nspbcoex6ij/texmf-dist/fonts/type1/public/amsfonts/cm/cmtt8.pfb></usr/tce/backe
nd/installations/linux-rhel8-x86_64/gcc-10.3.1/texlive-20220321-5dvbmoj4mr7bmfy
zzzstanspbcoex6ij/texmf-dist/fonts/type1/public/amsfonts/cm/cmtt9.pfb></usr/tce
/backend/installations/linux-rhel8-x86_64/gcc-10.3.1/texlive-20220321-5dvbmoj4m
r7bmfyzzzstanspbcoex6ij/texmf-dist/fonts/type1/public/cm-super/sfrm1000.pfb>
Output written on verification_suite_report.pdf (10 pages, 546993 bytes).
PDF statistics:
 319 PDF objects out of 1000 (max. 8388607)
 262 compressed objects within 3 object streams
 119 named destinations out of 1000 (max. 500000)
 168 words of extra memory for PDF output out of 10000 (max. 10000000)

