Num ranks: 3
Max threads: 14
MKL max threads: 14

********************************************************************
*                                                                  *
*    WARNING: OMP_NUM_THREADS > 1 MAY NOT BE OPTIMAL FOR CERTAIN   *
*             HYPRE PRECONDITIONING OPTIONS!                       *
*                                                                  *
********************************************************************

GEOS version: 1.1.0 (feature/bd713/GraphColoringFix, sha1: d320a1842)
  - c++ compiler: gcc 12.1.1
  - openmp version: 201511
  - MPI version: MVAPICH2 Version      :	2.3.7
MVAPICH2 Release date :	Wed March 02 22:00:00 EST 2022
MVAPICH2 Device       :	ch3:psm
MVAPICH2 configure    :	--prefix=/usr/tce/backend/installations/linux-rhel8-x86_64/gcc-12.1.1/mvapich2-2.3.7-hlwzsja33ivcoycpcoluwasfr525id7q --enable-shared --enable-romio --disable-silent-rules --disable-new-dtags --enable-fortran=all --enable-threads=multiple --with-ch3-rank-bits=32 --enable-wrapper-rpath=yes --disable-alloca --enable-fast=all --disable-cuda --enable-registration-cache --with-pm=hydra --with-device=ch3:psm --with-psm2=/usr --with-file-system=lustre+nfs+ufs --enable-llnl-site-specific-options --enable-debuginfo
MVAPICH2 CC           :	/usr/tce/spack/lib/spack/env/gcc/gcc    -DNDEBUG -DNVALGRIND -O2
MVAPICH2 CXX          :	/usr/tce/spack/lib/spack/env/gcc/g++   -DNDEBUG -DNVALGRIND -O2
MVAPICH2 F77          :	/usr/tce/spack/lib/spack/env/gcc/gfortran   -O2
MVAPICH2 FC           :	/usr/tce/spack/lib/spack/env/gcc/gfortran   -O2

  - HDF5 version: 1.12.1
  - Conduit version: 0.9.2
  - VTK version: 9.4.2
  - RAJA version: 2025.3.0
  - umpire version: 2025.3.0
  - chai version: 2025.3.0
  - adiak version: ..
  - caliper version: ..
  - METIS version: 5.1.0
  - PARAMETIS version: 4.0.0
  - scotch version: 7.0.3
  - superlu_dist version: 6.3.0
  - suitesparse version: 5.7.9
  - hypre version: v2.33.0-12-gbe52325a3 (HEAD)
  - trilinos version: 16.1.0
  - Python3 version: 3.10.8
Started at 2025-06-14 05:04:57.615639688
Opened XML file: /usr/WS2/settgast/Codes/geosx/GEOS_hf/temp/enforceMapConvention/ContactMechanics_SingleFracCompression_smoke.xml
Included additional XML file: /usr/WS2/settgast/Codes/geosx/GEOS_hf/temp/enforceMapConvention/SingleFracCompression_smoke.xml
Included additional XML file: /usr/WS2/settgast/Codes/geosx/GEOS_hf/temp/enforceMapConvention/SingleFracCompression_base.xml
Solvers: adding SolidMechanicsLagrangeContact lagrangiancontact
FiniteVolume: adding TwoPointFluxApproximation TPFAstabilization
Events: adding SoloEvent preFracture
Events: adding SoloEvent outputs2
Events: adding PeriodicEvent solverApplications
Events: adding PeriodicEvent outputs
Events: adding PeriodicEvent restarts
Events: adding PeriodicEvent timeHistoryCollection
Events: adding PeriodicEvent timeHistoryOutput
Events: adding PeriodicEvent timeHistoryCollection1
Events: adding PeriodicEvent timeHistoryOutput1
Mesh: adding VTKMesh CubeHex
Geometry: adding Rectangle fracture
Geometry: adding Rectangle core
Geometry: adding Box rightPoint
Geometry: adding Box leftPoint
Geometry: adding Box topPoint
Geometry: adding Box bottomPoint
Geometry: adding Box front
Geometry: adding Box rear
Geometry: adding Box xmin
Geometry: adding Box xmax
Solvers: adding SurfaceGenerator SurfaceGen
FiniteElements: adding FiniteElementSpace FE1
FieldSpecifications: adding FieldSpecification frac
FieldSpecifications: adding FieldSpecification separableFace
FieldSpecifications: adding FieldSpecification xconstraint
FieldSpecifications: adding FieldSpecification yconstraint
FieldSpecifications: adding FieldSpecification zconstraint
FieldSpecifications: adding FieldSpecification Sigmax
Tasks: adding PackCollection tractionCollection
Tasks: adding PackCollection displacementJumpCollection
Outputs: adding VTK vtkOutput
Outputs: adding TimeHistory timeHistoryOutput
Outputs: adding TimeHistory timeHistoryOutput1
Outputs: adding Restart restartOutput
Constitutive: adding ElasticIsotropic rock
Constitutive: adding Coulomb frictionLaw
ElementRegions: adding CellElementRegion Region
ElementRegions: adding SurfaceElementRegion Fracture

----------------------------------------------------------------
|             lagrangiancontact: nonlinear solver              |
|--------------------------------------------------------------|
|                 Parameter                  |      Value      |
|--------------------------------------------|-----------------|
|                                 Log level  |              2  |
|                               Line search  |                 |
|                                    Action  |        Require  |
|                        Interpolation type  |         Linear  |
|                    Maximum number of cuts  |              2  |
|                                Cut factor  |            0.5  |
|                        Starting iteration  |              0  |
|                  Residual increase factor  |              1  |
|                   Norm type (flow solver)  |      Linfinity  |
|               Minimum residual normalizer  |          1e-12  |
|                     Convergence tolerance  |          1e-08  |
|                        Maximum iterations  |             10  |
|                        Minimum iterations  |              1  |
|             Maximum allowed residual norm  |     1000000000  |
|                       Allow non-converged  |              0  |
|       Time-step decrease iterations limit  |            0.7  |
|       Time-step increase iterations limit  |            0.4  |
|                 Time-step decrease factor  |            0.5  |
|                 Time-step increase factor  |            0.5  |
|                      Time-step cut factor  |            0.5  |
|       Minimum time-step increase interval  |             10  |
|                    Maximum time-step cuts  |              2  |
|                    Maximum sub time-steps  |             10  |
|  Maximum number of configuration attempts  |             10  |
|                             Coupling type  |  FullyImplicit  |
----------------------------------------------------------------


####################################################################################################
##                                        Mesh generation                                         ##
####################################################################################################

VTKMesh 'CubeHex': reading mesh from /usr/WS2/settgast/Codes/geosx/GEOS_hf/temp/enforceMapConvention/coarse2fixed_hexa_id.vtu
Generating global Ids from VTK mesh
VTKMesh 'CubeHex': generating GEOS mesh data structure

-----------------------------------------------------------------------------
|                      Load balancing, element / rank                       |
|---------------------------------------------------------------------------|
|   Element type   |  Total over ranks  |  minimum  |  average  |  maximum  |
|------------------|--------------------|-----------|-----------|-----------|
|  C3D8            |               174  |       57  |       58  |       59  |
|  total elements  |               174  |       57  |       58  |       59  |
-----------------------------------------------------------------------------

No face block "faceElementSubRegion" was found in the mesh. Empty surface region was created.
MPI Partitioning information:

--------------------------------------------------------------------------------------------------------------------
|                                           Mesh partitioning over ranks                                           |
|------------------------------------------------------------------------------------------------------------------|
|      Ranks       |         Nodes         |         Edges         |         Faces         |         Elems         |
|------------------|-----------------------|-----------------------|-----------------------|-----------------------|
|                  | Local | Ghost | Total | Local | Ghost | Total | Local | Ghost | Total | Local | Ghost | Total |
|------------------|-------|-------|-------|-------|-------|-------|-------|-------|-------|-------|-------|-------|
|                0 |   144 |    52 |   196 |   332 |   122 |   454 |   248 |    92 |   340 |    59 |    22 |    81 |
|------------------|-------|-------|-------|-------|-------|-------|-------|-------|-------|-------|-------|-------|
|                1 |   116 |   108 |   224 |   290 |   224 |   514 |   232 |   149 |   381 |    58 |    32 |    90 |
|                2 |   106 |    76 |   182 |   273 |   148 |   421 |   224 |    91 |   315 |    57 |    18 |    75 |
|------------------|-------|-------|-------|-------|-------|-------|-------|-------|-------|-------|-------|-------|
|              sum |   366 |   236 |   602 |   895 |   494 | 1,389 |   704 |   332 | 1,036 |   174 |    72 |   246 |
|              min |   106 |    52 |   158 |   273 |   122 |   395 |   224 |    91 |   315 |    57 |    18 |    75 |
|              max |   144 |   108 |   252 |   332 |   224 |   556 |   248 |   149 |   397 |    59 |    32 |    91 |
|------------------|-----------------------|-----------------------|-----------------------|-----------------------|
| min(local/total) |    0.5178571428571429 |    0.5642023346303502 |    0.6089238845144357 |    0.6444444444444445 |
| max(local/total) |    0.7346938775510204 |    0.7312775330396476 |    0.7294117647058823 |                  0.76 |
--------------------------------------------------------------------------------------------------------------------


##                                     End of Mesh generation                                     ##
####################################################################################################


####################################################################################################
##                                       Numerical Methods                                        ##
####################################################################################################

regionQuadrature: meshBodyName, meshLevelName, regionName, subRegionName = CubeHex, Level0, Fracture, faceElementSubRegion
CubeHex/Level0/Fracture/faceElementSubRegion/frictionLaw allocated 1 quadrature points
regionQuadrature: meshBodyName, meshLevelName, regionName, subRegionName = CubeHex, Level0, Region, hexahedra
CubeHex/Level0/Region/hexahedra/rock allocated 8 quadrature points

##                                    End of Numerical Methods                                    ##
####################################################################################################


####################################################################################################
##                                         Import fields                                          ##
####################################################################################################

CubeHex: importing field data from mesh dataset
  mesh level = Level0
  volumic fields on Region/hexahedra
  surfaic fields on Fracture/faceElementSubRegion
  mesh level = FE1
  volumic fields on Region/hexahedra
  surfaic fields on Fracture/faceElementSubRegion

##                                      End of Import fields                                      ##
####################################################################################################

Time: 0.00e+00 s, dt: 1 s, Cycle: 0


####################################################################################################
##                                            TIMESTEP                                            ##
####################################################################################################
##  - Time        : 00h00m00s out of 00h00m01s (0% completed)                                     ##
##                  0 s / 1 s                                                                     ##
##  - Delta Time  : 00h00m01s (1 s)                                                               ##
##  - Cycle       : 0                                                                             ##

***** before split *****
***** rank 0
 rank 0, face 0/0: ( 0, 0, 9/20 ) ( -1, -1, -1/-1 )
 rank 0, face 1/1: ( 0, 0, 14/27 ) ( -1, -1, -1/-1 )
 rank 0, face 2/2: ( 0, 0, 9/20 ) ( 0, 0, 14/27 )
 rank 0, face 3/3: ( 0, 0, 9/20 ) ( -1, -1, -1/-1 )
 rank 0, face 4/4: ( 0, 0, 14/27 ) ( -1, -1, -1/-1 )
 rank 0, face 5/5: ( 0, 0, 34/85 ) ( -1, -1, -1/-1 )
 rank 0, face 6/6: ( 0, 0, 34/85 ) ( 0, 0, 53/172 )
 rank 0, face 7/7: ( 0, 0, 53/172 ) ( 0, 0, 69/171 )
 rank 0, face 8/8: ( 0, 0, 34/85 ) ( -1, -1, -1/-1 )
 rank 0, face 9/9: ( 0, 0, 53/172 ) ( -1, -1, -1/-1 )
 rank 0, face 10/10: ( 0, 0, 13/26 ) ( 0, 0, 63/116 )
 rank 0, face 11/11: ( 0, 0, 26/61 ) ( 0, 0, 43/125 )
 rank 0, face 12/12: ( 0, 0, 13/26 ) ( 0, 0, 26/61 )
 rank 0, face 13/13: ( 0, 0, 43/125 ) ( 0, 0, 63/116 )
 rank 0, face 14/14: ( 0, 0, 13/26 ) ( -1, -1, -1/-1 )
 rank 0, face 15/15: ( 0, 0, 26/61 ) ( -1, -1, -1/-1 )
 rank 0, face 16/16: ( 0, 0, 43/125 ) ( -1, -1, -1/-1 )
 rank 0, face 17/17: ( 0, 0, 2/5 ) ( 0, 0, 39/104 )
 rank 0, face 18/18: ( 0, 0, 18/46 ) ( 0, 0, 46/139 )
 rank 0, face 19/19: ( 0, 0, 2/5 ) ( 0, 0, 18/46 )
 rank 0, face 20/20: ( 0, 0, 39/104 ) ( 0, 0, 46/139 )
 rank 0, face 21/21: ( 0, 0, 2/5 ) ( -1, -1, -1/-1 )
 rank 0, face 22/22: ( 0, 0, 39/104 ) ( -1, -1, -1/-1 )
 rank 0, face 23/23: ( 0, 0, 18/46 ) ( -1, -1, -1/-1 )
 rank 0, face 24/24: ( 0, 0, 46/139 ) ( -1, -1, -1/-1 )
 rank 0, face 25/25: ( 0, 0, 13/26 ) ( -1, -1, -1/-1 )
 rank 0, face 26/26: ( 0, 0, 26/61 ) ( -1, -1, -1/-1 )
 rank 0, face 27/27: ( 0, 0, 43/125 ) ( -1, -1, -1/-1 )
 rank 0, face 28/28: ( 0, 0, 9/20 ) ( -1, -1, -1/-1 )
 rank 0, face 29/29: ( 0, 0, 14/27 ) ( -1, -1, -1/-1 )
 rank 0, face 30/30: ( 0, 0, 18/46 ) ( -1, -1, -1/-1 )
 rank 0, face 31/31: ( 0, 0, 46/139 ) ( -1, -1, -1/-1 )
 rank 0, face 32/32: ( 0, 0, 2/5 ) ( -1, -1, -1/-1 )
 rank 0, face 33/33: ( 0, 0, 39/104 ) ( -1, -1, -1/-1 )
 rank 0, face 34/34: ( 0, 0, 34/85 ) ( -1, -1, -1/-1 )
 rank 0, face 35/35: ( 0, 0, 53/172 ) ( -1, -1, -1/-1 )
 rank 0, face 36/36: ( 0, 0, 5/13 ) ( -1, -1, -1/-1 )
 rank 0, face 37/37: ( 0, 0, 5/13 ) ( -1, -1, -1/-1 )
 rank 0, face 38/38: ( 0, 0, 5/13 ) ( 0, 0, 9/20 )
 rank 0, face 39/39: ( 0, 0, 5/13 ) ( 0, 0, 57/40 )
 rank 0, face 40/40: ( 0, 0, 55/9 ) ( -1, -1, -1/-1 )
 rank 0, face 41/41: ( 0, 0, 55/9 ) ( 0, 0, 57/40 )
 rank 0, face 42/42: ( 0, 0, 57/40 ) ( -1, -1, -1/-1 )
 rank 0, face 43/43: ( 0, 0, 55/9 ) ( -1, -1, -1/-1 )
 rank 0, face 44/44: ( 0, 0, 14/27 ) ( 0, 0, 34/85 )
 rank 0, face 45/45: ( 0, 0, 35/86 ) ( 0, 0, 42/124 )
 rank 0, face 46/46: ( 0, 0, 35/86 ) ( -1, -1, -1/-1 )
 rank 0, face 47/47: ( 0, 0, 42/124 ) ( -1, -1, -1/-1 )
 rank 0, face 48/48: ( 0, 0, 34/85 ) ( 0, 0, 35/86 )
 rank 0, face 49/49: ( 0, 0, 42/124 ) ( 0, 0, 53/172 )
 rank 0, face 50/50: ( 0, 0, 19/49 ) ( 0, 0, 45/138 )
 rank 0, face 51/51: ( 0, 0, 19/49 ) ( -1, -1, -1/-1 )
 rank 0, face 52/52: ( 0, 0, 45/138 ) ( -1, -1, -1/-1 )
 rank 0, face 53/53: ( 0, 0, 19/49 ) ( 0, 0, 35/86 )
 rank 0, face 54/54: ( 0, 0, 42/124 ) ( 0, 0, 45/138 )
 rank 0, face 55/55: ( 0, 0, 11/24 ) ( 0, 0, 40/115 )
 rank 0, face 56/56: ( 0, 0, 11/24 ) ( -1, -1, -1/-1 )
 rank 0, face 57/57: ( 0, 0, 40/115 ) ( -1, -1, -1/-1 )
 rank 0, face 58/58: ( 0, 0, 11/24 ) ( 0, 0, 19/49 )
 rank 0, face 59/59: ( 0, 0, 40/115 ) ( 0, 0, 45/138 )
 rank 0, face 60/60: ( 0, 0, 12/25 ) ( 0, 0, 44/129 )
 rank 0, face 61/61: ( 0, 0, 12/25 ) ( -1, -1, -1/-1 )
 rank 0, face 62/62: ( 0, 0, 44/129 ) ( -1, -1, -1/-1 )
 rank 0, face 63/63: ( 0, 0, 11/24 ) ( 0, 0, 12/25 )
 rank 0, face 64/64: ( 0, 0, 40/115 ) ( 0, 0, 44/129 )
 rank 0, face 65/65: ( 0, 0, 2/5 ) ( 0, 0, 12/25 )
 rank 0, face 66/66: ( 0, 0, 39/104 ) ( 0, 0, 44/129 )
 rank 0, face 67/67: ( 0, 0, 13/26 ) ( 0, 0, 71/67 )
 rank 0, face 68/68: ( 0, 0, 25/60 ) ( 0, 0, 36/154 )
 rank 0, face 69/69: ( 0, 0, 25/60 ) ( -1, -1, -1/-1 )
 rank 0, face 70/70: ( 0, 0, 36/154 ) ( -1, -1, -1/-1 )
 rank 0, face 71/71: ( 0, 0, 18/46 ) ( 0, 0, 25/60 )
 rank 0, face 72/72: ( 0, 0, 36/154 ) ( 0, 0, 46/139 )
 rank 0, face 73/73: ( 0, 0, 22/55 ) ( 0, 0, 37/155 )
 rank 0, face 74/74: ( 0, 0, 22/55 ) ( -1, -1, -1/-1 )
 rank 0, face 75/75: ( 0, 0, 37/155 ) ( -1, -1, -1/-1 )
 rank 0, face 76/76: ( 0, 0, 22/55 ) ( 0, 0, 25/60 )
 rank 0, face 77/77: ( 0, 0, 36/154 ) ( 0, 0, 37/155 )
 rank 0, face 78/78: ( 0, 0, 22/55 ) ( 0, 0, 26/61 )
 rank 0, face 79/79: ( 0, 0, 37/155 ) ( 0, 0, 43/125 )
 rank 0, face 80/80: ( 0, 0, 5/13 ) ( -1, -1, -1/-1 )
 rank 0, face 81/81: ( 0, 0, 57/40 ) ( -1, -1, -1/-1 )
 rank 0, face 82/82: ( 0, 0, 55/9 ) ( -1, -1, -1/-1 )
 rank 0, face 83/83: ( 0, 0, 22/55 ) ( -1, -1, -1/-1 )
 rank 0, face 84/84: ( 0, 0, 37/155 ) ( -1, -1, -1/-1 )
 rank 0, face 85/85: ( 0, 0, 25/60 ) ( -1, -1, -1/-1 )
 rank 0, face 86/86: ( 0, 0, 36/154 ) ( -1, -1, -1/-1 )
 rank 0, face 87/87: ( 0, 0, 12/25 ) ( -1, -1, -1/-1 )
 rank 0, face 88/88: ( 0, 0, 44/129 ) ( -1, -1, -1/-1 )
 rank 0, face 89/89: ( 0, 0, 11/24 ) ( -1, -1, -1/-1 )
 rank 0, face 90/90: ( 0, 0, 40/115 ) ( -1, -1, -1/-1 )
 rank 0, face 91/91: ( 0, 0, 19/49 ) ( -1, -1, -1/-1 )
 rank 0, face 92/92: ( 0, 0, 45/138 ) ( -1, -1, -1/-1 )
 rank 0, face 93/93: ( 0, 0, 35/86 ) ( -1, -1, -1/-1 )
 rank 0, face 94/94: ( 0, 0, 42/124 ) ( -1, -1, -1/-1 )
 rank 0, face 95/95: ( 0, 0, 29/65 ) ( -1, -1, -1/-1 )
 rank 0, face 96/96: ( 0, 0, 10/23 ) ( -1, -1, -1/-1 )
 rank 0, face 97/97: ( 0, 0, 30/75 ) ( -1, -1, -1/-1 )
 rank 0, face 98/98: ( 0, 0, 58/58 ) ( -1, -1, -1/-1 )
 rank 0, face 99/99: ( 0, 0, 30/75 ) ( 0, 0, 58/58 )
 rank 0, face 100/100: ( 0, 0, 29/65 ) ( 0, 0, 30/75 )
 rank 0, face 101/101: ( 0, 0, 10/23 ) ( 0, 0, 29/65 )
 rank 0, face 102/102: ( 0, 0, 10/23 ) ( 0, 0, 58/58 )
 rank 0, face 103/103: ( 0, 0, 1/4 ) ( -1, -1, -1/-1 )
 rank 0, face 104/104: ( 0, 0, 4/12 ) ( -1, -1, -1/-1 )
 rank 0, face 105/105: ( 0, 0, 1/4 ) ( 0, 0, 4/12 )
 rank 0, face 106/106: ( 0, 0, 8/19 ) ( -1, -1, -1/-1 )
 rank 0, face 107/107: ( 0, 0, 1/4 ) ( 0, 0, 8/19 )
 rank 0, face 108/108: ( 0, 0, 24/57 ) ( -1, -1, -1/-1 )
 rank 0, face 109/109: ( 0, 0, 4/12 ) ( 0, 0, 24/57 )
 rank 0, face 110/110: ( 0, 0, 8/19 ) ( 0, 0, 24/57 )
 rank 0, face 111/111: ( 0, 0, 7/16 ) ( -1, -1, -1/-1 )
 rank 0, face 112/112: ( 0, 0, 6/15 ) ( -1, -1, -1/-1 )
 rank 0, face 113/113: ( 0, 0, 6/15 ) ( 0, 0, 7/16 )
 rank 0, face 114/114: ( 0, 0, 7/16 ) ( 0, 0, 29/65 )
 rank 0, face 115/115: ( 0, 0, 4/12 ) ( 0, 0, 29/65 )
 rank 0, face 116/116: ( 0, 0, 1/4 ) ( 0, 0, 6/15 )
 rank 0, face 117/117: ( 0, 0, 0/2 ) ( -1, -1, -1/-1 )
 rank 0, face 118/118: ( 0, 0, 0/2 ) ( 0, 0, 7/16 )
 rank 0, face 119/119: ( 0, 0, 3/10 ) ( -1, -1, -1/-1 )
 rank 0, face 120/120: ( 0, 0, 0/2 ) ( 0, 0, 3/10 )
 rank 0, face 121/121: ( 0, 0, 28/64 ) ( -1, -1, -1/-1 )
 rank 0, face 122/122: ( 0, 0, 7/16 ) ( 0, 0, 28/64 )
 rank 0, face 123/123: ( 0, 0, 3/10 ) ( 0, 0, 28/64 )
 rank 0, face 124/124: ( 0, 0, 17/36 ) ( -1, -1, -1/-1 )
 rank 0, face 125/125: ( 0, 0, 6/15 ) ( 0, 0, 17/36 )
 rank 0, face 126/126: ( 0, 0, 0/2 ) ( 0, 0, 17/36 )
 rank 0, face 127/127: ( 0, 0, 23/56 ) ( -1, -1, -1/-1 )
 rank 0, face 128/128: ( 0, 0, 16/32 ) ( -1, -1, -1/-1 )
 rank 0, face 129/129: ( 0, 0, 16/32 ) ( 0, 0, 23/56 )
 rank 0, face 130/130: ( 0, 0, 15/31 ) ( -1, -1, -1/-1 )
 rank 0, face 131/131: ( 0, 0, 15/31 ) ( 0, 0, 17/36 )
 rank 0, face 132/132: ( 0, 0, 15/31 ) ( 0, 0, 16/32 )
 rank 0, face 133/133: ( 0, 0, 6/15 ) ( 0, 0, 23/56 )
 rank 0, face 134/134: ( 0, 0, 21/54 ) ( -1, -1, -1/-1 )
 rank 0, face 135/135: ( 0, 0, 8/19 ) ( 0, 0, 21/54 )
 rank 0, face 136/136: ( 0, 0, 27/62 ) ( -1, -1, -1/-1 )
 rank 0, face 137/137: ( 0, 0, 23/56 ) ( 0, 0, 27/62 )
 rank 0, face 138/138: ( 0, 0, 21/54 ) ( 0, 0, 27/62 )
 rank 0, face 139/139: ( 0, 0, 1/4 ) ( 0, 0, 23/56 )
 rank 0, face 140/140: ( 0, 0, 8/19 ) ( 0, 0, 14/27 )
 rank 0, face 141/141: ( 0, 0, 21/54 ) ( 0, 0, 35/86 )
 rank 0, face 142/142: ( 0, 0, 31/79 ) ( -1, -1, -1/-1 )
 rank 0, face 143/143: ( 0, 0, 3/10 ) ( 0, 0, 31/79 )
 rank 0, face 144/144: ( 0, 0, 31/79 ) ( 0, 0, 72/81 )
 rank 0, face 145/145: ( 0, 0, 3/10 ) ( 0, 0, 70/7 )
 rank 0, face 146/146: ( 0, 0, 20/53 ) ( -1, -1, -1/-1 )
 rank 0, face 147/147: ( 0, 0, 0/2 ) ( 0, 0, 20/53 )
 rank 0, face 148/148: ( 0, 0, 20/53 ) ( 0, 0, 31/79 )
 rank 0, face 149/149: ( 0, 0, 2/5 ) ( 0, 0, 16/32 )
 rank 0, face 150/150: ( 0, 0, 12/25 ) ( 0, 0, 27/62 )
 rank 0, face 151/151: ( 0, 0, 32/80 ) ( -1, -1, -1/-1 )
 rank 0, face 152/152: ( 0, 0, 17/36 ) ( 0, 0, 32/80 )
 rank 0, face 153/153: ( 0, 0, 33/82 ) ( -1, -1, -1/-1 )
 rank 0, face 154/154: ( 0, 0, 15/31 ) ( 0, 0, 33/82 )
 rank 0, face 155/155: ( 0, 0, 32/80 ) ( 0, 0, 33/82 )
 rank 0, face 156/156: ( 0, 0, 4/12 ) ( 0, 0, 10/23 )
 rank 0, face 157/157: ( 0, 0, 10/23 ) ( 0, 0, 57/40 )
 rank 0, face 158/158: ( 0, 0, 5/13 ) ( 0, 0, 24/57 )
 rank 0, face 159/159: ( 0, 0, 20/53 ) ( 0, 0, 32/80 )
 rank 0, face 160/160: ( 0, 0, 16/32 ) ( 0, 0, 18/46 )
 rank 0, face 161/161: ( 0, 0, 11/24 ) ( 0, 0, 27/62 )
 rank 0, face 162/162: ( 0, 0, 19/49 ) ( 0, 0, 21/54 )
 rank 0, face 163/163: ( 0, 0, 31/79 ) ( 0, 0, 60/47 )
 rank 0, face 164/164: ( 0, 0, 56/22 ) ( -1, -1, -1/-1 )
 rank 0, face 165/165: ( 0, 0, 30/75 ) ( 0, 0, 56/22 )
 rank 0, face 166/166: ( 0, 0, 58/58 ) ( 0, 0, 79/72 )
 rank 0, face 167/167: ( 0, 0, 56/22 ) ( 0, 0, 76/6 )
 rank 0, face 168/168: ( 0, 0, 15/31 ) ( 0, 0, 25/60 )
 rank 0, face 169/169: ( 0, 0, 22/55 ) ( 0, 0, 33/82 )
 rank 0, face 170/170: ( 0, 0, 26/61 ) ( 0, 0, 33/82 )
 rank 0, face 171/171: ( 0, 0, 13/26 ) ( 0, 0, 32/80 )
 rank 0, face 172/172: ( 0, 0, 9/20 ) ( 0, 0, 24/57 )
 rank 0, face 173/173: ( 0, 0, 28/64 ) ( 0, 0, 30/75 )
 rank 0, face 174/174: ( 0, 0, 20/53 ) ( 0, 0, 71/67 )
 rank 0, face 175/175: ( 0, 0, 28/64 ) ( 0, 0, 56/22 )
 rank 0, face 176/176: ( 0, 0, 56/22 ) ( 0, 0, 73/14 )
 rank 0, face 177/177: ( 0, 0, 54/0 ) ( 0, 0, 58/58 )
 rank 0, face 178/178: ( 0, 0, 54/0 ) ( 0, 0, 57/40 )
 rank 0, face 179/179: ( 0, 0, 54/0 ) ( -1, -1, -1/-1 )
 rank 0, face 180/180: ( 0, 0, 36/154 ) ( 0, 0, 52/163 )
 rank 0, face 181/181: ( 0, 0, 52/163 ) ( -1, -1, -1/-1 )
 rank 0, face 182/182: ( 0, 0, 46/139 ) ( 0, 0, 52/163 )
 rank 0, face 183/183: ( 0, 0, 37/155 ) ( 0, 0, 51/161 )
 rank 0, face 184/184: ( 0, 0, 51/161 ) ( -1, -1, -1/-1 )
 rank 0, face 185/185: ( 0, 0, 43/125 ) ( 0, 0, 51/161 )
 rank 0, face 186/186: ( 0, 0, 51/161 ) ( 0, 0, 52/163 )
 rank 0, face 187/187: ( 0, 0, 29/65 ) ( -1, -1, -1/-1 )
 rank 0, face 188/188: ( 0, 0, 10/23 ) ( -1, -1, -1/-1 )
 rank 0, face 189/189: ( 0, 0, 30/75 ) ( -1, -1, -1/-1 )
 rank 0, face 190/190: ( 0, 0, 58/58 ) ( -1, -1, -1/-1 )
 rank 0, face 191/191: ( 0, 0, 1/4 ) ( -1, -1, -1/-1 )
 rank 0, face 192/192: ( 0, 0, 4/12 ) ( -1, -1, -1/-1 )
 rank 0, face 193/193: ( 0, 0, 8/19 ) ( -1, -1, -1/-1 )
 rank 0, face 194/194: ( 0, 0, 24/57 ) ( -1, -1, -1/-1 )
 rank 0, face 195/195: ( 0, 0, 7/16 ) ( -1, -1, -1/-1 )
 rank 0, face 196/196: ( 0, 0, 6/15 ) ( -1, -1, -1/-1 )
 rank 0, face 197/197: ( 0, 0, 0/2 ) ( -1, -1, -1/-1 )
 rank 0, face 198/198: ( 0, 0, 3/10 ) ( -1, -1, -1/-1 )
 rank 0, face 199/199: ( 0, 0, 28/64 ) ( -1, -1, -1/-1 )
 rank 0, face 200/200: ( 0, 0, 17/36 ) ( -1, -1, -1/-1 )
 rank 0, face 201/201: ( 0, 0, 23/56 ) ( -1, -1, -1/-1 )
 rank 0, face 202/202: ( 0, 0, 16/32 ) ( -1, -1, -1/-1 )
 rank 0, face 203/203: ( 0, 0, 15/31 ) ( -1, -1, -1/-1 )
 rank 0, face 204/204: ( 0, 0, 21/54 ) ( -1, -1, -1/-1 )
 rank 0, face 205/205: ( 0, 0, 27/62 ) ( -1, -1, -1/-1 )
 rank 0, face 206/206: ( 0, 0, 31/79 ) ( -1, -1, -1/-1 )
 rank 0, face 207/207: ( 0, 0, 20/53 ) ( -1, -1, -1/-1 )
 rank 0, face 208/208: ( 0, 0, 32/80 ) ( -1, -1, -1/-1 )
 rank 0, face 209/209: ( 0, 0, 33/82 ) ( -1, -1, -1/-1 )
 rank 0, face 210/210: ( 0, 0, 56/22 ) ( -1, -1, -1/-1 )
 rank 0, face 211/211: ( 0, 0, 54/0 ) ( -1, -1, -1/-1 )
 rank 0, face 212/212: ( 0, 0, 52/163 ) ( -1, -1, -1/-1 )
 rank 0, face 213/213: ( 0, 0, 51/161 ) ( -1, -1, -1/-1 )
 rank 0, face 214/214: ( 0, 0, 38/88 ) ( -1, -1, -1/-1 )
 rank 0, face 215/215: ( 0, 0, 41/120 ) ( -1, -1, -1/-1 )
 rank 0, face 216/216: ( 0, 0, 41/120 ) ( 0, 0, 62/105 )
 rank 0, face 217/217: ( 0, 0, 47/150 ) ( -1, -1, -1/-1 )
 rank 0, face 218/218: ( 0, 0, 38/88 ) ( 0, 0, 47/150 )
 rank 0, face 219/219: ( 0, 0, 41/120 ) ( 0, 0, 47/150 )
 rank 0, face 220/220: ( 0, 0, 38/88 ) ( 0, 0, 66/137 )
 rank 0, face 221/221: ( 0, 0, 49/158 ) ( -1, -1, -1/-1 )
 rank 0, face 222/222: ( 0, 0, 49/158 ) ( 0, 0, 65/133 )
 rank 0, face 223/223: ( 0, 0, 49/158 ) ( 0, 0, 53/172 )
 rank 0, face 224/224: ( 0, 0, 50/160 ) ( -1, -1, -1/-1 )
 rank 0, face 225/225: ( 0, 0, 38/88 ) ( 0, 0, 50/160 )
 rank 0, face 226/226: ( 0, 0, 48/157 ) ( -1, -1, -1/-1 )
 rank 0, face 227/227: ( 0, 0, 48/157 ) ( 0, 0, 61/98 )
 rank 0, face 228/228: ( 0, 0, 48/157 ) ( 0, 0, 50/160 )
 rank 0, face 229/229: ( 0, 0, 38/88 ) ( 0, 0, 61/98 )
 rank 0, face 230/230: ( 0, 0, 41/120 ) ( 0, 0, 49/158 )
 rank 0, face 231/231: ( 0, 0, 47/150 ) ( 0, 0, 50/160 )
 rank 0, face 232/232: ( 0, 0, 51/161 ) ( 0, 0, 64/131 )
 rank 0, face 233/233: ( 0, 0, 48/157 ) ( 0, 0, 52/163 )
 rank 0, face 234/234: ( 0, 0, 39/104 ) ( 0, 0, 48/157 )
 rank 0, face 235/235: ( 0, 0, 44/129 ) ( 0, 0, 50/160 )
 rank 0, face 236/236: ( 0, 0, 41/120 ) ( 0, 0, 45/138 )
 rank 0, face 237/237: ( 0, 0, 40/115 ) ( 0, 0, 47/150 )
 rank 0, face 238/238: ( 0, 0, 42/124 ) ( 0, 0, 49/158 )
 rank 0, face 239/239: ( 0, 0, 38/88 ) ( -1, -1, -1/-1 )
 rank 0, face 240/240: ( 0, 0, 41/120 ) ( -1, -1, -1/-1 )
 rank 0, face 241/241: ( 0, 0, 47/150 ) ( -1, -1, -1/-1 )
 rank 0, face 242/242: ( 0, 0, 49/158 ) ( -1, -1, -1/-1 )
 rank 0, face 243/243: ( 0, 0, 50/160 ) ( -1, -1, -1/-1 )
 rank 0, face 244/244: ( 0, 0, 48/157 ) ( -1, -1, -1/-1 )
 rank 0, face 245/245: ( 0, 0, 55/9 ) ( 0, 0, 75/3 )
 rank 0, face 246/246: ( 0, 0, 54/0 ) ( 0, 0, 77/35 )
 rank 0, face 247/247: ( 0, 0, 54/0 ) ( 0, 0, 55/9 )
 rank 0, face 248/251: ( 0, 0, 69/171 ) ( -1, -1, -1/-1 )
 rank 0, face 249/253: ( 0, 0, 69/171 ) ( -1, -1, -1/-1 )
 rank 0, face 250/256: ( 0, 0, 63/116 ) ( -1, -1, -1/-1 )
 rank 0, face 251/257: ( 0, 0, 67/146 ) ( 0, 0, 71/67 )
 rank 0, face 252/258: ( 0, 0, 60/47 ) ( 0, 0, -1/-1 )
 rank 0, face 253/259: ( 0, 0, 60/47 ) ( 0, 0, 71/67 )
 rank 0, face 254/260: ( 0, 0, 67/146 ) ( -1, -1, -1/-1 )
 rank 0, face 255/261: ( 0, 0, 71/67 ) ( -1, -1, -1/-1 )
 rank 0, face 256/262: ( 0, 0, 67/146 ) ( -1, -1, -1/-1 )
 rank 0, face 257/263: ( 0, 0, 60/47 ) ( -1, -1, -1/-1 )
 rank 0, face 258/265: ( 0, 0, 63/116 ) ( -1, -1, -1/-1 )
 rank 0, face 259/266: ( 0, 0, 71/67 ) ( -1, -1, -1/-1 )
 rank 0, face 260/267: ( 0, 0, 67/146 ) ( -1, -1, -1/-1 )
 rank 0, face 261/268: ( 0, 0, 60/47 ) ( -1, -1, -1/-1 )
 rank 0, face 262/270: ( 0, 0, 69/171 ) ( -1, -1, -1/-1 )
 rank 0, face 263/278: ( 0, 0, 69/171 ) ( -1, -1, -1/-1 )
 rank 0, face 264/279: ( 0, 0, 63/116 ) ( 0, 0, 67/146 )
 rank 0, face 265/281: ( 0, 0, 59/43 ) ( 0, 0, -1/-1 )
 rank 0, face 266/282: ( 0, 0, 59/43 ) ( -1, -1, -1/-1 )
 rank 0, face 267/284: ( 0, 0, 59/43 ) ( 0, 0, 60/47 )
 rank 0, face 268/289: ( 0, 0, 59/43 ) ( -1, -1, -1/-1 )
 rank 0, face 269/296: ( 0, 0, 59/43 ) ( -1, -1, -1/-1 )
 rank 0, face 270/304: ( 0, 0, 72/81 ) ( -1, -1, -1/-1 )
 rank 0, face 271/305: ( 0, 0, 72/81 ) ( -1, -1, -1/-1 )
 rank 0, face 272/306: ( 0, 0, 70/7 ) ( 0, 0, -1/-1 )
 rank 0, face 273/307: ( 0, 0, 70/7 ) ( 0, 0, 72/81 )
 rank 0, face 274/309: ( 0, 0, 70/7 ) ( -1, -1, -1/-1 )
 rank 0, face 275/311: ( 0, 0, 59/43 ) ( 0, 0, 72/81 )
 rank 0, face 276/330: ( 0, 0, 61/98 ) ( -1, -1, -1/-1 )
 rank 0, face 277/332: ( 0, 0, 68/164 ) ( -1, -1, -1/-1 )
 rank 0, face 278/333: ( 0, 0, 64/131 ) ( -1, -1, -1/-1 )
 rank 0, face 279/334: ( 0, 0, 61/98 ) ( 0, 0, 64/131 )
 rank 0, face 280/335: ( 0, 0, 68/164 ) ( -1, -1, -1/-1 )
 rank 0, face 281/336: ( 0, 0, 61/98 ) ( 0, 0, 68/164 )
 rank 0, face 282/337: ( 0, 0, 64/131 ) ( -1, -1, -1/-1 )
 rank 0, face 283/346: ( 0, 0, 62/105 ) ( -1, -1, -1/-1 )
 rank 0, face 284/348: ( 0, 0, 66/137 ) ( -1, -1, -1/-1 )
 rank 0, face 285/350: ( 0, 0, 62/105 ) ( 0, 0, 66/137 )
 rank 0, face 286/351: ( 0, 0, 65/133 ) ( -1, -1, -1/-1 )
 rank 0, face 287/353: ( 0, 0, 65/133 ) ( 0, 0, 69/171 )
 rank 0, face 288/368: ( 0, 0, 62/105 ) ( 0, 0, 65/133 )
 rank 0, face 289/370: ( 0, 0, 68/164 ) ( -1, -1, -1/-1 )
 rank 0, face 290/371: ( 0, 0, 66/137 ) ( 0, 0, 68/164 )
 rank 0, face 291/372: ( 0, 0, 66/137 ) ( 0, 0, -1/-1 )
 rank 0, face 292/378: ( 0, 0, 63/116 ) ( 0, 0, 64/131 )
 rank 0, face 293/379: ( 0, 0, 65/133 ) ( -1, -1, -1/-1 )
 rank 0, face 294/382: ( 0, 0, 62/105 ) ( 0, 0, -1/-1 )
 rank 0, face 295/388: ( 0, 0, 67/146 ) ( 0, 0, -1/-1 )
 rank 0, face 296/395: ( 0, 0, 72/81 ) ( -1, -1, -1/-1 )
 rank 0, face 297/396: ( 0, 0, 70/7 ) ( -1, -1, -1/-1 )
 rank 0, face 298/405: ( 0, 0, 61/98 ) ( -1, -1, -1/-1 )
 rank 0, face 299/407: ( 0, 0, 68/164 ) ( -1, -1, -1/-1 )
 rank 0, face 300/408: ( 0, 0, 64/131 ) ( -1, -1, -1/-1 )
 rank 0, face 301/413: ( 0, 0, 62/105 ) ( -1, -1, -1/-1 )
 rank 0, face 302/414: ( 0, 0, 66/137 ) ( -1, -1, -1/-1 )
 rank 0, face 303/415: ( 0, 0, 65/133 ) ( -1, -1, -1/-1 )
 rank 0, face 304/423: ( 0, 0, 70/7 ) ( 0, 0, 73/14 )
 rank 0, face 305/424: ( 0, 0, 73/14 ) ( -1, -1, -1/-1 )
 rank 0, face 306/426: ( 0, 0, 73/14 ) ( 0, 0, -1/-1 )
 rank 0, face 307/430: ( 0, 0, 73/14 ) ( -1, -1, -1/-1 )
 rank 0, face 308/458: ( 0, 0, 74/48 ) ( -1, -1, -1/-1 )
 rank 0, face 309/459: ( 0, 0, 74/48 ) ( 0, 0, 76/6 )
 rank 0, face 310/460: ( 0, 0, 73/14 ) ( 0, 0, 74/48 )
 rank 0, face 311/463: ( 0, 0, 74/48 ) ( -1, -1, -1/-1 )
 rank 0, face 312/465: ( 0, 0, 74/48 ) ( -1, -1, -1/-1 )
 rank 0, face 313/474: ( 0, 0, 74/48 ) ( -1, -1, -1/-1 )
 rank 0, face 314/495: ( 0, 0, 75/3 ) ( -1, -1, -1/-1 )
 rank 0, face 315/496: ( 0, 0, 75/3 ) ( -1, -1, -1/-1 )
 rank 0, face 316/497: ( 0, 0, 75/3 ) ( -1, -1, -1/-1 )
 rank 0, face 317/498: ( 0, 0, 80/83 ) ( -1, -1, -1/-1 )
 rank 0, face 318/500: ( 0, 0, 80/83 ) ( 0, 0, -1/-1 )
 rank 0, face 319/502: ( 0, 0, 80/83 ) ( -1, -1, -1/-1 )
 rank 0, face 320/525: ( 0, 0, 75/3 ) ( -1, -1, -1/-1 )
 rank 0, face 321/526: ( 0, 0, 80/83 ) ( -1, -1, -1/-1 )
 rank 0, face 322/534: ( 0, 0, 75/3 ) ( 0, 0, 80/83 )
 rank 0, face 323/567: ( 0, 0, 79/72 ) ( -1, -1, -1/-1 )
 rank 0, face 324/568: ( 0, 0, 77/35 ) ( -1, -1, -1/-1 )
 rank 0, face 325/571: ( 0, 0, 77/35 ) ( 0, 0, 79/72 )
 rank 0, face 326/579: ( 0, 0, 76/6 ) ( -1, -1, -1/-1 )
 rank 0, face 327/592: ( 0, 0, 78/45 ) ( -1, -1, -1/-1 )
 rank 0, face 328/594: ( 0, 0, 78/45 ) ( 0, 0, -1/-1 )
 rank 0, face 329/595: ( 0, 0, 78/45 ) ( 0, 0, 80/83 )
 rank 0, face 330/603: ( 0, 0, 78/45 ) ( -1, -1, -1/-1 )
 rank 0, face 331/606: ( 0, 0, 76/6 ) ( 0, 0, 79/72 )
 rank 0, face 332/607: ( 0, 0, 76/6 ) ( 0, 0, -1/-1 )
 rank 0, face 333/609: ( 0, 0, 79/72 ) ( -1, -1, -1/-1 )
 rank 0, face 334/617: ( 0, 0, 77/35 ) ( 0, 0, 78/45 )
 rank 0, face 335/620: ( 0, 0, 77/35 ) ( -1, -1, -1/-1 )
 rank 0, face 336/632: ( 0, 0, 79/72 ) ( -1, -1, -1/-1 )
 rank 0, face 337/633: ( 0, 0, 77/35 ) ( -1, -1, -1/-1 )
 rank 0, face 338/637: ( 0, 0, 76/6 ) ( -1, -1, -1/-1 )
 rank 0, face 339/643: ( 0, 0, 78/45 ) ( -1, -1, -1/-1 )
***** rank 1
 rank 1, face 0/248: ( 0, 0, 4/90 ) ( -1, -1, -1/-1 )
 rank 1, face 1/249: ( 0, 0, 4/90 ) ( -1, -1, -1/-1 )
 rank 1, face 2/250: ( 0, 0, 4/90 ) ( -1, -1, -1/-1 )
 rank 1, face 3/251: ( 0, 0, 29/171 ) ( -1, -1, -1/-1 )
 rank 1, face 4/7: ( 0, 0, 29/171 ) ( 0, 0, 75/172 )
 rank 1, face 5/253: ( 0, 0, 29/171 ) ( -1, -1, -1/-1 )
 rank 1, face 6/10: ( 0, 0, 13/116 ) ( 0, 0, 59/26 )
 rank 1, face 7/13: ( 0, 0, 13/116 ) ( 0, 0, 68/125 )
 rank 1, face 8/256: ( 0, 0, 13/116 ) ( -1, -1, -1/-1 )
 rank 1, face 9/257: ( 0, 0, 24/146 ) ( 0, 0, 31/67 )
 rank 1, face 10/258: ( 0, 0, 2/47 ) ( 0, 0, 14/117 )
 rank 1, face 11/259: ( 0, 0, 2/47 ) ( 0, 0, 31/67 )
 rank 1, face 12/260: ( 0, 0, 14/117 ) ( 0, 0, 24/146 )
 rank 1, face 13/261: ( 0, 0, 31/67 ) ( -1, -1, -1/-1 )
 rank 1, face 14/262: ( 0, 0, 24/146 ) ( -1, -1, -1/-1 )
 rank 1, face 15/263: ( 0, 0, 2/47 ) ( -1, -1, -1/-1 )
 rank 1, face 16/264: ( 0, 0, 14/117 ) ( -1, -1, -1/-1 )
 rank 1, face 17/265: ( 0, 0, 13/116 ) ( -1, -1, -1/-1 )
 rank 1, face 18/266: ( 0, 0, 31/67 ) ( -1, -1, -1/-1 )
 rank 1, face 19/267: ( 0, 0, 24/146 ) ( -1, -1, -1/-1 )
 rank 1, face 20/268: ( 0, 0, 2/47 ) ( -1, -1, -1/-1 )
 rank 1, face 21/269: ( 0, 0, 14/117 ) ( -1, -1, -1/-1 )
 rank 1, face 22/270: ( 0, 0, 29/171 ) ( -1, -1, -1/-1 )
 rank 1, face 23/271: ( 0, 0, 4/90 ) ( -1, -1, -1/-1 )
 rank 1, face 24/272: ( 0, 0, 7/96 ) ( -1, -1, -1/-1 )
 rank 1, face 25/273: ( 0, 0, 7/96 ) ( -1, -1, -1/-1 )
 rank 1, face 26/274: ( 0, 0, 7/96 ) ( 0, 0, 18/127 )
 rank 1, face 27/275: ( 0, 0, 18/127 ) ( 0, 0, 84/100 )
 rank 1, face 28/276: ( 0, 0, 18/127 ) ( -1, -1, -1/-1 )
 rank 1, face 29/277: ( 0, 0, 4/90 ) ( 0, 0, 7/96 )
 rank 1, face 30/278: ( 0, 0, 4/90 ) ( 0, 0, 29/171 )
 rank 1, face 31/279: ( 0, 0, 13/116 ) ( 0, 0, 24/146 )
 rank 1, face 32/67: ( 0, 0, 31/67 ) ( 0, 0, 59/26 )
 rank 1, face 33/281: ( 0, 0, 1/43 ) ( 0, 0, 15/121 )
 rank 1, face 34/282: ( 0, 0, 1/43 ) ( -1, -1, -1/-1 )
 rank 1, face 35/283: ( 0, 0, 15/121 ) ( -1, -1, -1/-1 )
 rank 1, face 36/284: ( 0, 0, 1/43 ) ( 0, 0, 2/47 )
 rank 1, face 37/285: ( 0, 0, 14/117 ) ( 0, 0, 15/121 )
 rank 1, face 38/286: ( 0, 0, 0/41 ) ( 0, 0, 17/126 )
 rank 1, face 39/287: ( 0, 0, 0/41 ) ( -1, -1, -1/-1 )
 rank 1, face 40/288: ( 0, 0, 17/126 ) ( -1, -1, -1/-1 )
 rank 1, face 41/289: ( 0, 0, 0/41 ) ( 0, 0, 1/43 )
 rank 1, face 42/290: ( 0, 0, 15/121 ) ( 0, 0, 17/126 )
 rank 1, face 43/291: ( 0, 0, 0/41 ) ( 0, 0, 38/39 )
 rank 1, face 44/292: ( 0, 0, 17/126 ) ( 0, 0, 43/128 )
 rank 1, face 45/293: ( 0, 0, 38/39 ) ( 0, 0, 43/128 )
 rank 1, face 46/294: ( 0, 0, 38/39 ) ( -1, -1, -1/-1 )
 rank 1, face 47/295: ( 0, 0, 43/128 ) ( -1, -1, -1/-1 )
 rank 1, face 48/296: ( 0, 0, 1/43 ) ( -1, -1, -1/-1 )
 rank 1, face 49/297: ( 0, 0, 15/121 ) ( -1, -1, -1/-1 )
 rank 1, face 50/298: ( 0, 0, 0/41 ) ( -1, -1, -1/-1 )
 rank 1, face 51/299: ( 0, 0, 17/126 ) ( -1, -1, -1/-1 )
 rank 1, face 52/300: ( 0, 0, 38/39 ) ( -1, -1, -1/-1 )
 rank 1, face 53/301: ( 0, 0, 43/128 ) ( -1, -1, -1/-1 )
 rank 1, face 54/302: ( 0, 0, 7/96 ) ( -1, -1, -1/-1 )
 rank 1, face 55/303: ( 0, 0, 18/127 ) ( -1, -1, -1/-1 )
 rank 1, face 56/304: ( 0, 0, 32/81 ) ( -1, -1, -1/-1 )
 rank 1, face 57/305: ( 0, 0, 0/41 ) ( 0, 0, 32/81 )
 rank 1, face 58/306: ( 0, 0, 30/7 ) ( 0, 0, 42/78 )
 rank 1, face 59/307: ( 0, 0, 30/7 ) ( 0, 0, 32/81 )
 rank 1, face 60/308: ( 0, 0, 38/39 ) ( 0, 0, 42/78 )
 rank 1, face 61/309: ( 0, 0, 30/7 ) ( -1, -1, -1/-1 )
 rank 1, face 62/310: ( 0, 0, 42/78 ) ( -1, -1, -1/-1 )
 rank 1, face 63/311: ( 0, 0, 1/43 ) ( 0, 0, 32/81 )
 rank 1, face 64/163: ( 0, 0, 2/47 ) ( 0, 0, 63/79 )
 rank 1, face 65/144: ( 0, 0, 32/81 ) ( 0, 0, 63/79 )
 rank 1, face 66/174: ( 0, 0, 31/67 ) ( 0, 0, 60/53 )
 rank 1, face 67/315: ( 0, 0, 23/145 ) ( -1, -1, -1/-1 )
 rank 1, face 68/316: ( 0, 0, 26/159 ) ( -1, -1, -1/-1 )
 rank 1, face 69/317: ( 0, 0, 3/87 ) ( -1, -1, -1/-1 )
 rank 1, face 70/318: ( 0, 0, 16/122 ) ( -1, -1, -1/-1 )
 rank 1, face 71/319: ( 0, 0, 3/87 ) ( 0, 0, 16/122 )
 rank 1, face 72/320: ( 0, 0, 23/145 ) ( 0, 0, 26/159 )
 rank 1, face 73/321: ( 0, 0, 3/87 ) ( 0, 0, 23/145 )
 rank 1, face 74/322: ( 0, 0, 16/122 ) ( 0, 0, 26/159 )
 rank 1, face 75/323: ( 0, 0, 49/110 ) ( -1, -1, -1/-1 )
 rank 1, face 76/324: ( 0, 0, 55/162 ) ( -1, -1, -1/-1 )
 rank 1, face 77/325: ( 0, 0, 23/145 ) ( 0, 0, 55/162 )
 rank 1, face 78/326: ( 0, 0, 23/145 ) ( 0, 0, 49/110 )
 rank 1, face 79/327: ( 0, 0, 54/153 ) ( 0, 0, 55/162 )
 rank 1, face 80/328: ( 0, 0, 49/110 ) ( 0, 0, 54/153 )
 rank 1, face 81/329: ( 0, 0, 54/153 ) ( -1, -1, -1/-1 )
 rank 1, face 82/330: ( 0, 0, 8/98 ) ( -1, -1, -1/-1 )
 rank 1, face 83/331: ( 0, 0, 6/95 ) ( -1, -1, -1/-1 )
 rank 1, face 84/332: ( 0, 0, 27/164 ) ( -1, -1, -1/-1 )
 rank 1, face 85/333: ( 0, 0, 19/131 ) ( -1, -1, -1/-1 )
 rank 1, face 86/334: ( 0, 0, 8/98 ) ( 0, 0, 19/131 )
 rank 1, face 87/335: ( 0, 0, 6/95 ) ( 0, 0, 27/164 )
 rank 1, face 88/336: ( 0, 0, 8/98 ) ( 0, 0, 27/164 )
 rank 1, face 89/337: ( 0, 0, 6/95 ) ( 0, 0, 19/131 )
 rank 1, face 90/338: ( 0, 0, 21/135 ) ( -1, -1, -1/-1 )
 rank 1, face 91/339: ( 0, 0, 9/101 ) ( -1, -1, -1/-1 )
 rank 1, face 92/340: ( 0, 0, 5/93 ) ( -1, -1, -1/-1 )
 rank 1, face 93/341: ( 0, 0, 12/109 ) ( -1, -1, -1/-1 )
 rank 1, face 94/342: ( 0, 0, 5/93 ) ( 0, 0, 12/109 )
 rank 1, face 95/343: ( 0, 0, 5/93 ) ( 0, 0, 21/135 )
 rank 1, face 96/344: ( 0, 0, 9/101 ) ( 0, 0, 12/109 )
 rank 1, face 97/345: ( 0, 0, 9/101 ) ( 0, 0, 21/135 )
 rank 1, face 98/346: ( 0, 0, 10/105 ) ( -1, -1, -1/-1 )
 rank 1, face 99/216: ( 0, 0, 10/105 ) ( 0, 0, 67/120 )
 rank 1, face 100/348: ( 0, 0, 22/137 ) ( -1, -1, -1/-1 )
 rank 1, face 101/220: ( 0, 0, 22/137 ) ( 0, 0, 66/88 )
 rank 1, face 102/350: ( 0, 0, 10/105 ) ( 0, 0, 22/137 )
 rank 1, face 103/351: ( 0, 0, 20/133 ) ( -1, -1, -1/-1 )
 rank 1, face 104/222: ( 0, 0, 20/133 ) ( 0, 0, 71/158 )
 rank 1, face 105/353: ( 0, 0, 20/133 ) ( 0, 0, 29/171 )
 rank 1, face 106/227: ( 0, 0, 8/98 ) ( 0, 0, 70/157 )
 rank 1, face 107/229: ( 0, 0, 8/98 ) ( 0, 0, 66/88 )
 rank 1, face 108/356: ( 0, 0, 11/108 ) ( -1, -1, -1/-1 )
 rank 1, face 109/357: ( 0, 0, 25/156 ) ( -1, -1, -1/-1 )
 rank 1, face 110/358: ( 0, 0, 11/108 ) ( 0, 0, 25/156 )
 rank 1, face 111/359: ( 0, 0, 6/95 ) ( 0, 0, 21/135 )
 rank 1, face 112/360: ( 0, 0, 6/95 ) ( 0, 0, 25/156 )
 rank 1, face 113/361: ( 0, 0, 11/108 ) ( 0, 0, 21/135 )
 rank 1, face 114/362: ( 0, 0, 28/165 ) ( -1, -1, -1/-1 )
 rank 1, face 115/363: ( 0, 0, 11/108 ) ( 0, 0, 28/165 )
 rank 1, face 116/364: ( 0, 0, 46/94 ) ( -1, -1, -1/-1 )
 rank 1, face 117/365: ( 0, 0, 28/165 ) ( 0, 0, 46/94 )
 rank 1, face 118/366: ( 0, 0, 9/101 ) ( 0, 0, 46/94 )
 rank 1, face 119/367: ( 0, 0, 9/101 ) ( 0, 0, 11/108 )
 rank 1, face 120/368: ( 0, 0, 10/105 ) ( 0, 0, 20/133 )
 rank 1, face 121/369: ( 0, 0, 5/93 ) ( 0, 0, 26/159 )
 rank 1, face 122/370: ( 0, 0, 5/93 ) ( 0, 0, 27/164 )
 rank 1, face 123/371: ( 0, 0, 22/137 ) ( 0, 0, 27/164 )
 rank 1, face 124/372: ( 0, 0, 22/137 ) ( 0, 0, 26/159 )
 rank 1, face 125/232: ( 0, 0, 19/131 ) ( 0, 0, 73/161 )
 rank 1, face 126/374: ( 0, 0, 3/87 ) ( 0, 0, 7/96 )
 rank 1, face 127/375: ( 0, 0, 3/87 ) ( 0, 0, 18/127 )
 rank 1, face 128/376: ( 0, 0, 18/127 ) ( 0, 0, 49/110 )
 rank 1, face 129/377: ( 0, 0, 49/110 ) ( 0, 0, 83/99 )
 rank 1, face 130/378: ( 0, 0, 13/116 ) ( 0, 0, 19/131 )
 rank 1, face 131/379: ( 0, 0, 16/122 ) ( 0, 0, 20/133 )
 rank 1, face 132/380: ( 0, 0, 14/117 ) ( 0, 0, 25/156 )
 rank 1, face 133/381: ( 0, 0, 15/121 ) ( 0, 0, 28/165 )
 rank 1, face 134/382: ( 0, 0, 10/105 ) ( 0, 0, 16/122 )
 rank 1, face 135/383: ( 0, 0, 17/126 ) ( 0, 0, 28/165 )
 rank 1, face 136/384: ( 0, 0, 43/128 ) ( 0, 0, 56/167 )
 rank 1, face 137/385: ( 0, 0, 46/94 ) ( 0, 0, 56/167 )
 rank 1, face 138/386: ( 0, 0, 56/167 ) ( -1, -1, -1/-1 )
 rank 1, face 139/387: ( 0, 0, 12/109 ) ( 0, 0, 55/162 )
 rank 1, face 140/388: ( 0, 0, 24/146 ) ( 0, 0, 25/156 )
 rank 1, face 141/389: ( 0, 0, 12/109 ) ( 0, 0, 52/151 )
 rank 1, face 142/390: ( 0, 0, 52/151 ) ( -1, -1, -1/-1 )
 rank 1, face 143/391: ( 0, 0, 47/97 ) ( 0, 0, 52/151 )
 rank 1, face 144/392: ( 0, 0, 46/94 ) ( 0, 0, 47/97 )
 rank 1, face 145/393: ( 0, 0, 47/97 ) ( -1, -1, -1/-1 )
 rank 1, face 146/394: ( 0, 0, 52/151 ) ( 0, 0, 55/162 )
 rank 1, face 147/395: ( 0, 0, 32/81 ) ( -1, -1, -1/-1 )
 rank 1, face 148/396: ( 0, 0, 30/7 ) ( -1, -1, -1/-1 )
 rank 1, face 149/397: ( 0, 0, 42/78 ) ( -1, -1, -1/-1 )
 rank 1, face 150/398: ( 0, 0, 23/145 ) ( -1, -1, -1/-1 )
 rank 1, face 151/399: ( 0, 0, 26/159 ) ( -1, -1, -1/-1 )
 rank 1, face 152/400: ( 0, 0, 3/87 ) ( -1, -1, -1/-1 )
 rank 1, face 153/401: ( 0, 0, 16/122 ) ( -1, -1, -1/-1 )
 rank 1, face 154/402: ( 0, 0, 49/110 ) ( -1, -1, -1/-1 )
 rank 1, face 155/403: ( 0, 0, 55/162 ) ( -1, -1, -1/-1 )
 rank 1, face 156/404: ( 0, 0, 54/153 ) ( -1, -1, -1/-1 )
 rank 1, face 157/405: ( 0, 0, 8/98 ) ( -1, -1, -1/-1 )
 rank 1, face 158/406: ( 0, 0, 6/95 ) ( -1, -1, -1/-1 )
 rank 1, face 159/407: ( 0, 0, 27/164 ) ( -1, -1, -1/-1 )
 rank 1, face 160/408: ( 0, 0, 19/131 ) ( -1, -1, -1/-1 )
 rank 1, face 161/409: ( 0, 0, 21/135 ) ( -1, -1, -1/-1 )
 rank 1, face 162/410: ( 0, 0, 9/101 ) ( -1, -1, -1/-1 )
 rank 1, face 163/411: ( 0, 0, 5/93 ) ( -1, -1, -1/-1 )
 rank 1, face 164/412: ( 0, 0, 12/109 ) ( -1, -1, -1/-1 )
 rank 1, face 165/413: ( 0, 0, 10/105 ) ( -1, -1, -1/-1 )
 rank 1, face 166/414: ( 0, 0, 22/137 ) ( -1, -1, -1/-1 )
 rank 1, face 167/415: ( 0, 0, 20/133 ) ( -1, -1, -1/-1 )
 rank 1, face 168/416: ( 0, 0, 11/108 ) ( -1, -1, -1/-1 )
 rank 1, face 169/417: ( 0, 0, 25/156 ) ( -1, -1, -1/-1 )
 rank 1, face 170/418: ( 0, 0, 28/165 ) ( -1, -1, -1/-1 )
 rank 1, face 171/419: ( 0, 0, 46/94 ) ( -1, -1, -1/-1 )
 rank 1, face 172/420: ( 0, 0, 56/167 ) ( -1, -1, -1/-1 )
 rank 1, face 173/421: ( 0, 0, 52/151 ) ( -1, -1, -1/-1 )
 rank 1, face 174/422: ( 0, 0, 47/97 ) ( -1, -1, -1/-1 )
 rank 1, face 175/423: ( 0, 0, 30/7 ) ( 0, 0, 34/14 )
 rank 1, face 176/424: ( 0, 0, 34/14 ) ( -1, -1, -1/-1 )
 rank 1, face 177/425: ( 0, 0, 35/21 ) ( 0, 0, 42/78 )
 rank 1, face 178/426: ( 0, 0, 34/14 ) ( 0, 0, 35/21 )
 rank 1, face 179/427: ( 0, 0, 35/21 ) ( -1, -1, -1/-1 )
 rank 1, face 180/145: ( 0, 0, 30/7 ) ( 0, 0, 58/10 )
 rank 1, face 181/176: ( 0, 0, 34/14 ) ( 0, 0, 76/22 )
 rank 1, face 182/430: ( 0, 0, 34/14 ) ( -1, -1, -1/-1 )
 rank 1, face 183/431: ( 0, 0, 35/21 ) ( -1, -1, -1/-1 )
 rank 1, face 184/432: ( 0, 0, 36/30 ) ( 0, 0, 50/132 )
 rank 1, face 185/433: ( 0, 0, 40/59 ) ( 0, 0, 53/152 )
 rank 1, face 186/434: ( 0, 0, 36/30 ) ( 0, 0, 40/59 )
 rank 1, face 187/435: ( 0, 0, 50/132 ) ( 0, 0, 53/152 )
 rank 1, face 188/436: ( 0, 0, 36/30 ) ( -1, -1, -1/-1 )
 rank 1, face 189/437: ( 0, 0, 50/132 ) ( -1, -1, -1/-1 )
 rank 1, face 190/438: ( 0, 0, 40/59 ) ( -1, -1, -1/-1 )
 rank 1, face 191/439: ( 0, 0, 53/152 ) ( -1, -1, -1/-1 )
 rank 1, face 192/440: ( 0, 0, 36/30 ) ( -1, -1, -1/-1 )
 rank 1, face 193/441: ( 0, 0, 50/132 ) ( -1, -1, -1/-1 )
 rank 1, face 194/442: ( 0, 0, 40/59 ) ( -1, -1, -1/-1 )
 rank 1, face 195/443: ( 0, 0, 53/152 ) ( -1, -1, -1/-1 )
 rank 1, face 196/444: ( 0, 0, 37/34 ) ( 0, 0, 44/130 )
 rank 1, face 197/445: ( 0, 0, 37/34 ) ( -1, -1, -1/-1 )
 rank 1, face 198/446: ( 0, 0, 44/130 ) ( -1, -1, -1/-1 )
 rank 1, face 199/447: ( 0, 0, 37/34 ) ( 0, 0, 38/39 )
 rank 1, face 200/448: ( 0, 0, 43/128 ) ( 0, 0, 44/130 )
 rank 1, face 201/449: ( 0, 0, 36/30 ) ( 0, 0, 37/34 )
 rank 1, face 202/450: ( 0, 0, 44/130 ) ( 0, 0, 50/132 )
 rank 1, face 203/451: ( 0, 0, 40/59 ) ( 0, 0, 79/29 )
 rank 1, face 204/452: ( 0, 0, 53/152 ) ( 0, 0, 86/113 )
 rank 1, face 205/453: ( 0, 0, 37/34 ) ( -1, -1, -1/-1 )
 rank 1, face 206/454: ( 0, 0, 44/130 ) ( -1, -1, -1/-1 )
 rank 1, face 207/455: ( 0, 0, 33/8 ) ( -1, -1, -1/-1 )
 rank 1, face 208/456: ( 0, 0, 33/8 ) ( 0, 0, 81/77 )
 rank 1, face 209/457: ( 0, 0, 33/8 ) ( 0, 0, 80/44 )
 rank 1, face 210/458: ( 0, 0, 39/48 ) ( -1, -1, -1/-1 )
 rank 1, face 211/459: ( 0, 0, 39/48 ) ( 0, 0, 77/6 )
 rank 1, face 212/460: ( 0, 0, 34/14 ) ( 0, 0, 39/48 )
 rank 1, face 213/461: ( 0, 0, 41/69 ) ( -1, -1, -1/-1 )
 rank 1, face 214/462: ( 0, 0, 35/21 ) ( 0, 0, 41/69 )
 rank 1, face 215/463: ( 0, 0, 33/8 ) ( 0, 0, 39/48 )
 rank 1, face 216/464: ( 0, 0, 33/8 ) ( 0, 0, 41/69 )
 rank 1, face 217/465: ( 0, 0, 35/21 ) ( 0, 0, 39/48 )
 rank 1, face 218/466: ( 0, 0, 36/30 ) ( 0, 0, 41/69 )
 rank 1, face 219/467: ( 0, 0, 37/34 ) ( 0, 0, 42/78 )
 rank 1, face 220/468: ( 0, 0, 40/59 ) ( 0, 0, 41/69 )
 rank 1, face 221/469: ( 0, 0, 44/130 ) ( 0, 0, 56/167 )
 rank 1, face 222/470: ( 0, 0, 56/167 ) ( 0, 0, 57/168 )
 rank 1, face 223/471: ( 0, 0, 50/132 ) ( 0, 0, 57/168 )
 rank 1, face 224/472: ( 0, 0, 57/168 ) ( -1, -1, -1/-1 )
 rank 1, face 225/473: ( 0, 0, 33/8 ) ( -1, -1, -1/-1 )
 rank 1, face 226/474: ( 0, 0, 39/48 ) ( -1, -1, -1/-1 )
 rank 1, face 227/475: ( 0, 0, 41/69 ) ( -1, -1, -1/-1 )
 rank 1, face 228/476: ( 0, 0, 57/168 ) ( -1, -1, -1/-1 )
 rank 1, face 229/477: ( 0, 0, 48/103 ) ( -1, -1, -1/-1 )
 rank 1, face 230/478: ( 0, 0, 48/103 ) ( 0, 0, 85/102 )
 rank 1, face 231/479: ( 0, 0, 48/103 ) ( 0, 0, 54/153 )
 rank 1, face 232/480: ( 0, 0, 54/153 ) ( 0, 0, 83/99 )
 rank 1, face 233/481: ( 0, 0, 45/89 ) ( -1, -1, -1/-1 )
 rank 1, face 234/482: ( 0, 0, 45/89 ) ( 0, 0, 48/103 )
 rank 1, face 235/483: ( 0, 0, 45/89 ) ( 0, 0, 47/97 )
 rank 1, face 236/484: ( 0, 0, 48/103 ) ( 0, 0, 52/151 )
 rank 1, face 237/485: ( 0, 0, 45/89 ) ( 0, 0, 87/123 )
 rank 1, face 238/486: ( 0, 0, 47/97 ) ( 0, 0, 57/168 )
 rank 1, face 239/487: ( 0, 0, 51/140 ) ( -1, -1, -1/-1 )
 rank 1, face 240/488: ( 0, 0, 45/89 ) ( 0, 0, 51/140 )
 rank 1, face 241/489: ( 0, 0, 51/140 ) ( 0, 0, 57/168 )
 rank 1, face 242/490: ( 0, 0, 51/140 ) ( 0, 0, 89/166 )
 rank 1, face 243/491: ( 0, 0, 51/140 ) ( 0, 0, 53/152 )
 rank 1, face 244/492: ( 0, 0, 48/103 ) ( -1, -1, -1/-1 )
 rank 1, face 245/493: ( 0, 0, 45/89 ) ( -1, -1, -1/-1 )
 rank 1, face 246/494: ( 0, 0, 51/140 ) ( -1, -1, -1/-1 )
 rank 1, face 247/5: ( 0, 0, 65/85 ) ( -1, -1, -1/-1 )
 rank 1, face 248/6: ( 0, 0, 65/85 ) ( 0, 0, 75/172 )
 rank 1, face 249/8: ( 0, 0, 65/85 ) ( -1, -1, -1/-1 )
 rank 1, face 250/9: ( 0, 0, 75/172 ) ( -1, -1, -1/-1 )
 rank 1, face 251/11: ( 0, 0, 61/61 ) ( 0, 0, 68/125 )
 rank 1, face 252/12: ( 0, 0, 59/26 ) ( 0, 0, 61/61 )
 rank 1, face 253/14: ( 0, 0, 59/26 ) ( -1, -1, -1/-1 )
 rank 1, face 254/15: ( 0, 0, 61/61 ) ( -1, -1, -1/-1 )
 rank 1, face 255/16: ( 0, 0, 68/125 ) ( -1, -1, -1/-1 )
 rank 1, face 256/25: ( 0, 0, 59/26 ) ( -1, -1, -1/-1 )
 rank 1, face 257/26: ( 0, 0, 61/61 ) ( -1, -1, -1/-1 )
 rank 1, face 258/27: ( 0, 0, 68/125 ) ( -1, -1, -1/-1 )
 rank 1, face 259/34: ( 0, 0, 65/85 ) ( -1, -1, -1/-1 )
 rank 1, face 260/35: ( 0, 0, 75/172 ) ( -1, -1, -1/-1 )
 rank 1, face 261/44: ( 0, 0, 65/85 ) ( -1, -1, -1/-1 )
 rank 1, face 262/48: ( 0, 0, 65/85 ) ( 0, 0, -1/-1 )
 rank 1, face 263/49: ( 0, 0, 75/172 ) ( -1, -1, -1/-1 )
 rank 1, face 264/78: ( 0, 0, 61/61 ) ( -1, -1, -1/-1 )
 rank 1, face 265/79: ( 0, 0, 68/125 ) ( -1, -1, -1/-1 )
 rank 1, face 266/119: ( 0, 0, 58/10 ) ( -1, -1, -1/-1 )
 rank 1, face 267/120: ( 0, 0, 58/10 ) ( -1, -1, -1/-1 )
 rank 1, face 268/121: ( 0, 0, 62/64 ) ( -1, -1, -1/-1 )
 rank 1, face 269/122: ( 0, 0, 62/64 ) ( -1, -1, -1/-1 )
 rank 1, face 270/123: ( 0, 0, 58/10 ) ( 0, 0, 62/64 )
 rank 1, face 271/142: ( 0, 0, 63/79 ) ( -1, -1, -1/-1 )
 rank 1, face 272/143: ( 0, 0, 58/10 ) ( 0, 0, 63/79 )
 rank 1, face 273/146: ( 0, 0, 60/53 ) ( -1, -1, -1/-1 )
 rank 1, face 274/147: ( 0, 0, 60/53 ) ( -1, -1, -1/-1 )
 rank 1, face 275/148: ( 0, 0, 60/53 ) ( 0, 0, 63/79 )
 rank 1, face 276/151: ( 0, 0, 64/80 ) ( -1, -1, -1/-1 )
 rank 1, face 277/152: ( 0, 0, 64/80 ) ( -1, -1, -1/-1 )
 rank 1, face 278/155: ( 0, 0, 64/80 ) ( 0, 0, -1/-1 )
 rank 1, face 279/159: ( 0, 0, 60/53 ) ( 0, 0, 64/80 )
 rank 1, face 280/164: ( 0, 0, 76/22 ) ( -1, -1, -1/-1 )
 rank 1, face 281/165: ( 0, 0, 76/22 ) ( -1, -1, -1/-1 )
 rank 1, face 282/167: ( 0, 0, 76/22 ) ( 0, 0, 77/6 )
 rank 1, face 283/170: ( 0, 0, 61/61 ) ( 0, 0, -1/-1 )
 rank 1, face 284/171: ( 0, 0, 59/26 ) ( 0, 0, 64/80 )
 rank 1, face 285/173: ( 0, 0, 62/64 ) ( 0, 0, -1/-1 )
 rank 1, face 286/175: ( 0, 0, 62/64 ) ( 0, 0, 76/22 )
 rank 1, face 287/180: ( 0, 0, 74/163 ) ( -1, -1, -1/-1 )
 rank 1, face 288/181: ( 0, 0, 74/163 ) ( -1, -1, -1/-1 )
 rank 1, face 289/182: ( 0, 0, 74/163 ) ( -1, -1, -1/-1 )
 rank 1, face 290/183: ( 0, 0, 73/161 ) ( -1, -1, -1/-1 )
 rank 1, face 291/184: ( 0, 0, 73/161 ) ( -1, -1, -1/-1 )
 rank 1, face 292/185: ( 0, 0, 68/125 ) ( 0, 0, 73/161 )
 rank 1, face 293/186: ( 0, 0, 73/161 ) ( 0, 0, 74/163 )
 rank 1, face 294/198: ( 0, 0, 58/10 ) ( -1, -1, -1/-1 )
 rank 1, face 295/199: ( 0, 0, 62/64 ) ( -1, -1, -1/-1 )
 rank 1, face 296/206: ( 0, 0, 63/79 ) ( -1, -1, -1/-1 )
 rank 1, face 297/207: ( 0, 0, 60/53 ) ( -1, -1, -1/-1 )
 rank 1, face 298/208: ( 0, 0, 64/80 ) ( -1, -1, -1/-1 )
 rank 1, face 299/210: ( 0, 0, 76/22 ) ( -1, -1, -1/-1 )
 rank 1, face 300/212: ( 0, 0, 74/163 ) ( -1, -1, -1/-1 )
 rank 1, face 301/213: ( 0, 0, 73/161 ) ( -1, -1, -1/-1 )
 rank 1, face 302/214: ( 0, 0, 66/88 ) ( -1, -1, -1/-1 )
 rank 1, face 303/215: ( 0, 0, 67/120 ) ( -1, -1, -1/-1 )
 rank 1, face 304/217: ( 0, 0, 69/150 ) ( -1, -1, -1/-1 )
 rank 1, face 305/218: ( 0, 0, 66/88 ) ( 0, 0, 69/150 )
 rank 1, face 306/219: ( 0, 0, 67/120 ) ( 0, 0, 69/150 )
 rank 1, face 307/221: ( 0, 0, 71/158 ) ( -1, -1, -1/-1 )
 rank 1, face 308/223: ( 0, 0, 71/158 ) ( 0, 0, 75/172 )
 rank 1, face 309/224: ( 0, 0, 72/160 ) ( -1, -1, -1/-1 )
 rank 1, face 310/225: ( 0, 0, 66/88 ) ( 0, 0, 72/160 )
 rank 1, face 311/226: ( 0, 0, 70/157 ) ( -1, -1, -1/-1 )
 rank 1, face 312/228: ( 0, 0, 70/157 ) ( 0, 0, 72/160 )
 rank 1, face 313/230: ( 0, 0, 67/120 ) ( 0, 0, 71/158 )
 rank 1, face 314/231: ( 0, 0, 69/150 ) ( 0, 0, 72/160 )
 rank 1, face 315/233: ( 0, 0, 70/157 ) ( 0, 0, 74/163 )
 rank 1, face 316/234: ( 0, 0, 70/157 ) ( -1, -1, -1/-1 )
 rank 1, face 317/235: ( 0, 0, 72/160 ) ( -1, -1, -1/-1 )
 rank 1, face 318/236: ( 0, 0, 67/120 ) ( 0, 0, -1/-1 )
 rank 1, face 319/237: ( 0, 0, 69/150 ) ( -1, -1, -1/-1 )
 rank 1, face 320/238: ( 0, 0, 71/158 ) ( -1, -1, -1/-1 )
 rank 1, face 321/239: ( 0, 0, 66/88 ) ( -1, -1, -1/-1 )
 rank 1, face 322/240: ( 0, 0, 67/120 ) ( -1, -1, -1/-1 )
 rank 1, face 323/241: ( 0, 0, 69/150 ) ( -1, -1, -1/-1 )
 rank 1, face 324/242: ( 0, 0, 71/158 ) ( -1, -1, -1/-1 )
 rank 1, face 325/243: ( 0, 0, 72/160 ) ( -1, -1, -1/-1 )
 rank 1, face 326/244: ( 0, 0, 70/157 ) ( -1, -1, -1/-1 )
 rank 1, face 327/505: ( 0, 0, 79/29 ) ( 0, 0, 86/113 )
 rank 1, face 328/506: ( 0, 0, 79/29 ) ( 0, 0, -1/-1 )
 rank 1, face 329/508: ( 0, 0, 86/113 ) ( 0, 0, -1/-1 )
 rank 1, face 330/509: ( 0, 0, 79/29 ) ( -1, -1, -1/-1 )
 rank 1, face 331/510: ( 0, 0, 86/113 ) ( -1, -1, -1/-1 )
 rank 1, face 332/521: ( 0, 0, 79/29 ) ( -1, -1, -1/-1 )
 rank 1, face 333/522: ( 0, 0, 86/113 ) ( -1, -1, -1/-1 )
 rank 1, face 334/572: ( 0, 0, 78/11 ) ( -1, -1, -1/-1 )
 rank 1, face 335/573: ( 0, 0, 81/77 ) ( -1, -1, -1/-1 )
 rank 1, face 336/574: ( 0, 0, 80/44 ) ( -1, -1, -1/-1 )
 rank 1, face 337/575: ( 0, 0, 78/11 ) ( 0, 0, 80/44 )
 rank 1, face 338/577: ( 0, 0, 78/11 ) ( 0, 0, 81/77 )
 rank 1, face 339/579: ( 0, 0, 77/6 ) ( -1, -1, -1/-1 )
 rank 1, face 340/600: ( 0, 0, 78/11 ) ( 0, 0, -1/-1 )
 rank 1, face 341/602: ( 0, 0, 78/11 ) ( -1, -1, -1/-1 )
 rank 1, face 342/606: ( 0, 0, 77/6 ) ( 0, 0, -1/-1 )
 rank 1, face 343/607: ( 0, 0, 77/6 ) ( 0, 0, 81/77 )
 rank 1, face 344/608: ( 0, 0, 81/77 ) ( -1, -1, -1/-1 )
 rank 1, face 345/611: ( 0, 0, 80/44 ) ( 0, 0, -1/-1 )
 rank 1, face 346/615: ( 0, 0, 79/29 ) ( 0, 0, 80/44 )
 rank 1, face 347/634: ( 0, 0, 78/11 ) ( -1, -1, -1/-1 )
 rank 1, face 348/635: ( 0, 0, 81/77 ) ( -1, -1, -1/-1 )
 rank 1, face 349/636: ( 0, 0, 80/44 ) ( -1, -1, -1/-1 )
 rank 1, face 350/637: ( 0, 0, 77/6 ) ( -1, -1, -1/-1 )
 rank 1, face 351/659: ( 0, 0, 84/100 ) ( -1, -1, -1/-1 )
 rank 1, face 352/660: ( 0, 0, 84/100 ) ( -1, -1, -1/-1 )
 rank 1, face 353/661: ( 0, 0, 84/100 ) ( 0, 0, -1/-1 )
 rank 1, face 354/672: ( 0, 0, 84/100 ) ( -1, -1, -1/-1 )
 rank 1, face 355/673: ( 0, 0, 82/91 ) ( -1, -1, -1/-1 )
 rank 1, face 356/674: ( 0, 0, 83/99 ) ( -1, -1, -1/-1 )
 rank 1, face 357/675: ( 0, 0, 82/91 ) ( 0, 0, 83/99 )
 rank 1, face 358/677: ( 0, 0, 82/91 ) ( 0, 0, -1/-1 )
 rank 1, face 359/678: ( 0, 0, 88/144 ) ( -1, -1, -1/-1 )
 rank 1, face 360/679: ( 0, 0, 83/99 ) ( 0, 0, 88/144 )
 rank 1, face 361/680: ( 0, 0, 88/144 ) ( -1, -1, -1/-1 )
 rank 1, face 362/681: ( 0, 0, 85/102 ) ( -1, -1, -1/-1 )
 rank 1, face 363/684: ( 0, 0, 82/91 ) ( 0, 0, 85/102 )
 rank 1, face 364/685: ( 0, 0, 87/123 ) ( -1, -1, -1/-1 )
 rank 1, face 365/686: ( 0, 0, 85/102 ) ( 0, 0, 87/123 )
 rank 1, face 366/692: ( 0, 0, 87/123 ) ( -1, -1, -1/-1 )
 rank 1, face 367/694: ( 0, 0, 85/102 ) ( 0, 0, -1/-1 )
 rank 1, face 368/700: ( 0, 0, 82/91 ) ( 0, 0, -1/-1 )
 rank 1, face 369/705: ( 0, 0, 89/166 ) ( -1, -1, -1/-1 )
 rank 1, face 370/706: ( 0, 0, 87/123 ) ( 0, 0, 89/166 )
 rank 1, face 371/709: ( 0, 0, 89/166 ) ( 0, 0, -1/-1 )
 rank 1, face 372/711: ( 0, 0, 84/100 ) ( 0, 0, 88/144 )
 rank 1, face 373/719: ( 0, 0, 86/113 ) ( 0, 0, 89/166 )
 rank 1, face 374/720: ( 0, 0, 88/144 ) ( -1, -1, -1/-1 )
 rank 1, face 375/721: ( 0, 0, 82/91 ) ( -1, -1, -1/-1 )
 rank 1, face 376/722: ( 0, 0, 83/99 ) ( -1, -1, -1/-1 )
 rank 1, face 377/724: ( 0, 0, 88/144 ) ( -1, -1, -1/-1 )
 rank 1, face 378/725: ( 0, 0, 85/102 ) ( -1, -1, -1/-1 )
 rank 1, face 379/726: ( 0, 0, 87/123 ) ( -1, -1, -1/-1 )
 rank 1, face 380/732: ( 0, 0, 89/166 ) ( -1, -1, -1/-1 )
***** rank 2
 rank 2, face 0/495: ( 0, 0, 1/3 ) ( -1, -1, -1/-1 )
 rank 2, face 1/496: ( 0, 0, 1/3 ) ( -1, -1, -1/-1 )
 rank 2, face 2/497: ( 0, 0, 1/3 ) ( -1, -1, -1/-1 )
 rank 2, face 3/498: ( 0, 0, 24/83 ) ( -1, -1, -1/-1 )
 rank 2, face 4/499: ( 0, 0, 25/84 ) ( 0, 0, 55/170 )
 rank 2, face 5/500: ( 0, 0, 24/83 ) ( 0, 0, 25/84 )
 rank 2, face 6/501: ( 0, 0, 55/170 ) ( -1, -1, -1/-1 )
 rank 2, face 7/502: ( 0, 0, 24/83 ) ( -1, -1, -1/-1 )
 rank 2, face 8/503: ( 0, 0, 25/84 ) ( -1, -1, -1/-1 )
 rank 2, face 9/504: ( 0, 0, 55/170 ) ( -1, -1, -1/-1 )
 rank 2, face 10/505: ( 0, 0, 7/29 ) ( 0, 0, 39/113 )
 rank 2, face 11/506: ( 0, 0, 7/29 ) ( 0, 0, 26/38 )
 rank 2, face 12/507: ( 0, 0, 26/38 ) ( 0, 0, 51/148 )
 rank 2, face 13/508: ( 0, 0, 39/113 ) ( 0, 0, 51/148 )
 rank 2, face 14/509: ( 0, 0, 7/29 ) ( -1, -1, -1/-1 )
 rank 2, face 15/510: ( 0, 0, 39/113 ) ( -1, -1, -1/-1 )
 rank 2, face 16/511: ( 0, 0, 26/38 ) ( -1, -1, -1/-1 )
 rank 2, face 17/512: ( 0, 0, 51/148 ) ( -1, -1, -1/-1 )
 rank 2, face 18/513: ( 0, 0, 4/17 ) ( 0, 0, 31/92 )
 rank 2, face 19/514: ( 0, 0, 4/17 ) ( 0, 0, 27/52 )
 rank 2, face 20/515: ( 0, 0, 27/52 ) ( 0, 0, 44/134 )
 rank 2, face 21/516: ( 0, 0, 31/92 ) ( 0, 0, 44/134 )
 rank 2, face 22/517: ( 0, 0, 4/17 ) ( -1, -1, -1/-1 )
 rank 2, face 23/518: ( 0, 0, 31/92 ) ( -1, -1, -1/-1 )
 rank 2, face 24/519: ( 0, 0, 27/52 ) ( -1, -1, -1/-1 )
 rank 2, face 25/520: ( 0, 0, 44/134 ) ( -1, -1, -1/-1 )
 rank 2, face 26/521: ( 0, 0, 7/29 ) ( -1, -1, -1/-1 )
 rank 2, face 27/522: ( 0, 0, 39/113 ) ( -1, -1, -1/-1 )
 rank 2, face 28/523: ( 0, 0, 26/38 ) ( -1, -1, -1/-1 )
 rank 2, face 29/524: ( 0, 0, 51/148 ) ( -1, -1, -1/-1 )
 rank 2, face 30/525: ( 0, 0, 1/3 ) ( -1, -1, -1/-1 )
 rank 2, face 31/526: ( 0, 0, 24/83 ) ( -1, -1, -1/-1 )
 rank 2, face 32/527: ( 0, 0, 25/84 ) ( -1, -1, -1/-1 )
 rank 2, face 33/528: ( 0, 0, 55/170 ) ( -1, -1, -1/-1 )
 rank 2, face 34/529: ( 0, 0, 4/17 ) ( -1, -1, -1/-1 )
 rank 2, face 35/530: ( 0, 0, 31/92 ) ( -1, -1, -1/-1 )
 rank 2, face 36/531: ( 0, 0, 27/52 ) ( -1, -1, -1/-1 )
 rank 2, face 37/532: ( 0, 0, 44/134 ) ( -1, -1, -1/-1 )
 rank 2, face 38/245: ( 0, 0, 1/3 ) ( 0, 0, 59/9 )
 rank 2, face 39/534: ( 0, 0, 1/3 ) ( 0, 0, 24/83 )
 rank 2, face 40/451: ( 0, 0, 7/29 ) ( 0, 0, 67/59 )
 rank 2, face 41/452: ( 0, 0, 39/113 ) ( 0, 0, 73/152 )
 rank 2, face 42/537: ( 0, 0, 11/42 ) ( 0, 0, 38/112 )
 rank 2, face 43/538: ( 0, 0, 11/42 ) ( -1, -1, -1/-1 )
 rank 2, face 44/539: ( 0, 0, 38/112 ) ( -1, -1, -1/-1 )
 rank 2, face 45/540: ( 0, 0, 4/17 ) ( 0, 0, 11/42 )
 rank 2, face 46/541: ( 0, 0, 31/92 ) ( 0, 0, 38/112 )
 rank 2, face 47/542: ( 0, 0, 6/28 ) ( 0, 0, 37/111 )
 rank 2, face 48/543: ( 0, 0, 6/28 ) ( -1, -1, -1/-1 )
 rank 2, face 49/544: ( 0, 0, 37/111 ) ( -1, -1, -1/-1 )
 rank 2, face 50/545: ( 0, 0, 6/28 ) ( 0, 0, 11/42 )
 rank 2, face 51/546: ( 0, 0, 37/111 ) ( 0, 0, 38/112 )
 rank 2, face 52/547: ( 0, 0, 15/51 ) ( 0, 0, 45/136 )
 rank 2, face 53/548: ( 0, 0, 15/51 ) ( -1, -1, -1/-1 )
 rank 2, face 54/549: ( 0, 0, 45/136 ) ( -1, -1, -1/-1 )
 rank 2, face 55/550: ( 0, 0, 6/28 ) ( 0, 0, 15/51 )
 rank 2, face 56/551: ( 0, 0, 37/111 ) ( 0, 0, 45/136 )
 rank 2, face 57/552: ( 0, 0, 10/37 ) ( 0, 0, 56/173 )
 rank 2, face 58/553: ( 0, 0, 10/37 ) ( -1, -1, -1/-1 )
 rank 2, face 59/554: ( 0, 0, 56/173 ) ( -1, -1, -1/-1 )
 rank 2, face 60/555: ( 0, 0, 10/37 ) ( 0, 0, 15/51 )
 rank 2, face 61/556: ( 0, 0, 45/136 ) ( 0, 0, 56/173 )
 rank 2, face 62/557: ( 0, 0, 10/37 ) ( 0, 0, 25/84 )
 rank 2, face 63/558: ( 0, 0, 55/170 ) ( 0, 0, 56/173 )
 rank 2, face 64/559: ( 0, 0, 10/37 ) ( -1, -1, -1/-1 )
 rank 2, face 65/560: ( 0, 0, 56/173 ) ( -1, -1, -1/-1 )
 rank 2, face 66/561: ( 0, 0, 15/51 ) ( -1, -1, -1/-1 )
 rank 2, face 67/562: ( 0, 0, 45/136 ) ( -1, -1, -1/-1 )
 rank 2, face 68/563: ( 0, 0, 6/28 ) ( -1, -1, -1/-1 )
 rank 2, face 69/564: ( 0, 0, 37/111 ) ( -1, -1, -1/-1 )
 rank 2, face 70/565: ( 0, 0, 11/42 ) ( -1, -1, -1/-1 )
 rank 2, face 71/566: ( 0, 0, 38/112 ) ( -1, -1, -1/-1 )
 rank 2, face 72/567: ( 0, 0, 19/72 ) ( -1, -1, -1/-1 )
 rank 2, face 73/568: ( 0, 0, 9/35 ) ( -1, -1, -1/-1 )
 rank 2, face 74/246: ( 0, 0, 9/35 ) ( 0, 0, 58/0 )
 rank 2, face 75/166: ( 0, 0, 19/72 ) ( 0, 0, 61/58 )
 rank 2, face 76/571: ( 0, 0, 9/35 ) ( 0, 0, 19/72 )
 rank 2, face 77/572: ( 0, 0, 3/11 ) ( -1, -1, -1/-1 )
 rank 2, face 78/573: ( 0, 0, 23/77 ) ( -1, -1, -1/-1 )
 rank 2, face 79/574: ( 0, 0, 12/44 ) ( -1, -1, -1/-1 )
 rank 2, face 80/575: ( 0, 0, 3/11 ) ( 0, 0, 12/44 )
 rank 2, face 81/456: ( 0, 0, 23/77 ) ( 0, 0, 64/8 )
 rank 2, face 82/577: ( 0, 0, 3/11 ) ( 0, 0, 23/77 )
 rank 2, face 83/457: ( 0, 0, 12/44 ) ( 0, 0, 64/8 )
 rank 2, face 84/579: ( 0, 0, 2/6 ) ( -1, -1, -1/-1 )
 rank 2, face 85/167: ( 0, 0, 2/6 ) ( 0, 0, 60/22 )
 rank 2, face 86/459: ( 0, 0, 2/6 ) ( 0, 0, 66/48 )
 rank 2, face 87/582: ( 0, 0, 0/1 ) ( -1, -1, -1/-1 )
 rank 2, face 88/583: ( 0, 0, 5/18 ) ( -1, -1, -1/-1 )
 rank 2, face 89/584: ( 0, 0, 8/33 ) ( -1, -1, -1/-1 )
 rank 2, face 90/585: ( 0, 0, 5/18 ) ( 0, 0, 8/33 )
 rank 2, face 91/586: ( 0, 0, 16/63 ) ( -1, -1, -1/-1 )
 rank 2, face 92/587: ( 0, 0, 0/1 ) ( 0, 0, 16/63 )
 rank 2, face 93/588: ( 0, 0, 14/50 ) ( -1, -1, -1/-1 )
 rank 2, face 94/589: ( 0, 0, 8/33 ) ( 0, 0, 16/63 )
 rank 2, face 95/590: ( 0, 0, 0/1 ) ( 0, 0, 14/50 )
 rank 2, face 96/591: ( 0, 0, 5/18 ) ( 0, 0, 14/50 )
 rank 2, face 97/592: ( 0, 0, 13/45 ) ( -1, -1, -1/-1 )
 rank 2, face 98/593: ( 0, 0, 18/71 ) ( -1, -1, -1/-1 )
 rank 2, face 99/594: ( 0, 0, 13/45 ) ( 0, 0, 18/71 )
 rank 2, face 100/595: ( 0, 0, 13/45 ) ( 0, 0, 24/83 )
 rank 2, face 101/596: ( 0, 0, 18/71 ) ( 0, 0, 25/84 )
 rank 2, face 102/597: ( 0, 0, 20/73 ) ( -1, -1, -1/-1 )
 rank 2, face 103/598: ( 0, 0, 0/1 ) ( 0, 0, 20/73 )
 rank 2, face 104/599: ( 0, 0, 17/70 ) ( -1, -1, -1/-1 )
 rank 2, face 105/600: ( 0, 0, 3/11 ) ( 0, 0, 17/70 )
 rank 2, face 106/601: ( 0, 0, 17/70 ) ( 0, 0, 20/73 )
 rank 2, face 107/602: ( 0, 0, 0/1 ) ( 0, 0, 3/11 )
 rank 2, face 108/603: ( 0, 0, 5/18 ) ( 0, 0, 13/45 )
 rank 2, face 109/604: ( 0, 0, 8/33 ) ( 0, 0, 18/71 )
 rank 2, face 110/605: ( 0, 0, 16/63 ) ( 0, 0, 20/73 )
 rank 2, face 111/606: ( 0, 0, 2/6 ) ( 0, 0, 19/72 )
 rank 2, face 112/607: ( 0, 0, 2/6 ) ( 0, 0, 23/77 )
 rank 2, face 113/608: ( 0, 0, 14/50 ) ( 0, 0, 23/77 )
 rank 2, face 114/609: ( 0, 0, 14/50 ) ( 0, 0, 19/72 )
 rank 2, face 115/610: ( 0, 0, 21/74 ) ( -1, -1, -1/-1 )
 rank 2, face 116/611: ( 0, 0, 12/44 ) ( 0, 0, 21/74 )
 rank 2, face 117/612: ( 0, 0, 22/76 ) ( -1, -1, -1/-1 )
 rank 2, face 118/613: ( 0, 0, 17/70 ) ( 0, 0, 22/76 )
 rank 2, face 119/614: ( 0, 0, 21/74 ) ( 0, 0, 22/76 )
 rank 2, face 120/615: ( 0, 0, 7/29 ) ( 0, 0, 12/44 )
 rank 2, face 121/616: ( 0, 0, 21/74 ) ( 0, 0, 26/38 )
 rank 2, face 122/617: ( 0, 0, 9/35 ) ( 0, 0, 13/45 )
 rank 2, face 123/618: ( 0, 0, 4/17 ) ( 0, 0, 17/70 )
 rank 2, face 124/619: ( 0, 0, 11/42 ) ( 0, 0, 20/73 )
 rank 2, face 125/620: ( 0, 0, 5/18 ) ( 0, 0, 9/35 )
 rank 2, face 126/621: ( 0, 0, 22/76 ) ( 0, 0, 27/52 )
 rank 2, face 127/622: ( 0, 0, 8/33 ) ( 0, 0, 15/51 )
 rank 2, face 128/623: ( 0, 0, 6/28 ) ( 0, 0, 16/63 )
 rank 2, face 129/624: ( 0, 0, 10/37 ) ( 0, 0, 18/71 )
 rank 2, face 130/625: ( 0, 0, 22/76 ) ( 0, 0, 28/66 )
 rank 2, face 131/626: ( 0, 0, 28/66 ) ( -1, -1, -1/-1 )
 rank 2, face 132/627: ( 0, 0, 27/52 ) ( 0, 0, 28/66 )
 rank 2, face 133/628: ( 0, 0, 21/74 ) ( 0, 0, 29/68 )
 rank 2, face 134/629: ( 0, 0, 29/68 ) ( -1, -1, -1/-1 )
 rank 2, face 135/630: ( 0, 0, 26/38 ) ( 0, 0, 29/68 )
 rank 2, face 136/631: ( 0, 0, 28/66 ) ( 0, 0, 29/68 )
 rank 2, face 137/632: ( 0, 0, 19/72 ) ( -1, -1, -1/-1 )
 rank 2, face 138/633: ( 0, 0, 9/35 ) ( -1, -1, -1/-1 )
 rank 2, face 139/634: ( 0, 0, 3/11 ) ( -1, -1, -1/-1 )
 rank 2, face 140/635: ( 0, 0, 23/77 ) ( -1, -1, -1/-1 )
 rank 2, face 141/636: ( 0, 0, 12/44 ) ( -1, -1, -1/-1 )
 rank 2, face 142/637: ( 0, 0, 2/6 ) ( -1, -1, -1/-1 )
 rank 2, face 143/638: ( 0, 0, 0/1 ) ( -1, -1, -1/-1 )
 rank 2, face 144/639: ( 0, 0, 5/18 ) ( -1, -1, -1/-1 )
 rank 2, face 145/640: ( 0, 0, 8/33 ) ( -1, -1, -1/-1 )
 rank 2, face 146/641: ( 0, 0, 16/63 ) ( -1, -1, -1/-1 )
 rank 2, face 147/642: ( 0, 0, 14/50 ) ( -1, -1, -1/-1 )
 rank 2, face 148/643: ( 0, 0, 13/45 ) ( -1, -1, -1/-1 )
 rank 2, face 149/644: ( 0, 0, 18/71 ) ( -1, -1, -1/-1 )
 rank 2, face 150/645: ( 0, 0, 20/73 ) ( -1, -1, -1/-1 )
 rank 2, face 151/646: ( 0, 0, 17/70 ) ( -1, -1, -1/-1 )
 rank 2, face 152/647: ( 0, 0, 21/74 ) ( -1, -1, -1/-1 )
 rank 2, face 153/648: ( 0, 0, 22/76 ) ( -1, -1, -1/-1 )
 rank 2, face 154/649: ( 0, 0, 28/66 ) ( -1, -1, -1/-1 )
 rank 2, face 155/650: ( 0, 0, 29/68 ) ( -1, -1, -1/-1 )
 rank 2, face 156/651: ( 0, 0, 40/114 ) ( -1, -1, -1/-1 )
 rank 2, face 157/652: ( 0, 0, 36/107 ) ( -1, -1, -1/-1 )
 rank 2, face 158/653: ( 0, 0, 36/107 ) ( 0, 0, 40/114 )
 rank 2, face 159/654: ( 0, 0, 40/114 ) ( -1, -1, -1/-1 )
 rank 2, face 160/655: ( 0, 0, 36/107 ) ( -1, -1, -1/-1 )
 rank 2, face 161/656: ( 0, 0, 40/114 ) ( -1, -1, -1/-1 )
 rank 2, face 162/657: ( 0, 0, 36/107 ) ( -1, -1, -1/-1 )
 rank 2, face 163/658: ( 0, 0, 40/114 ) ( 0, 0, 55/170 )
 rank 2, face 164/659: ( 0, 0, 33/100 ) ( -1, -1, -1/-1 )
 rank 2, face 165/660: ( 0, 0, 33/100 ) ( -1, -1, -1/-1 )
 rank 2, face 166/661: ( 0, 0, 33/100 ) ( 0, 0, 36/107 )
 rank 2, face 167/275: ( 0, 0, 33/100 ) ( 0, 0, 63/127 )
 rank 2, face 168/663: ( 0, 0, 29/68 ) ( 0, 0, 47/142 )
 rank 2, face 169/664: ( 0, 0, 47/142 ) ( -1, -1, -1/-1 )
 rank 2, face 170/665: ( 0, 0, 47/142 ) ( 0, 0, 51/148 )
 rank 2, face 171/666: ( 0, 0, 28/66 ) ( 0, 0, 50/147 )
 rank 2, face 172/667: ( 0, 0, 50/147 ) ( -1, -1, -1/-1 )
 rank 2, face 173/668: ( 0, 0, 47/142 ) ( 0, 0, 50/147 )
 rank 2, face 174/669: ( 0, 0, 44/134 ) ( 0, 0, 50/147 )
 rank 2, face 175/670: ( 0, 0, 50/147 ) ( -1, -1, -1/-1 )
 rank 2, face 176/671: ( 0, 0, 47/142 ) ( -1, -1, -1/-1 )
 rank 2, face 177/672: ( 0, 0, 33/100 ) ( -1, -1, -1/-1 )
 rank 2, face 178/673: ( 0, 0, 30/91 ) ( -1, -1, -1/-1 )
 rank 2, face 179/674: ( 0, 0, 32/99 ) ( -1, -1, -1/-1 )
 rank 2, face 180/675: ( 0, 0, 30/91 ) ( 0, 0, 32/99 )
 rank 2, face 181/676: ( 0, 0, 35/106 ) ( -1, -1, -1/-1 )
 rank 2, face 182/677: ( 0, 0, 30/91 ) ( 0, 0, 35/106 )
 rank 2, face 183/678: ( 0, 0, 49/144 ) ( -1, -1, -1/-1 )
 rank 2, face 184/679: ( 0, 0, 32/99 ) ( 0, 0, 49/144 )
 rank 2, face 185/680: ( 0, 0, 35/106 ) ( 0, 0, 49/144 )
 rank 2, face 186/681: ( 0, 0, 34/102 ) ( -1, -1, -1/-1 )
 rank 2, face 187/478: ( 0, 0, 34/102 ) ( 0, 0, 70/103 )
 rank 2, face 188/480: ( 0, 0, 32/99 ) ( 0, 0, 74/153 )
 rank 2, face 189/684: ( 0, 0, 30/91 ) ( 0, 0, 34/102 )
 rank 2, face 190/685: ( 0, 0, 43/123 ) ( -1, -1, -1/-1 )
 rank 2, face 191/686: ( 0, 0, 34/102 ) ( 0, 0, 43/123 )
 rank 2, face 192/485: ( 0, 0, 43/123 ) ( 0, 0, 69/89 )
 rank 2, face 193/688: ( 0, 0, 48/143 ) ( -1, -1, -1/-1 )
 rank 2, face 194/689: ( 0, 0, 42/119 ) ( -1, -1, -1/-1 )
 rank 2, face 195/690: ( 0, 0, 42/119 ) ( 0, 0, 48/143 )
 rank 2, face 196/691: ( 0, 0, 41/118 ) ( -1, -1, -1/-1 )
 rank 2, face 197/692: ( 0, 0, 41/118 ) ( 0, 0, 43/123 )
 rank 2, face 198/693: ( 0, 0, 41/118 ) ( 0, 0, 42/119 )
 rank 2, face 199/694: ( 0, 0, 34/102 ) ( 0, 0, 48/143 )
 rank 2, face 200/695: ( 0, 0, 46/141 ) ( -1, -1, -1/-1 )
 rank 2, face 201/696: ( 0, 0, 35/106 ) ( 0, 0, 46/141 )
 rank 2, face 202/697: ( 0, 0, 52/149 ) ( -1, -1, -1/-1 )
 rank 2, face 203/698: ( 0, 0, 48/143 ) ( 0, 0, 52/149 )
 rank 2, face 204/699: ( 0, 0, 46/141 ) ( 0, 0, 52/149 )
 rank 2, face 205/700: ( 0, 0, 30/91 ) ( 0, 0, 48/143 )
 rank 2, face 206/701: ( 0, 0, 35/106 ) ( 0, 0, 40/114 )
 rank 2, face 207/702: ( 0, 0, 46/141 ) ( 0, 0, 56/173 )
 rank 2, face 208/703: ( 0, 0, 31/92 ) ( 0, 0, 42/119 )
 rank 2, face 209/704: ( 0, 0, 38/112 ) ( 0, 0, 52/149 )
 rank 2, face 210/705: ( 0, 0, 53/166 ) ( -1, -1, -1/-1 )
 rank 2, face 211/706: ( 0, 0, 43/123 ) ( 0, 0, 53/166 )
 rank 2, face 212/707: ( 0, 0, 54/169 ) ( -1, -1, -1/-1 )
 rank 2, face 213/708: ( 0, 0, 41/118 ) ( 0, 0, 54/169 )
 rank 2, face 214/709: ( 0, 0, 53/166 ) ( 0, 0, 54/169 )
 rank 2, face 215/377: ( 0, 0, 32/99 ) ( 0, 0, 71/110 )
 rank 2, face 216/711: ( 0, 0, 33/100 ) ( 0, 0, 49/144 )
 rank 2, face 217/490: ( 0, 0, 53/166 ) ( 0, 0, 72/140 )
 rank 2, face 218/713: ( 0, 0, 42/119 ) ( 0, 0, 44/134 )
 rank 2, face 219/714: ( 0, 0, 37/111 ) ( 0, 0, 52/149 )
 rank 2, face 220/715: ( 0, 0, 45/136 ) ( 0, 0, 46/141 )
 rank 2, face 221/716: ( 0, 0, 41/118 ) ( 0, 0, 50/147 )
 rank 2, face 222/717: ( 0, 0, 47/142 ) ( 0, 0, 54/169 )
 rank 2, face 223/718: ( 0, 0, 51/148 ) ( 0, 0, 54/169 )
 rank 2, face 224/719: ( 0, 0, 39/113 ) ( 0, 0, 53/166 )
 rank 2, face 225/720: ( 0, 0, 36/107 ) ( 0, 0, 49/144 )
 rank 2, face 226/721: ( 0, 0, 30/91 ) ( -1, -1, -1/-1 )
 rank 2, face 227/722: ( 0, 0, 32/99 ) ( -1, -1, -1/-1 )
 rank 2, face 228/723: ( 0, 0, 35/106 ) ( -1, -1, -1/-1 )
 rank 2, face 229/724: ( 0, 0, 49/144 ) ( -1, -1, -1/-1 )
 rank 2, face 230/725: ( 0, 0, 34/102 ) ( -1, -1, -1/-1 )
 rank 2, face 231/726: ( 0, 0, 43/123 ) ( -1, -1, -1/-1 )
 rank 2, face 232/727: ( 0, 0, 48/143 ) ( -1, -1, -1/-1 )
 rank 2, face 233/728: ( 0, 0, 42/119 ) ( -1, -1, -1/-1 )
 rank 2, face 234/729: ( 0, 0, 41/118 ) ( -1, -1, -1/-1 )
 rank 2, face 235/730: ( 0, 0, 46/141 ) ( -1, -1, -1/-1 )
 rank 2, face 236/731: ( 0, 0, 52/149 ) ( -1, -1, -1/-1 )
 rank 2, face 237/732: ( 0, 0, 53/166 ) ( -1, -1, -1/-1 )
 rank 2, face 238/733: ( 0, 0, 54/169 ) ( -1, -1, -1/-1 )
 rank 2, face 239/40: ( 0, 0, 59/9 ) ( -1, -1, -1/-1 )
 rank 2, face 240/41: ( 0, 0, 59/9 ) ( 0, 0, -1/-1 )
 rank 2, face 241/43: ( 0, 0, 59/9 ) ( -1, -1, -1/-1 )
 rank 2, face 242/82: ( 0, 0, 59/9 ) ( -1, -1, -1/-1 )
 rank 2, face 243/97: ( 0, 0, 57/75 ) ( -1, -1, -1/-1 )
 rank 2, face 244/98: ( 0, 0, 61/58 ) ( -1, -1, -1/-1 )
 rank 2, face 245/99: ( 0, 0, 57/75 ) ( 0, 0, 61/58 )
 rank 2, face 246/100: ( 0, 0, 57/75 ) ( -1, -1, -1/-1 )
 rank 2, face 247/102: ( 0, 0, 61/58 ) ( -1, -1, -1/-1 )
 rank 2, face 248/164: ( 0, 0, 60/22 ) ( -1, -1, -1/-1 )
 rank 2, face 249/165: ( 0, 0, 57/75 ) ( 0, 0, 60/22 )
 rank 2, face 250/173: ( 0, 0, 57/75 ) ( -1, -1, -1/-1 )
 rank 2, face 251/175: ( 0, 0, 60/22 ) ( -1, -1, -1/-1 )
 rank 2, face 252/176: ( 0, 0, 60/22 ) ( 0, 0, 65/14 )
 rank 2, face 253/177: ( 0, 0, 58/0 ) ( 0, 0, 61/58 )
 rank 2, face 254/178: ( 0, 0, 58/0 ) ( 0, 0, -1/-1 )
 rank 2, face 255/179: ( 0, 0, 58/0 ) ( -1, -1, -1/-1 )
 rank 2, face 256/189: ( 0, 0, 57/75 ) ( -1, -1, -1/-1 )
 rank 2, face 257/190: ( 0, 0, 61/58 ) ( -1, -1, -1/-1 )
 rank 2, face 258/210: ( 0, 0, 60/22 ) ( -1, -1, -1/-1 )
 rank 2, face 259/211: ( 0, 0, 58/0 ) ( -1, -1, -1/-1 )
 rank 2, face 260/247: ( 0, 0, 58/0 ) ( 0, 0, 59/9 )
 rank 2, face 261/272: ( 0, 0, 62/96 ) ( -1, -1, -1/-1 )
 rank 2, face 262/273: ( 0, 0, 62/96 ) ( -1, -1, -1/-1 )
 rank 2, face 263/274: ( 0, 0, 62/96 ) ( 0, 0, 63/127 )
 rank 2, face 264/276: ( 0, 0, 63/127 ) ( -1, -1, -1/-1 )
 rank 2, face 265/277: ( 0, 0, 62/96 ) ( -1, -1, -1/-1 )
 rank 2, face 266/302: ( 0, 0, 62/96 ) ( -1, -1, -1/-1 )
 rank 2, face 267/303: ( 0, 0, 63/127 ) ( -1, -1, -1/-1 )
 rank 2, face 268/323: ( 0, 0, 71/110 ) ( -1, -1, -1/-1 )
 rank 2, face 269/326: ( 0, 0, 71/110 ) ( -1, -1, -1/-1 )
 rank 2, face 270/327: ( 0, 0, 74/153 ) ( 0, 0, -1/-1 )
 rank 2, face 271/328: ( 0, 0, 71/110 ) ( 0, 0, 74/153 )
 rank 2, face 272/329: ( 0, 0, 74/153 ) ( -1, -1, -1/-1 )
 rank 2, face 273/374: ( 0, 0, 62/96 ) ( -1, -1, -1/-1 )
 rank 2, face 274/375: ( 0, 0, 63/127 ) ( -1, -1, -1/-1 )
 rank 2, face 275/376: ( 0, 0, 63/127 ) ( 0, 0, 71/110 )
 rank 2, face 276/402: ( 0, 0, 71/110 ) ( -1, -1, -1/-1 )
 rank 2, face 277/404: ( 0, 0, 74/153 ) ( -1, -1, -1/-1 )
 rank 2, face 278/423: ( 0, 0, 65/14 ) ( -1, -1, -1/-1 )
 rank 2, face 279/424: ( 0, 0, 65/14 ) ( -1, -1, -1/-1 )
 rank 2, face 280/426: ( 0, 0, 65/14 ) ( 0, 0, -1/-1 )
 rank 2, face 281/430: ( 0, 0, 65/14 ) ( -1, -1, -1/-1 )
 rank 2, face 282/433: ( 0, 0, 67/59 ) ( 0, 0, 73/152 )
 rank 2, face 283/434: ( 0, 0, 67/59 ) ( -1, -1, -1/-1 )
 rank 2, face 284/435: ( 0, 0, 73/152 ) ( -1, -1, -1/-1 )
 rank 2, face 285/438: ( 0, 0, 67/59 ) ( -1, -1, -1/-1 )
 rank 2, face 286/439: ( 0, 0, 73/152 ) ( -1, -1, -1/-1 )
 rank 2, face 287/442: ( 0, 0, 67/59 ) ( -1, -1, -1/-1 )
 rank 2, face 288/443: ( 0, 0, 73/152 ) ( -1, -1, -1/-1 )
 rank 2, face 289/455: ( 0, 0, 64/8 ) ( -1, -1, -1/-1 )
 rank 2, face 290/458: ( 0, 0, 66/48 ) ( -1, -1, -1/-1 )
 rank 2, face 291/460: ( 0, 0, 65/14 ) ( 0, 0, 66/48 )
 rank 2, face 292/461: ( 0, 0, 68/69 ) ( -1, -1, -1/-1 )
 rank 2, face 293/462: ( 0, 0, 68/69 ) ( -1, -1, -1/-1 )
 rank 2, face 294/463: ( 0, 0, 64/8 ) ( 0, 0, 66/48 )
 rank 2, face 295/464: ( 0, 0, 64/8 ) ( 0, 0, 68/69 )
 rank 2, face 296/465: ( 0, 0, 66/48 ) ( -1, -1, -1/-1 )
 rank 2, face 297/466: ( 0, 0, 68/69 ) ( -1, -1, -1/-1 )
 rank 2, face 298/468: ( 0, 0, 67/59 ) ( 0, 0, 68/69 )
 rank 2, face 299/473: ( 0, 0, 64/8 ) ( -1, -1, -1/-1 )
 rank 2, face 300/474: ( 0, 0, 66/48 ) ( -1, -1, -1/-1 )
 rank 2, face 301/475: ( 0, 0, 68/69 ) ( -1, -1, -1/-1 )
 rank 2, face 302/477: ( 0, 0, 70/103 ) ( -1, -1, -1/-1 )
 rank 2, face 303/479: ( 0, 0, 70/103 ) ( 0, 0, 74/153 )
 rank 2, face 304/481: ( 0, 0, 69/89 ) ( -1, -1, -1/-1 )
 rank 2, face 305/482: ( 0, 0, 69/89 ) ( 0, 0, 70/103 )
 rank 2, face 306/483: ( 0, 0, 69/89 ) ( 0, 0, -1/-1 )
 rank 2, face 307/484: ( 0, 0, 70/103 ) ( 0, 0, -1/-1 )
 rank 2, face 308/487: ( 0, 0, 72/140 ) ( -1, -1, -1/-1 )
 rank 2, face 309/488: ( 0, 0, 69/89 ) ( 0, 0, 72/140 )
 rank 2, face 310/489: ( 0, 0, 72/140 ) ( 0, 0, -1/-1 )
 rank 2, face 311/491: ( 0, 0, 72/140 ) ( 0, 0, 73/152 )
 rank 2, face 312/492: ( 0, 0, 70/103 ) ( -1, -1, -1/-1 )
 rank 2, face 313/493: ( 0, 0, 69/89 ) ( -1, -1, -1/-1 )
 rank 2, face 314/494: ( 0, 0, 72/140 ) ( -1, -1, -1/-1 )
***** before sync *****
***** rank 0
 color 0, rank 0, face 10/10: ( 0, 0, 13/26 ) ( 0, 0, 63/116 )
 color 0, rank 0, face 251/257: ( 0, 0, 67/146 ) ( 0, 0, 71/67 )
***** rank 1
 color 0, rank 1, face 6/10: ( 0, 0, 13/116 ) ( 0, 0, 59/26 )
 color 0, rank 1, face 9/257: ( 0, 0, 24/146 ) ( 0, 0, 31/67 )
***** rank 2
 rank 0 done printing faces
 rank 1 done printing faces
 rank 2 done printing faces
***** after sync *****
 color 0, rank 0, face 10/10: ( 0, 0, 13/26 ) ( 0, 0, 63/116 )
 color 0, rank 0, face 251/257: ( 0, 0, 67/146 ) ( 0, 0, 71/67 )
 color 0, rank 1, face 6/10: ( 0, 0, 13/116 ) ( 0, 0, 59/26 )
 color 0, rank 1, face 9/257: ( 0, 0, 24/146 ) ( 0, 0, 31/67 )
Rank 1: Splitting node 3 along separation plane faces: 9 10 
Rank 1: Done splitting node 3 into nodes 3 and 224
Rank 1: Split edge 9 into edges 9 and 514
Rank 1: Split edge 10 into edges 10 and 515
Rank 1: Split edge 11 into edges 11 and 516
Rank 1: Split face 9 into faces 9 and 381
Rank 1: Created new FaceElement 0 when creating face 381 from 9
Rank 1: Split face 10 into faces 10 and 382
Rank 1: Created new FaceElement 1 when creating face 382 from 10
Rank 1: Splitting node 5 along separation plane faces: 9 10 
Rank 1: Done splitting node 5 into nodes 5 and 225
Rank 1: Split edge 16 into edges 16 and 517
Rank 1: Split edge 17 into edges 17 and 518
Rank 1: Splitting node 12 along separation plane faces: 10 33 
Rank 1: Done splitting node 12 into nodes 12 and 226
Rank 1: Split edge 35 into edges 35 and 519
Rank 1: Split edge 36 into edges 36 and 520
Rank 1: Split face 33 into faces 33 and 383
Rank 1: Created new FaceElement 2 when creating face 383 from 33
Rank 1: Splitting node 13 along separation plane faces: 33 38 
Rank 1: Done splitting node 13 into nodes 13 and 227
Rank 1: Split edge 39 into edges 39 and 521
Rank 1: Split edge 40 into edges 40 and 522
Rank 1: Split face 38 into faces 38 and 384
Rank 1: Created new FaceElement 3 when creating face 384 from 38
Rank 1: Splitting node 14 along separation plane faces: 38 45 
Rank 1: Done splitting node 14 into nodes 14 and 228
Rank 1: Split edge 43 into edges 43 and 523
Rank 1: Split edge 46 into edges 46 and 524
Rank 1: Split face 45 into faces 45 and 385
Rank 1: Created new FaceElement 4 when creating face 385 from 45
Rank 1: Splitting node 16 along separation plane faces: 10 33 
Rank 1: Done splitting node 16 into nodes 16 and 229
Rank 1: Split edge 49 into edges 49 and 525
Rank 1: Splitting node 17 along separation plane faces: 33 38 
Rank 1: Done splitting node 17 into nodes 17 and 230
Rank 1: Split edge 52 into edges 52 and 526
Rank 1: Splitting node 18 along separation plane faces: 38 45 
Rank 1: Done splitting node 18 into nodes 18 and 231
Rank 1: Split edge 57 into edges 57 and 527
Rank 1: Splitting node 98 along separation plane faces: 184 185 
Rank 1: Done splitting node 98 into nodes 98 and 232
Rank 1: Split edge 237 into edges 237 and 528
Rank 1: Split edge 238 into edges 238 and 529
Rank 1: Split edge 239 into edges 239 and 530
Rank 1: Split face 184 into faces 184 and 386
Rank 1: Created new FaceElement 5 when creating face 386 from 184
Rank 1: Split face 185 into faces 185 and 387
Rank 1: Created new FaceElement 6 when creating face 387 from 185
Rank 1: Splitting node 99 along separation plane faces: 184 185 
Rank 1: Done splitting node 99 into nodes 99 and 233
Rank 1: Split edge 242 into edges 242 and 531
Rank 1: Split edge 243 into edges 243 and 532
Rank 1: Splitting node 100 along separation plane faces: 45 196 
Rank 1: Done splitting node 100 into nodes 100 and 234
Rank 1: Split edge 246 into edges 246 and 533
Rank 1: Split edge 247 into edges 247 and 534
Rank 1: Split face 196 into faces 196 and 388
Rank 1: Created new FaceElement 7 when creating face 388 from 196
Rank 1: Splitting node 101 along separation plane faces: 184 196 
Rank 1: Done splitting node 101 into nodes 101 and 235
Rank 1: Split edge 250 into edges 250 and 535
Rank 1: Splitting node 102 along separation plane faces: 185 327 
Rank 1: Done splitting node 102 into nodes 102 and 236
Rank 1: Split edge 253 into edges 253 and 536
Rank 1: Split edge 444 into edges 444 and 537
Rank 1: Split face 327 into faces 327 and 389
Rank 1: Created new FaceElement 8 when creating face 389 from 327
Rank 1: Splitting node 103 along separation plane faces: 45 196 
Rank 1: Done splitting node 103 into nodes 103 and 237
Rank 1: Split edge 256 into edges 256 and 538
Rank 1: Splitting node 104 along separation plane faces: 184 196 
Rank 1: Done splitting node 104 into nodes 104 and 238
Rank 1: Splitting node 105 along separation plane faces: 185 327 
Rank 1: Done splitting node 105 into nodes 105 and 239
Rank 1: Split edge 447 into edges 447 and 539
***** before sync *****
***** rank 0
 color 1, rank 0, face 10/10: ( 0, 0, 13/26 ) ( 0, 0, 63/116 )
 color 1, rank 0, face 251/257: ( 0, 0, 67/146 ) ( 0, 0, 71/67 )
***** rank 1
 color 1, rank 1, face 6/10: ( 0, 0, 13/116 ) ( 0, 0, 59/26 )
 color 1, rank 1, face 9/257: ( 0, 0, 31/67 ) ( -1, -1, -1/-1 )
***** rank 2
 rank 0 done printing faces
 rank 1 done printing faces
 rank 2 done printing faces
***** after sync *****
 color 1, rank 0, face 10/10: ( 0, 0, 13/26 ) ( 0, 0, 63/116 )
 color 1, rank 0, face 251/257: ( -1, -1, -1/-1 ) ( 0, 0, 71/67 )
 color 1, rank 1, face 6/10: ( 0, 0, 13/116 ) ( 0, 0, 59/26 )
 color 1, rank 1, face 9/257: ( 0, 0, 31/67 ) ( -1, -1, -1/-1 )
Rank 0: Splitting node 16 along separation plane faces: 10 251 
Rank 0: Done splitting node 16 into nodes 16 and 202
Rank 0: Split edge 9 into edges 9 and 463
Rank 0: Split edge 60 into edges 60 and 464
Rank 0: Split face 10 into faces 10 and 343
Rank 0: Created new FaceElement 3 when creating face 343 from 10
Rank 0: Splitting node 20 along separation plane faces: 10 251 
Rank 0: Done splitting node 20 into nodes 20 and 203
Rank 0: Split edge 18 into edges 18 and 465
***** before sync *****
***** rank 0
 color 2, rank 0, face 10/10: ( 0, 0, 13/26 ) ( -1, -1, -1/-1 )
 color 2, rank 0, face 251/257: ( -1, -1, -1/-1 ) ( 0, 0, 71/67 )
***** rank 1
 color 2, rank 1, face 6/10: ( 0, 0, 13/116 ) ( 0, 0, 59/26 )
 color 2, rank 1, face 9/257: ( 0, 0, 31/67 ) ( -1, -1, -1/-1 )
***** rank 2
 rank 0 done printing faces
 rank 1 done printing faces
 rank 2 done printing faces
***** after sync *****
 color 2, rank 0, face 10/10: ( 0, 0, 13/26 ) ( -1, -1, -1/-1 )
 color 2, rank 0, face 251/257: ( -1, -1, -1/-1 ) ( 0, 0, 71/67 )
 color 2, rank 1, face 6/10: ( -1, -1, -1/-1 ) ( 0, 0, 59/26 )
 color 2, rank 1, face 9/257: ( 0, 0, 31/67 ) ( -1, -1, -1/-1 )
  Number of element for each fracture state: stick:           10 | new slip:            0 | slip:             0 | open:             0
    Attempt:  0, ConfigurationIter:  0, NewtonIter:  0
        ( Rsolid ) = ( 2.44e-01 )        ( Rstick Rslip Ropen ) = (    0.000000e+00    0.000000e+00    0.000000e+00 )        ( R ) = ( 2.44e-01 )
        Last LinSolve(iter,res) = (   1, 1.67e-16 )
        lagrangiancontact: Global solution scaling factor = 1
    Attempt:  0, ConfigurationIter:  0, NewtonIter:  1
        ( Rsolid ) = ( 8.60e-16 )        ( Rstick Rslip Ropen ) = (    6.779863e-20    0.000000e+00    0.000000e+00 )        ( R ) = ( 8.60e-16 )
---------- Configuration did not converge. Testing new configuration. ----------
  Number of element for each fracture state: stick:            0 | new slip:           10 | slip:             0 | open:             0
    Attempt:  0, ConfigurationIter:  1, NewtonIter:  0
        ( Rsolid ) = ( 8.34e-16 )        ( Rstick Rslip Ropen ) = (    0.000000e+00    3.162274e+00    0.000000e+00 )        ( R ) = ( 3.16e+00 )
        Last LinSolve(iter,res) = (   1, 7.59e-15 )
        lagrangiancontact: Global solution scaling factor = 1
    Attempt:  0, ConfigurationIter:  1, NewtonIter:  1
        ( Rsolid ) = ( 1.70e-15 )        ( Rstick Rslip Ropen ) = (    0.000000e+00    2.883342e-10    0.000000e+00 )        ( R ) = ( 2.88e-10 )
lagrangiancontact: number of iterations = 1 is less than 4, next time step = 2 (increase)
lagrangiancontact: next time step based on number of iterations = 2
lagrangiancontact: next time step based on state change = 1.7976931348623157e+308
lagrangiancontact: time-step required will be increased based on number of iterations.

##  - Cycle        : 0                                                                            ##
##  - N substeps   : 1                                                                            ##
##  - substep dts  : 1 s                                                                          ##
####################################################################################################
##                                        End of TIMESTEP                                         ##
####################################################################################################

Rank 0: Writing out restart file at ./ContactMechanics_SingleFracCompression_smoke_restart_000000000/rank_0000000.hdf5
Rank 2: Writing out restart file at ./ContactMechanics_SingleFracCompression_smoke_restart_000000000/rank_0000002.hdf5
Rank 1: Writing out restart file at ./ContactMechanics_SingleFracCompression_smoke_restart_000000000/rank_0000001.hdf5
Cleaning up events
lagrangiancontact, number of time steps: 1
lagrangiancontact, number of successful outer loop iterations: 1
lagrangiancontact, number of successful nonlinear iterations: 2
lagrangiancontact, number of successful linear iterations: 2
lagrangiancontact, number of time step cuts: 0
lagrangiancontact, number of discarded outer loop iterations: 0
lagrangiancontact, number of discarded nonlinear iterations: 0
lagrangiancontact, number of discarded linear iterations: 0
lagrangiancontact: apply solution time = 0.387277323 s (min), 0.447088789 s (max)
lagrangiancontact: assemble time = 0.570719164 s (min), 0.937102766 s (max)
lagrangiancontact: convergence check time = 1.077635693 s (min), 1.402889761 s (max)
lagrangiancontact: linear solver create time = 1.592960793 s (min), 1.598327061 s (max)
lagrangiancontact: linear solver setup time = 1.339411783 s (min), 1.515294858 s (max)
lagrangiancontact: linear solver solve time = 1.262057739 s (min), 1.390998178 s (max)
lagrangiancontact: linear solver total time = 4.528180408 s (min), 4.656662338 s (max)
lagrangiancontact: update state time = 0.001822883 s (min), 0.004867082 s (max)
Rank 0: Writing out restart file at ./ContactMechanics_SingleFracCompression_smoke_restart_000000001/rank_0000000.hdf5
Rank 1: Writing out restart file at ./ContactMechanics_SingleFracCompression_smoke_restart_000000001/rank_0000001.hdf5
Rank 2: Writing out restart file at ./ContactMechanics_SingleFracCompression_smoke_restart_000000001/rank_0000002.hdf5

---------------------------------------------------------------------------------------------------------------
|     Umpire Memory Pool      |  Min over ranks   |  Max over ranks   |  Avg over ranks   |  Sum over ranks   |
|  (reserved / % over total)  |                   |                   |                   |                   |
|-----------------------------|-------------------|-------------------|-------------------|-------------------|
|                       HOST  |  1.1 MB   (0.0%)  |  2.3 MB   (0.0%)  |  1.6 MB   (0.0%)  |  4.8 MB   (0.0%)  |
---------------------------------------------------------------------------------------------------------------

Finished at 2025-06-14 05:05:16.287268542
total time            00h00m18s (18.671628854 s)
initialization time   00h00m03s (3.753044509 s)
run time              00h00m14s (14.768345988 s)
